[2021-09-17T10:32:42.352+0600][0.025s] Heap region size: 1M
[2021-09-17T10:32:42.362+0600][0.034s] Using G1
[2021-09-17T10:32:42.362+0600][0.034s] Heap address: 0x00000000a0000000, size: 1536 MB, Compressed Oops mode: 32-bit
[2021-09-17T10:32:42.362+0600][0.035s] Mark closed archive regions in map: [0x00000000fff00000, 0x00000000fff6aff8]
[2021-09-17T10:32:42.362+0600][0.035s] Mark open archive regions in map: [0x00000000ffe00000, 0x00000000ffe46ff8]
[2021-09-17T10:32:42.701+0600][0.373s] GC(0) Pause Young (Normal) (G1 Evacuation Pause)
[2021-09-17T10:32:42.701+0600][0.374s] GC(0) Using 6 workers of 6 for evacuation
[2021-09-17T10:32:42.709+0600][0.381s] GC(0)   Pre Evacuate Collection Set: 0.0ms
[2021-09-17T10:32:42.709+0600][0.381s] GC(0)   Evacuate Collection Set: 6.5ms
[2021-09-17T10:32:42.709+0600][0.381s] GC(0)   Post Evacuate Collection Set: 0.8ms
[2021-09-17T10:32:42.709+0600][0.381s] GC(0)   Other: 0.7ms
[2021-09-17T10:32:42.709+0600][0.381s] GC(0) Eden regions: 27->0(304)
[2021-09-17T10:32:42.709+0600][0.381s] GC(0) Survivor regions: 0->3(4)
[2021-09-17T10:32:42.709+0600][0.381s] GC(0) Old regions: 2->2
[2021-09-17T10:32:42.709+0600][0.381s] GC(0) Humongous regions: 0->0
[2021-09-17T10:32:42.709+0600][0.381s] GC(0) Metaspace: 5672K->5672K(1056768K)
[2021-09-17T10:32:42.709+0600][0.381s] GC(0) Pause Young (Normal) (G1 Evacuation Pause) 27M->2M(514M) 8.056ms
[2021-09-17T10:32:42.709+0600][0.381s] GC(0) User=0.04s Sys=0.00s Real=0.01s
[2021-09-17T10:32:43.558+0600][1.230s] GC(1) Pause Young (Concurrent Start) (Metadata GC Threshold)
[2021-09-17T10:32:43.558+0600][1.230s] GC(1) Using 6 workers of 6 for evacuation
[2021-09-17T10:32:43.569+0600][1.242s] GC(1)   Pre Evacuate Collection Set: 0.0ms
[2021-09-17T10:32:43.569+0600][1.242s] GC(1)   Evacuate Collection Set: 10.6ms
[2021-09-17T10:32:43.569+0600][1.242s] GC(1)   Post Evacuate Collection Set: 0.8ms
[2021-09-17T10:32:43.569+0600][1.242s] GC(1)   Other: 0.2ms
[2021-09-17T10:32:43.569+0600][1.242s] GC(1) Eden regions: 108->0(77)
[2021-09-17T10:32:43.569+0600][1.242s] GC(1) Survivor regions: 3->19(39)
[2021-09-17T10:32:43.569+0600][1.242s] GC(1) Old regions: 2->2
[2021-09-17T10:32:43.569+0600][1.242s] GC(1) Humongous regions: 4->4
[2021-09-17T10:32:43.569+0600][1.242s] GC(1) Metaspace: 20485K->20485K(1069056K)
[2021-09-17T10:32:43.569+0600][1.242s] GC(1) Pause Young (Concurrent Start) (Metadata GC Threshold) 114M->23M(514M) 11.639ms
[2021-09-17T10:32:43.569+0600][1.242s] GC(1) User=0.04s Sys=0.01s Real=0.01s
[2021-09-17T10:32:43.569+0600][1.242s] GC(2) Concurrent Cycle
[2021-09-17T10:32:43.569+0600][1.242s] GC(2) Concurrent Clear Claimed Marks
[2021-09-17T10:32:43.569+0600][1.242s] GC(2) Concurrent Clear Claimed Marks 0.035ms
[2021-09-17T10:32:43.569+0600][1.242s] GC(2) Concurrent Scan Root Regions
[2021-09-17T10:32:43.573+0600][1.245s] GC(2) Concurrent Scan Root Regions 3.399ms
[2021-09-17T10:32:43.573+0600][1.245s] GC(2) Concurrent Mark (1.245s)
[2021-09-17T10:32:43.573+0600][1.245s] GC(2) Concurrent Mark From Roots
[2021-09-17T10:32:43.573+0600][1.245s] GC(2) Using 2 workers of 2 for marking
[2021-09-17T10:32:43.574+0600][1.247s] GC(2) Concurrent Mark From Roots 1.419ms
[2021-09-17T10:32:43.574+0600][1.247s] GC(2) Concurrent Preclean
[2021-09-17T10:32:43.574+0600][1.247s] GC(2) Concurrent Preclean 0.059ms
[2021-09-17T10:32:43.574+0600][1.247s] GC(2) Concurrent Mark (1.245s, 1.247s) 1.502ms
[2021-09-17T10:32:43.574+0600][1.247s] GC(2) Pause Remark
[2021-09-17T10:32:43.577+0600][1.249s] GC(2) Cleaned string and symbol table, strings: 8694 processed, 0 removed, symbols: 61887 processed, 27 removed
[2021-09-17T10:32:43.577+0600][1.250s] GC(2) Pause Remark 23M->23M(514M) 2.901ms
[2021-09-17T10:32:43.577+0600][1.250s] GC(2) User=0.02s Sys=0.00s Real=0.00s
[2021-09-17T10:32:43.577+0600][1.250s] GC(2) Concurrent Rebuild Remembered Sets
[2021-09-17T10:32:43.579+0600][1.251s] GC(2) Concurrent Rebuild Remembered Sets 1.405ms
[2021-09-17T10:32:43.579+0600][1.251s] GC(2) Pause Cleanup
[2021-09-17T10:32:43.579+0600][1.251s] GC(2) Pause Cleanup 23M->23M(514M) 0.109ms
[2021-09-17T10:32:43.579+0600][1.251s] GC(2) User=0.00s Sys=0.00s Real=0.00s
[2021-09-17T10:32:43.579+0600][1.251s] GC(2) Concurrent Cleanup for Next Mark
[2021-09-17T10:32:43.579+0600][1.252s] GC(2) Concurrent Cleanup for Next Mark 0.289ms
[2021-09-17T10:32:43.579+0600][1.252s] GC(2) Concurrent Cycle 9.974ms
[2021-09-17T10:32:44.183+0600][1.856s] GC(3) Pause Young (Normal) (G1 Evacuation Pause)
[2021-09-17T10:32:44.183+0600][1.856s] GC(3) Using 6 workers of 6 for evacuation
[2021-09-17T10:32:44.204+0600][1.876s] GC(3)   Pre Evacuate Collection Set: 0.0ms
[2021-09-17T10:32:44.204+0600][1.876s] GC(3)   Evacuate Collection Set: 13.7ms
[2021-09-17T10:32:44.204+0600][1.876s] GC(3)   Post Evacuate Collection Set: 6.7ms
[2021-09-17T10:32:44.204+0600][1.876s] GC(3)   Other: 0.1ms
[2021-09-17T10:32:44.204+0600][1.876s] GC(3) Eden regions: 72->0(129)
[2021-09-17T10:32:44.204+0600][1.876s] GC(3) Survivor regions: 19->5(12)
[2021-09-17T10:32:44.204+0600][1.876s] GC(3) Old regions: 2->20
[2021-09-17T10:32:44.204+0600][1.876s] GC(3) Humongous regions: 4->4
[2021-09-17T10:32:44.204+0600][1.876s] GC(3) Metaspace: 30085K->30085K(1077248K)
[2021-09-17T10:32:44.204+0600][1.876s] GC(3) Pause Young (Normal) (G1 Evacuation Pause) 95M->27M(514M) 20.560ms
[2021-09-17T10:32:44.204+0600][1.876s] GC(3) User=0.11s Sys=0.00s Real=0.02s
[2021-09-17T10:32:44.479+0600][2.151s] GC(4) Pause Young (Concurrent Start) (Metadata GC Threshold)
[2021-09-17T10:32:44.479+0600][2.151s] GC(4) Using 6 workers of 6 for evacuation
[2021-09-17T10:32:44.496+0600][2.168s] GC(4)   Pre Evacuate Collection Set: 0.1ms
[2021-09-17T10:32:44.496+0600][2.168s] GC(4)   Evacuate Collection Set: 7.5ms
[2021-09-17T10:32:44.496+0600][2.168s] GC(4)   Post Evacuate Collection Set: 9.0ms
[2021-09-17T10:32:44.496+0600][2.168s] GC(4)   Other: 0.2ms
[2021-09-17T10:32:44.496+0600][2.168s] GC(4) Eden regions: 54->0(182)
[2021-09-17T10:32:44.496+0600][2.168s] GC(4) Survivor regions: 5->7(17)
[2021-09-17T10:32:44.496+0600][2.168s] GC(4) Old regions: 20->20
[2021-09-17T10:32:44.496+0600][2.168s] GC(4) Humongous regions: 5->4
[2021-09-17T10:32:44.496+0600][2.168s] GC(4) Metaspace: 34828K->34828K(1081344K)
[2021-09-17T10:32:44.496+0600][2.168s] GC(4) Pause Young (Concurrent Start) (Metadata GC Threshold) 82M->29M(514M) 16.902ms
[2021-09-17T10:32:44.496+0600][2.168s] GC(4) User=0.07s Sys=0.00s Real=0.02s
[2021-09-17T10:32:44.496+0600][2.168s] GC(5) Concurrent Cycle
[2021-09-17T10:32:44.496+0600][2.168s] GC(5) Concurrent Clear Claimed Marks
[2021-09-17T10:32:44.496+0600][2.168s] GC(5) Concurrent Clear Claimed Marks 0.070ms
[2021-09-17T10:32:44.496+0600][2.169s] GC(5) Concurrent Scan Root Regions
[2021-09-17T10:32:44.498+0600][2.170s] GC(5) Concurrent Scan Root Regions 1.790ms
[2021-09-17T10:32:44.498+0600][2.170s] GC(5) Concurrent Mark (2.170s)
[2021-09-17T10:32:44.498+0600][2.170s] GC(5) Concurrent Mark From Roots
[2021-09-17T10:32:44.498+0600][2.170s] GC(5) Using 2 workers of 2 for marking
[2021-09-17T10:32:44.519+0600][2.192s] GC(5) Concurrent Mark From Roots 21.336ms
[2021-09-17T10:32:44.519+0600][2.192s] GC(5) Concurrent Preclean
[2021-09-17T10:32:44.519+0600][2.192s] GC(5) Concurrent Preclean 0.095ms
[2021-09-17T10:32:44.519+0600][2.192s] GC(5) Concurrent Mark (2.170s, 2.192s) 21.478ms
[2021-09-17T10:32:44.522+0600][2.194s] GC(5) Pause Remark
[2021-09-17T10:32:44.527+0600][2.199s] GC(5) Cleaned string and symbol table, strings: 15085 processed, 26 removed, symbols: 105300 processed, 116 removed
[2021-09-17T10:32:44.527+0600][2.199s] GC(5) Pause Remark 39M->39M(514M) 5.004ms
[2021-09-17T10:32:44.527+0600][2.199s] GC(5) User=0.01s Sys=0.01s Real=0.01s
[2021-09-17T10:32:44.527+0600][2.199s] GC(5) Concurrent Rebuild Remembered Sets
[2021-09-17T10:32:44.533+0600][2.205s] GC(5) Concurrent Rebuild Remembered Sets 5.912ms
[2021-09-17T10:32:44.535+0600][2.208s] GC(5) Pause Cleanup
[2021-09-17T10:32:44.535+0600][2.208s] GC(5) Pause Cleanup 44M->44M(514M) 0.117ms
[2021-09-17T10:32:44.535+0600][2.208s] GC(5) User=0.00s Sys=0.00s Real=0.00s
[2021-09-17T10:32:44.535+0600][2.208s] GC(5) Concurrent Cleanup for Next Mark
[2021-09-17T10:32:44.536+0600][2.208s] GC(5) Concurrent Cleanup for Next Mark 0.458ms
[2021-09-17T10:32:44.536+0600][2.208s] GC(5) Concurrent Cycle 39.831ms
[2021-09-17T10:32:45.221+0600][2.894s] GC(6) Pause Young (Normal) (G1 Evacuation Pause)
[2021-09-17T10:32:45.221+0600][2.894s] GC(6) Using 6 workers of 6 for evacuation
[2021-09-17T10:32:45.233+0600][2.905s] GC(6)   Pre Evacuate Collection Set: 0.0ms
[2021-09-17T10:32:45.233+0600][2.905s] GC(6)   Evacuate Collection Set: 10.2ms
[2021-09-17T10:32:45.233+0600][2.905s] GC(6)   Post Evacuate Collection Set: 0.9ms
[2021-09-17T10:32:45.233+0600][2.905s] GC(6)   Other: 0.1ms
[2021-09-17T10:32:45.233+0600][2.905s] GC(6) Eden regions: 182->0(218)
[2021-09-17T10:32:45.233+0600][2.905s] GC(6) Survivor regions: 7->13(24)
[2021-09-17T10:32:45.233+0600][2.905s] GC(6) Old regions: 20->20
[2021-09-17T10:32:45.233+0600][2.905s] GC(6) Humongous regions: 4->4
[2021-09-17T10:32:45.233+0600][2.905s] GC(6) Metaspace: 41751K->41751K(1087488K)
[2021-09-17T10:32:45.233+0600][2.905s] GC(6) Pause Young (Normal) (G1 Evacuation Pause) 211M->35M(514M) 11.337ms
[2021-09-17T10:32:45.233+0600][2.905s] GC(6) User=0.05s Sys=0.00s Real=0.02s
[2021-09-17T10:33:33.118+0600][50.791s] GC(7) Pause Young (Normal) (G1 Evacuation Pause)
[2021-09-17T10:33:33.118+0600][50.791s] GC(7) Using 6 workers of 6 for evacuation
[2021-09-17T10:33:33.128+0600][50.800s] GC(7)   Pre Evacuate Collection Set: 0.0ms
[2021-09-17T10:33:33.128+0600][50.800s] GC(7)   Evacuate Collection Set: 8.1ms
[2021-09-17T10:33:33.128+0600][50.800s] GC(7)   Post Evacuate Collection Set: 1.0ms
[2021-09-17T10:33:33.128+0600][50.800s] GC(7)   Other: 0.1ms
[2021-09-17T10:33:33.128+0600][50.800s] GC(7) Eden regions: 218->0(280)
[2021-09-17T10:33:33.128+0600][50.800s] GC(7) Survivor regions: 13->22(29)
[2021-09-17T10:33:33.128+0600][50.800s] GC(7) Old regions: 20->20
[2021-09-17T10:33:33.128+0600][50.800s] GC(7) Humongous regions: 7->7
[2021-09-17T10:33:33.128+0600][50.800s] GC(7) Metaspace: 51506K->51506K(1095680K)
[2021-09-17T10:33:33.128+0600][50.800s] GC(7) Pause Young (Normal) (G1 Evacuation Pause) 256M->47M(514M) 9.317ms
[2021-09-17T10:33:33.128+0600][50.800s] GC(7) User=0.03s Sys=0.02s Real=0.01s
[2021-09-17T10:33:33.492+0600][51.165s] GC(8) Pause Young (Normal) (G1 Evacuation Pause)
[2021-09-17T10:33:33.492+0600][51.165s] GC(8) Using 6 workers of 6 for evacuation
[2021-09-17T10:33:33.502+0600][51.175s] GC(8)   Pre Evacuate Collection Set: 0.0ms
[2021-09-17T10:33:33.502+0600][51.175s] GC(8)   Evacuate Collection Set: 8.7ms
[2021-09-17T10:33:33.502+0600][51.175s] GC(8)   Post Evacuate Collection Set: 1.1ms
[2021-09-17T10:33:33.502+0600][51.175s] GC(8)   Other: 0.2ms
[2021-09-17T10:33:33.502+0600][51.175s] GC(8) Eden regions: 280->0(285)
[2021-09-17T10:33:33.502+0600][51.175s] GC(8) Survivor regions: 22->22(38)
[2021-09-17T10:33:33.502+0600][51.175s] GC(8) Old regions: 20->24
[2021-09-17T10:33:33.502+0600][51.175s] GC(8) Humongous regions: 7->7
[2021-09-17T10:33:33.502+0600][51.175s] GC(8) Metaspace: 52497K->52497K(1097728K)
[2021-09-17T10:33:33.502+0600][51.175s] GC(8) Pause Young (Normal) (G1 Evacuation Pause) 327M->51M(514M) 10.059ms
[2021-09-17T10:33:33.502+0600][51.175s] GC(8) User=0.04s Sys=0.01s Real=0.00s
[2021-09-17T10:33:33.732+0600][51.405s] GC(9) Pause Young (Normal) (G1 Evacuation Pause)
[2021-09-17T10:33:33.732+0600][51.405s] GC(9) Using 6 workers of 6 for evacuation
[2021-09-17T10:33:33.747+0600][51.419s] GC(9)   Pre Evacuate Collection Set: 0.0ms
[2021-09-17T10:33:33.747+0600][51.419s] GC(9)   Evacuate Collection Set: 13.3ms
[2021-09-17T10:33:33.747+0600][51.419s] GC(9)   Post Evacuate Collection Set: 1.0ms
[2021-09-17T10:33:33.747+0600][51.419s] GC(9)   Other: 0.2ms
[2021-09-17T10:33:33.747+0600][51.419s] GC(9) Eden regions: 285->0(287)
[2021-09-17T10:33:33.747+0600][51.419s] GC(9) Survivor regions: 22->20(39)
[2021-09-17T10:33:33.747+0600][51.419s] GC(9) Old regions: 24->27
[2021-09-17T10:33:33.747+0600][51.419s] GC(9) Humongous regions: 7->7
[2021-09-17T10:33:33.747+0600][51.419s] GC(9) Metaspace: 53122K->53122K(1097728K)
[2021-09-17T10:33:33.747+0600][51.419s] GC(9) Pause Young (Normal) (G1 Evacuation Pause) 336M->51M(514M) 14.589ms
[2021-09-17T10:33:33.747+0600][51.419s] GC(9) User=0.07s Sys=0.00s Real=0.01s
[2021-09-17T10:33:33.974+0600][51.646s] GC(10) Pause Young (Normal) (G1 Evacuation Pause)
[2021-09-17T10:33:33.974+0600][51.646s] GC(10) Using 6 workers of 6 for evacuation
[2021-09-17T10:33:33.981+0600][51.653s] GC(10)   Pre Evacuate Collection Set: 0.0ms
[2021-09-17T10:33:33.981+0600][51.653s] GC(10)   Evacuate Collection Set: 6.1ms
[2021-09-17T10:33:33.981+0600][51.653s] GC(10)   Post Evacuate Collection Set: 1.1ms
[2021-09-17T10:33:33.981+0600][51.653s] GC(10)   Other: 0.2ms
[2021-09-17T10:33:33.981+0600][51.653s] GC(10) Eden regions: 287->0(287)
[2021-09-17T10:33:33.981+0600][51.653s] GC(10) Survivor regions: 20->20(39)
[2021-09-17T10:33:33.981+0600][51.653s] GC(10) Old regions: 27->27
[2021-09-17T10:33:33.981+0600][51.653s] GC(10) Humongous regions: 7->7
[2021-09-17T10:33:33.981+0600][51.653s] GC(10) Metaspace: 53340K->53340K(1097728K)
[2021-09-17T10:33:33.981+0600][51.653s] GC(10) Pause Young (Normal) (G1 Evacuation Pause) 338M->51M(514M) 7.489ms
[2021-09-17T10:33:33.981+0600][51.653s] GC(10) User=0.03s Sys=0.00s Real=0.00s
[2021-09-17T10:33:34.172+0600][51.845s] GC(11) Pause Young (Normal) (G1 Evacuation Pause)
[2021-09-17T10:33:34.172+0600][51.845s] GC(11) Using 6 workers of 6 for evacuation
[2021-09-17T10:33:34.187+0600][51.859s] GC(11)   Pre Evacuate Collection Set: 0.0ms
[2021-09-17T10:33:34.187+0600][51.859s] GC(11)   Evacuate Collection Set: 12.1ms
[2021-09-17T10:33:34.187+0600][51.859s] GC(11)   Post Evacuate Collection Set: 2.1ms
[2021-09-17T10:33:34.187+0600][51.859s] GC(11)   Other: 0.2ms
[2021-09-17T10:33:34.187+0600][51.859s] GC(11) Eden regions: 287->0(286)
[2021-09-17T10:33:34.187+0600][51.859s] GC(11) Survivor regions: 20->21(39)
[2021-09-17T10:33:34.187+0600][51.859s] GC(11) Old regions: 27->27
[2021-09-17T10:33:34.187+0600][51.859s] GC(11) Humongous regions: 7->7
[2021-09-17T10:33:34.187+0600][51.859s] GC(11) Metaspace: 53698K->53698K(1097728K)
[2021-09-17T10:33:34.187+0600][51.859s] GC(11) Pause Young (Normal) (G1 Evacuation Pause) 338M->53M(514M) 14.453ms
[2021-09-17T10:33:34.187+0600][51.859s] GC(11) User=0.08s Sys=0.00s Real=0.01s
[2021-09-17T10:33:34.445+0600][52.118s] GC(12) Pause Young (Normal) (G1 Evacuation Pause)
[2021-09-17T10:33:34.445+0600][52.118s] GC(12) Using 6 workers of 6 for evacuation
[2021-09-17T10:33:34.460+0600][52.132s] GC(12)   Pre Evacuate Collection Set: 0.0ms
[2021-09-17T10:33:34.460+0600][52.132s] GC(12)   Evacuate Collection Set: 10.2ms
[2021-09-17T10:33:34.460+0600][52.132s] GC(12)   Post Evacuate Collection Set: 4.2ms
[2021-09-17T10:33:34.460+0600][52.132s] GC(12)   Other: 0.2ms
[2021-09-17T10:33:34.460+0600][52.132s] GC(12) Eden regions: 286->0(288)
[2021-09-17T10:33:34.460+0600][52.132s] GC(12) Survivor regions: 21->19(39)
[2021-09-17T10:33:34.460+0600][52.132s] GC(12) Old regions: 27->27
[2021-09-17T10:33:34.460+0600][52.132s] GC(12) Humongous regions: 7->7
[2021-09-17T10:33:34.460+0600][52.132s] GC(12) Metaspace: 54197K->54197K(1097728K)
[2021-09-17T10:33:34.460+0600][52.132s] GC(12) Pause Young (Normal) (G1 Evacuation Pause) 339M->50M(514M) 14.649ms
[2021-09-17T10:33:34.460+0600][52.132s] GC(12) User=0.06s Sys=0.00s Real=0.01s
[2021-09-17T10:33:34.672+0600][52.345s] GC(13) Pause Young (Normal) (G1 Evacuation Pause)
[2021-09-17T10:33:34.672+0600][52.345s] GC(13) Using 6 workers of 6 for evacuation
[2021-09-17T10:33:34.680+0600][52.352s] GC(13)   Pre Evacuate Collection Set: 0.0ms
[2021-09-17T10:33:34.680+0600][52.352s] GC(13)   Evacuate Collection Set: 6.3ms
[2021-09-17T10:33:34.680+0600][52.352s] GC(13)   Post Evacuate Collection Set: 1.0ms
[2021-09-17T10:33:34.680+0600][52.352s] GC(13)   Other: 0.1ms
[2021-09-17T10:33:34.680+0600][52.352s] GC(13) Eden regions: 288->0(287)
[2021-09-17T10:33:34.680+0600][52.352s] GC(13) Survivor regions: 19->20(39)
[2021-09-17T10:33:34.680+0600][52.352s] GC(13) Old regions: 27->27
[2021-09-17T10:33:34.680+0600][52.352s] GC(13) Humongous regions: 7->7
[2021-09-17T10:33:34.680+0600][52.352s] GC(13) Metaspace: 54649K->54649K(1099776K)
[2021-09-17T10:33:34.680+0600][52.352s] GC(13) Pause Young (Normal) (G1 Evacuation Pause) 338M->51M(514M) 7.458ms
[2021-09-17T10:33:34.680+0600][52.352s] GC(13) User=0.04s Sys=0.00s Real=0.00s
[2021-09-17T10:33:34.891+0600][52.564s] GC(14) Pause Young (Normal) (G1 Evacuation Pause)
[2021-09-17T10:33:34.891+0600][52.564s] GC(14) Using 6 workers of 6 for evacuation
[2021-09-17T10:33:34.900+0600][52.572s] GC(14)   Pre Evacuate Collection Set: 0.0ms
[2021-09-17T10:33:34.900+0600][52.572s] GC(14)   Evacuate Collection Set: 5.6ms
[2021-09-17T10:33:34.900+0600][52.572s] GC(14)   Post Evacuate Collection Set: 2.7ms
[2021-09-17T10:33:34.900+0600][52.572s] GC(14)   Other: 0.2ms
[2021-09-17T10:33:34.900+0600][52.572s] GC(14) Eden regions: 287->0(289)
[2021-09-17T10:33:34.900+0600][52.572s] GC(14) Survivor regions: 20->18(39)
[2021-09-17T10:33:34.900+0600][52.572s] GC(14) Old regions: 27->27
[2021-09-17T10:33:34.900+0600][52.572s] GC(14) Humongous regions: 7->7
[2021-09-17T10:33:34.900+0600][52.572s] GC(14) Metaspace: 55011K->55011K(1099776K)
[2021-09-17T10:33:34.900+0600][52.572s] GC(14) Pause Young (Normal) (G1 Evacuation Pause) 338M->49M(514M) 8.481ms
[2021-09-17T10:33:34.900+0600][52.572s] GC(14) User=0.04s Sys=0.00s Real=0.01s
[2021-09-17T10:33:35.073+0600][52.745s] GC(15) Pause Young (Normal) (G1 Evacuation Pause)
[2021-09-17T10:33:35.073+0600][52.745s] GC(15) Using 6 workers of 6 for evacuation
[2021-09-17T10:33:35.081+0600][52.753s] GC(15)   Pre Evacuate Collection Set: 0.0ms
[2021-09-17T10:33:35.081+0600][52.753s] GC(15)   Evacuate Collection Set: 7.1ms
[2021-09-17T10:33:35.081+0600][52.753s] GC(15)   Post Evacuate Collection Set: 1.1ms
[2021-09-17T10:33:35.081+0600][52.753s] GC(15)   Other: 0.2ms
[2021-09-17T10:33:35.081+0600][52.753s] GC(15) Eden regions: 289->0(288)
[2021-09-17T10:33:35.081+0600][52.753s] GC(15) Survivor regions: 18->19(39)
[2021-09-17T10:33:35.081+0600][52.753s] GC(15) Old regions: 27->27
[2021-09-17T10:33:35.081+0600][52.753s] GC(15) Humongous regions: 7->7
[2021-09-17T10:33:35.081+0600][52.753s] GC(15) Metaspace: 55162K->55162K(1099776K)
[2021-09-17T10:33:35.081+0600][52.753s] GC(15) Pause Young (Normal) (G1 Evacuation Pause) 338M->50M(514M) 8.414ms
[2021-09-17T10:33:35.081+0600][52.753s] GC(15) User=0.04s Sys=0.01s Real=0.00s
[2021-09-17T10:33:35.265+0600][52.938s] GC(16) Pause Young (Normal) (G1 Evacuation Pause)
[2021-09-17T10:33:35.265+0600][52.938s] GC(16) Using 6 workers of 6 for evacuation
[2021-09-17T10:33:35.280+0600][52.953s] GC(16)   Pre Evacuate Collection Set: 0.0ms
[2021-09-17T10:33:35.280+0600][52.953s] GC(16)   Evacuate Collection Set: 11.9ms
[2021-09-17T10:33:35.280+0600][52.953s] GC(16)   Post Evacuate Collection Set: 3.2ms
[2021-09-17T10:33:35.281+0600][52.953s] GC(16)   Other: 0.2ms
[2021-09-17T10:33:35.281+0600][52.953s] GC(16) Eden regions: 288->0(286)
[2021-09-17T10:33:35.281+0600][52.953s] GC(16) Survivor regions: 19->21(39)
[2021-09-17T10:33:35.281+0600][52.953s] GC(16) Old regions: 27->27
[2021-09-17T10:33:35.281+0600][52.953s] GC(16) Humongous regions: 7->7
[2021-09-17T10:33:35.281+0600][52.953s] GC(16) Metaspace: 55434K->55434K(1099776K)
[2021-09-17T10:33:35.281+0600][52.953s] GC(16) Pause Young (Normal) (G1 Evacuation Pause) 338M->52M(514M) 15.321ms
[2021-09-17T10:33:35.281+0600][52.953s] GC(16) User=0.07s Sys=0.00s Real=0.01s
[2021-09-17T10:33:35.449+0600][53.121s] GC(17) Pause Young (Normal) (G1 Evacuation Pause)
[2021-09-17T10:33:35.449+0600][53.121s] GC(17) Using 6 workers of 6 for evacuation
[2021-09-17T10:33:35.465+0600][53.138s] GC(17)   Pre Evacuate Collection Set: 0.0ms
[2021-09-17T10:33:35.465+0600][53.138s] GC(17)   Evacuate Collection Set: 9.4ms
[2021-09-17T10:33:35.465+0600][53.138s] GC(17)   Post Evacuate Collection Set: 6.8ms
[2021-09-17T10:33:35.465+0600][53.138s] GC(17)   Other: 0.2ms
[2021-09-17T10:33:35.465+0600][53.138s] GC(17) Eden regions: 286->0(286)
[2021-09-17T10:33:35.465+0600][53.138s] GC(17) Survivor regions: 21->21(39)
[2021-09-17T10:33:35.465+0600][53.138s] GC(17) Old regions: 27->27
[2021-09-17T10:33:35.465+0600][53.138s] GC(17) Humongous regions: 7->7
[2021-09-17T10:33:35.465+0600][53.138s] GC(17) Metaspace: 55572K->55572K(1099776K)
[2021-09-17T10:33:35.466+0600][53.138s] GC(17) Pause Young (Normal) (G1 Evacuation Pause) 338M->52M(514M) 16.443ms
[2021-09-17T10:33:35.466+0600][53.138s] GC(17) User=0.09s Sys=0.00s Real=0.02s
[2021-09-17T10:33:35.645+0600][53.317s] GC(18) Pause Young (Normal) (G1 Evacuation Pause)
[2021-09-17T10:33:35.645+0600][53.317s] GC(18) Using 6 workers of 6 for evacuation
[2021-09-17T10:33:35.658+0600][53.330s] GC(18)   Pre Evacuate Collection Set: 0.0ms
[2021-09-17T10:33:35.658+0600][53.330s] GC(18)   Evacuate Collection Set: 7.5ms
[2021-09-17T10:33:35.658+0600][53.330s] GC(18)   Post Evacuate Collection Set: 5.3ms
[2021-09-17T10:33:35.658+0600][53.330s] GC(18)   Other: 0.2ms
[2021-09-17T10:33:35.658+0600][53.330s] GC(18) Eden regions: 286->0(286)
[2021-09-17T10:33:35.658+0600][53.330s] GC(18) Survivor regions: 21->21(39)
[2021-09-17T10:33:35.658+0600][53.330s] GC(18) Old regions: 27->27
[2021-09-17T10:33:35.658+0600][53.330s] GC(18) Humongous regions: 7->7
[2021-09-17T10:33:35.658+0600][53.330s] GC(18) Metaspace: 55816K->55816K(1099776K)
[2021-09-17T10:33:35.658+0600][53.330s] GC(18) Pause Young (Normal) (G1 Evacuation Pause) 338M->53M(514M) 12.949ms
[2021-09-17T10:33:35.658+0600][53.330s] GC(18) User=0.06s Sys=0.00s Real=0.01s
[2021-09-17T10:33:35.832+0600][53.504s] GC(19) Pause Young (Normal) (G1 Evacuation Pause)
[2021-09-17T10:33:35.832+0600][53.504s] GC(19) Using 6 workers of 6 for evacuation
[2021-09-17T10:33:35.844+0600][53.517s] GC(19)   Pre Evacuate Collection Set: 0.0ms
[2021-09-17T10:33:35.844+0600][53.517s] GC(19)   Evacuate Collection Set: 8.3ms
[2021-09-17T10:33:35.844+0600][53.517s] GC(19)   Post Evacuate Collection Set: 4.2ms
[2021-09-17T10:33:35.844+0600][53.517s] GC(19)   Other: 0.2ms
[2021-09-17T10:33:35.844+0600][53.517s] GC(19) Eden regions: 286->0(286)
[2021-09-17T10:33:35.844+0600][53.517s] GC(19) Survivor regions: 21->21(39)
[2021-09-17T10:33:35.844+0600][53.517s] GC(19) Old regions: 27->27
[2021-09-17T10:33:35.844+0600][53.517s] GC(19) Humongous regions: 7->7
[2021-09-17T10:33:35.844+0600][53.517s] GC(19) Metaspace: 55844K->55844K(1099776K)
[2021-09-17T10:33:35.844+0600][53.517s] GC(19) Pause Young (Normal) (G1 Evacuation Pause) 338M->53M(514M) 12.695ms
[2021-09-17T10:33:35.844+0600][53.517s] GC(19) User=0.05s Sys=0.00s Real=0.02s
[2021-09-17T10:33:35.988+0600][53.660s] GC(20) Pause Young (Normal) (G1 Evacuation Pause)
[2021-09-17T10:33:35.988+0600][53.660s] GC(20) Using 6 workers of 6 for evacuation
[2021-09-17T10:33:35.996+0600][53.669s] GC(20)   Pre Evacuate Collection Set: 0.0ms
[2021-09-17T10:33:35.996+0600][53.669s] GC(20)   Evacuate Collection Set: 6.0ms
[2021-09-17T10:33:35.996+0600][53.669s] GC(20)   Post Evacuate Collection Set: 2.7ms
[2021-09-17T10:33:35.996+0600][53.669s] GC(20)   Other: 0.2ms
[2021-09-17T10:33:35.996+0600][53.669s] GC(20) Eden regions: 286->0(286)
[2021-09-17T10:33:35.996+0600][53.669s] GC(20) Survivor regions: 21->21(39)
[2021-09-17T10:33:35.996+0600][53.669s] GC(20) Old regions: 27->27
[2021-09-17T10:33:35.996+0600][53.669s] GC(20) Humongous regions: 7->7
[2021-09-17T10:33:35.996+0600][53.669s] GC(20) Metaspace: 55958K->55958K(1099776K)
[2021-09-17T10:33:35.996+0600][53.669s] GC(20) Pause Young (Normal) (G1 Evacuation Pause) 339M->52M(514M) 8.935ms
[2021-09-17T10:33:35.997+0600][53.669s] GC(20) User=0.04s Sys=0.00s Real=0.01s
[2021-09-17T10:33:36.146+0600][53.819s] GC(21) Pause Young (Normal) (G1 Evacuation Pause)
[2021-09-17T10:33:36.146+0600][53.819s] GC(21) Using 6 workers of 6 for evacuation
[2021-09-17T10:33:36.158+0600][53.830s] GC(21)   Pre Evacuate Collection Set: 0.0ms
[2021-09-17T10:33:36.158+0600][53.830s] GC(21)   Evacuate Collection Set: 8.2ms
[2021-09-17T10:33:36.158+0600][53.830s] GC(21)   Post Evacuate Collection Set: 3.2ms
[2021-09-17T10:33:36.158+0600][53.830s] GC(21)   Other: 0.1ms
[2021-09-17T10:33:36.158+0600][53.830s] GC(21) Eden regions: 286->0(292)
[2021-09-17T10:33:36.158+0600][53.830s] GC(21) Survivor regions: 21->15(39)
[2021-09-17T10:33:36.158+0600][53.830s] GC(21) Old regions: 27->33
[2021-09-17T10:33:36.158+0600][53.830s] GC(21) Humongous regions: 7->7
[2021-09-17T10:33:36.158+0600][53.830s] GC(21) Metaspace: 56014K->56014K(1099776K)
[2021-09-17T10:33:36.158+0600][53.830s] GC(21) Pause Young (Normal) (G1 Evacuation Pause) 338M->53M(514M) 11.616ms
[2021-09-17T10:33:36.158+0600][53.830s] GC(21) User=0.06s Sys=0.00s Real=0.01s
[2021-09-17T10:33:36.345+0600][54.017s] GC(22) Pause Young (Normal) (G1 Evacuation Pause)
[2021-09-17T10:33:36.345+0600][54.017s] GC(22) Using 6 workers of 6 for evacuation
[2021-09-17T10:33:36.358+0600][54.031s] GC(22)   Pre Evacuate Collection Set: 0.0ms
[2021-09-17T10:33:36.358+0600][54.031s] GC(22)   Evacuate Collection Set: 11.5ms
[2021-09-17T10:33:36.358+0600][54.031s] GC(22)   Post Evacuate Collection Set: 2.1ms
[2021-09-17T10:33:36.358+0600][54.031s] GC(22)   Other: 0.2ms
[2021-09-17T10:33:36.358+0600][54.031s] GC(22) Eden regions: 292->0(326)
[2021-09-17T10:33:36.358+0600][54.031s] GC(22) Survivor regions: 15->7(39)
[2021-09-17T10:33:36.358+0600][54.031s] GC(22) Old regions: 33->40
[2021-09-17T10:33:36.358+0600][54.031s] GC(22) Humongous regions: 7->7
[2021-09-17T10:33:36.358+0600][54.031s] GC(22) Metaspace: 56062K->56062K(1099776K)
[2021-09-17T10:33:36.358+0600][54.031s] GC(22) Pause Young (Normal) (G1 Evacuation Pause) 345M->52M(555M) 13.750ms
[2021-09-17T10:33:36.358+0600][54.031s] GC(22) User=0.06s Sys=0.00s Real=0.01s
[2021-09-17T10:33:36.518+0600][54.190s] GC(23) Pause Young (Normal) (G1 Evacuation Pause)
[2021-09-17T10:33:36.518+0600][54.190s] GC(23) Using 6 workers of 6 for evacuation
[2021-09-17T10:33:36.524+0600][54.196s] GC(23)   Pre Evacuate Collection Set: 0.0ms
[2021-09-17T10:33:36.524+0600][54.196s] GC(23)   Evacuate Collection Set: 4.5ms
[2021-09-17T10:33:36.524+0600][54.196s] GC(23)   Post Evacuate Collection Set: 1.1ms
[2021-09-17T10:33:36.524+0600][54.196s] GC(23)   Other: 0.2ms
[2021-09-17T10:33:36.524+0600][54.196s] GC(23) Eden regions: 326->0(327)
[2021-09-17T10:33:36.524+0600][54.196s] GC(23) Survivor regions: 7->6(42)
[2021-09-17T10:33:36.524+0600][54.196s] GC(23) Old regions: 40->41
[2021-09-17T10:33:36.524+0600][54.196s] GC(23) Humongous regions: 7->7
[2021-09-17T10:33:36.524+0600][54.196s] GC(23) Metaspace: 56113K->56113K(1099776K)
[2021-09-17T10:33:36.524+0600][54.196s] GC(23) Pause Young (Normal) (G1 Evacuation Pause) 378M->52M(555M) 5.831ms
[2021-09-17T10:33:36.524+0600][54.196s] GC(23) User=0.03s Sys=0.00s Real=0.00s
[2021-09-17T10:33:36.688+0600][54.360s] GC(24) Pause Young (Normal) (G1 Evacuation Pause)
[2021-09-17T10:33:36.688+0600][54.360s] GC(24) Using 6 workers of 6 for evacuation
[2021-09-17T10:33:36.693+0600][54.365s] GC(24)   Pre Evacuate Collection Set: 0.0ms
[2021-09-17T10:33:36.693+0600][54.365s] GC(24)   Evacuate Collection Set: 4.1ms
[2021-09-17T10:33:36.693+0600][54.365s] GC(24)   Post Evacuate Collection Set: 1.0ms
[2021-09-17T10:33:36.693+0600][54.365s] GC(24)   Other: 0.2ms
[2021-09-17T10:33:36.693+0600][54.365s] GC(24) Eden regions: 327->0(326)
[2021-09-17T10:33:36.693+0600][54.365s] GC(24) Survivor regions: 6->7(42)
[2021-09-17T10:33:36.693+0600][54.365s] GC(24) Old regions: 41->42
[2021-09-17T10:33:36.693+0600][54.365s] GC(24) Humongous regions: 7->7
[2021-09-17T10:33:36.693+0600][54.365s] GC(24) Metaspace: 56152K->56152K(1099776K)
[2021-09-17T10:33:36.693+0600][54.365s] GC(24) Pause Young (Normal) (G1 Evacuation Pause) 379M->53M(555M) 5.310ms
[2021-09-17T10:33:36.693+0600][54.365s] GC(24) User=0.02s Sys=0.00s Real=0.01s
[2021-09-17T10:33:36.897+0600][54.570s] GC(25) Pause Young (Normal) (G1 Evacuation Pause)
[2021-09-17T10:33:36.897+0600][54.570s] GC(25) Using 6 workers of 6 for evacuation
[2021-09-17T10:33:36.909+0600][54.581s] GC(25)   Pre Evacuate Collection Set: 0.0ms
[2021-09-17T10:33:36.909+0600][54.581s] GC(25)   Evacuate Collection Set: 5.0ms
[2021-09-17T10:33:36.909+0600][54.581s] GC(25)   Post Evacuate Collection Set: 6.6ms
[2021-09-17T10:33:36.909+0600][54.581s] GC(25)   Other: 0.2ms
[2021-09-17T10:33:36.909+0600][54.581s] GC(25) Eden regions: 326->0(326)
[2021-09-17T10:33:36.909+0600][54.581s] GC(25) Survivor regions: 7->7(42)
[2021-09-17T10:33:36.909+0600][54.581s] GC(25) Old regions: 42->42
[2021-09-17T10:33:36.909+0600][54.581s] GC(25) Humongous regions: 7->7
[2021-09-17T10:33:36.909+0600][54.581s] GC(25) Metaspace: 56192K->56192K(1099776K)
[2021-09-17T10:33:36.909+0600][54.581s] GC(25) Pause Young (Normal) (G1 Evacuation Pause) 379M->54M(555M) 11.869ms
[2021-09-17T10:33:36.909+0600][54.582s] GC(25) User=0.06s Sys=0.00s Real=0.01s
[2021-09-17T10:33:37.072+0600][54.744s] GC(26) Pause Young (Normal) (G1 Evacuation Pause)
[2021-09-17T10:33:37.072+0600][54.744s] GC(26) Using 6 workers of 6 for evacuation
[2021-09-17T10:33:37.077+0600][54.750s] GC(26)   Pre Evacuate Collection Set: 0.0ms
[2021-09-17T10:33:37.077+0600][54.750s] GC(26)   Evacuate Collection Set: 3.5ms
[2021-09-17T10:33:37.077+0600][54.750s] GC(26)   Post Evacuate Collection Set: 1.5ms
[2021-09-17T10:33:37.077+0600][54.750s] GC(26)   Other: 0.2ms
[2021-09-17T10:33:37.077+0600][54.750s] GC(26) Eden regions: 326->0(326)
[2021-09-17T10:33:37.077+0600][54.750s] GC(26) Survivor regions: 7->7(42)
[2021-09-17T10:33:37.077+0600][54.750s] GC(26) Old regions: 42->42
[2021-09-17T10:33:37.077+0600][54.750s] GC(26) Humongous regions: 7->7
[2021-09-17T10:33:37.077+0600][54.750s] GC(26) Metaspace: 56240K->56240K(1099776K)
[2021-09-17T10:33:37.077+0600][54.750s] GC(26) Pause Young (Normal) (G1 Evacuation Pause) 380M->54M(555M) 5.270ms
[2021-09-17T10:33:37.077+0600][54.750s] GC(26) User=0.03s Sys=0.00s Real=0.01s
[2021-09-17T10:33:37.234+0600][54.906s] GC(27) Pause Young (Normal) (G1 Evacuation Pause)
[2021-09-17T10:33:37.234+0600][54.906s] GC(27) Using 6 workers of 6 for evacuation
[2021-09-17T10:33:37.252+0600][54.924s] GC(27)   Pre Evacuate Collection Set: 0.0ms
[2021-09-17T10:33:37.252+0600][54.924s] GC(27)   Evacuate Collection Set: 11.1ms
[2021-09-17T10:33:37.252+0600][54.924s] GC(27)   Post Evacuate Collection Set: 6.5ms
[2021-09-17T10:33:37.252+0600][54.924s] GC(27)   Other: 0.2ms
[2021-09-17T10:33:37.252+0600][54.924s] GC(27) Eden regions: 326->0(328)
[2021-09-17T10:33:37.252+0600][54.924s] GC(27) Survivor regions: 7->5(42)
[2021-09-17T10:33:37.252+0600][54.924s] GC(27) Old regions: 42->43
[2021-09-17T10:33:37.252+0600][54.924s] GC(27) Humongous regions: 7->7
[2021-09-17T10:33:37.252+0600][54.924s] GC(27) Metaspace: 56248K->56248K(1099776K)
[2021-09-17T10:33:37.252+0600][54.924s] GC(27) Pause Young (Normal) (G1 Evacuation Pause) 380M->52M(555M) 17.866ms
[2021-09-17T10:33:37.252+0600][54.924s] GC(27) User=0.08s Sys=0.00s Real=0.01s
[2021-09-17T10:33:37.433+0600][55.105s] GC(28) Pause Young (Normal) (G1 Evacuation Pause)
[2021-09-17T10:33:37.433+0600][55.105s] GC(28) Using 6 workers of 6 for evacuation
[2021-09-17T10:33:37.439+0600][55.111s] GC(28)   Pre Evacuate Collection Set: 0.0ms
[2021-09-17T10:33:37.439+0600][55.111s] GC(28)   Evacuate Collection Set: 3.4ms
[2021-09-17T10:33:37.439+0600][55.111s] GC(28)   Post Evacuate Collection Set: 2.1ms
[2021-09-17T10:33:37.439+0600][55.111s] GC(28)   Other: 0.2ms
[2021-09-17T10:33:37.439+0600][55.111s] GC(28) Eden regions: 328->0(326)
[2021-09-17T10:33:37.439+0600][55.111s] GC(28) Survivor regions: 5->7(42)
[2021-09-17T10:33:37.439+0600][55.111s] GC(28) Old regions: 43->43
[2021-09-17T10:33:37.439+0600][55.111s] GC(28) Humongous regions: 7->7
[2021-09-17T10:33:37.439+0600][55.111s] GC(28) Metaspace: 56267K->56267K(1099776K)
[2021-09-17T10:33:37.439+0600][55.111s] GC(28) Pause Young (Normal) (G1 Evacuation Pause) 380M->54M(555M) 5.801ms
[2021-09-17T10:33:37.439+0600][55.111s] GC(28) User=0.03s Sys=0.00s Real=0.00s
[2021-09-17T10:33:37.588+0600][55.260s] GC(29) Pause Young (Normal) (G1 Evacuation Pause)
[2021-09-17T10:33:37.588+0600][55.260s] GC(29) Using 6 workers of 6 for evacuation
[2021-09-17T10:33:37.593+0600][55.265s] GC(29)   Pre Evacuate Collection Set: 0.0ms
[2021-09-17T10:33:37.593+0600][55.265s] GC(29)   Evacuate Collection Set: 3.7ms
[2021-09-17T10:33:37.593+0600][55.265s] GC(29)   Post Evacuate Collection Set: 0.9ms
[2021-09-17T10:33:37.593+0600][55.265s] GC(29)   Other: 0.2ms
[2021-09-17T10:33:37.593+0600][55.265s] GC(29) Eden regions: 326->0(326)
[2021-09-17T10:33:37.593+0600][55.265s] GC(29) Survivor regions: 7->7(42)
[2021-09-17T10:33:37.593+0600][55.265s] GC(29) Old regions: 43->43
[2021-09-17T10:33:37.593+0600][55.265s] GC(29) Humongous regions: 7->7
[2021-09-17T10:33:37.593+0600][55.265s] GC(29) Metaspace: 56269K->56269K(1099776K)
[2021-09-17T10:33:37.593+0600][55.265s] GC(29) Pause Young (Normal) (G1 Evacuation Pause) 380M->54M(555M) 4.930ms
[2021-09-17T10:33:37.593+0600][55.265s] GC(29) User=0.03s Sys=0.00s Real=0.01s
[2021-09-17T10:33:37.759+0600][55.431s] GC(30) Pause Young (Normal) (G1 Evacuation Pause)
[2021-09-17T10:33:37.759+0600][55.431s] GC(30) Using 6 workers of 6 for evacuation
[2021-09-17T10:33:37.768+0600][55.441s] GC(30)   Pre Evacuate Collection Set: 0.0ms
[2021-09-17T10:33:37.768+0600][55.441s] GC(30)   Evacuate Collection Set: 3.5ms
[2021-09-17T10:33:37.768+0600][55.441s] GC(30)   Post Evacuate Collection Set: 5.9ms
[2021-09-17T10:33:37.768+0600][55.441s] GC(30)   Other: 0.2ms
[2021-09-17T10:33:37.768+0600][55.441s] GC(30) Eden regions: 326->0(327)
[2021-09-17T10:33:37.768+0600][55.441s] GC(30) Survivor regions: 7->6(42)
[2021-09-17T10:33:37.768+0600][55.441s] GC(30) Old regions: 43->43
[2021-09-17T10:33:37.768+0600][55.441s] GC(30) Humongous regions: 7->7
[2021-09-17T10:33:37.768+0600][55.441s] GC(30) Metaspace: 56270K->56270K(1099776K)
[2021-09-17T10:33:37.768+0600][55.441s] GC(30) Pause Young (Normal) (G1 Evacuation Pause) 380M->53M(555M) 9.646ms
[2021-09-17T10:33:37.768+0600][55.441s] GC(30) User=0.05s Sys=0.00s Real=0.01s
[2021-09-17T10:33:37.929+0600][55.601s] GC(31) Pause Young (Normal) (G1 Evacuation Pause)
[2021-09-17T10:33:37.929+0600][55.601s] GC(31) Using 6 workers of 6 for evacuation
[2021-09-17T10:33:37.936+0600][55.608s] GC(31)   Pre Evacuate Collection Set: 0.0ms
[2021-09-17T10:33:37.936+0600][55.608s] GC(31)   Evacuate Collection Set: 4.1ms
[2021-09-17T10:33:37.936+0600][55.608s] GC(31)   Post Evacuate Collection Set: 2.5ms
[2021-09-17T10:33:37.936+0600][55.608s] GC(31)   Other: 0.2ms
[2021-09-17T10:33:37.936+0600][55.608s] GC(31) Eden regions: 327->0(326)
[2021-09-17T10:33:37.936+0600][55.608s] GC(31) Survivor regions: 6->7(42)
[2021-09-17T10:33:37.936+0600][55.608s] GC(31) Old regions: 43->43
[2021-09-17T10:33:37.936+0600][55.608s] GC(31) Humongous regions: 7->7
[2021-09-17T10:33:37.936+0600][55.608s] GC(31) Metaspace: 56277K->56277K(1099776K)
[2021-09-17T10:33:37.936+0600][55.608s] GC(31) Pause Young (Normal) (G1 Evacuation Pause) 380M->54M(555M) 6.929ms
[2021-09-17T10:33:37.936+0600][55.608s] GC(31) User=0.03s Sys=0.00s Real=0.01s
[2021-09-17T10:33:38.087+0600][55.760s] GC(32) Pause Young (Normal) (G1 Evacuation Pause)
[2021-09-17T10:33:38.087+0600][55.760s] GC(32) Using 6 workers of 6 for evacuation
[2021-09-17T10:33:38.092+0600][55.765s] GC(32)   Pre Evacuate Collection Set: 0.0ms
[2021-09-17T10:33:38.092+0600][55.765s] GC(32)   Evacuate Collection Set: 3.7ms
[2021-09-17T10:33:38.092+0600][55.765s] GC(32)   Post Evacuate Collection Set: 1.0ms
[2021-09-17T10:33:38.092+0600][55.765s] GC(32)   Other: 0.2ms
[2021-09-17T10:33:38.092+0600][55.765s] GC(32) Eden regions: 326->0(325)
[2021-09-17T10:33:38.092+0600][55.765s] GC(32) Survivor regions: 7->8(42)
[2021-09-17T10:33:38.092+0600][55.765s] GC(32) Old regions: 43->43
[2021-09-17T10:33:38.092+0600][55.765s] GC(32) Humongous regions: 7->7
[2021-09-17T10:33:38.092+0600][55.765s] GC(32) Metaspace: 56277K->56277K(1099776K)
[2021-09-17T10:33:38.092+0600][55.765s] GC(32) Pause Young (Normal) (G1 Evacuation Pause) 380M->55M(555M) 4.941ms
[2021-09-17T10:33:38.092+0600][55.765s] GC(32) User=0.03s Sys=0.00s Real=0.01s
[2021-09-17T10:33:38.249+0600][55.921s] GC(33) Pause Young (Normal) (G1 Evacuation Pause)
[2021-09-17T10:33:38.249+0600][55.921s] GC(33) Using 6 workers of 6 for evacuation
[2021-09-17T10:33:38.258+0600][55.931s] GC(33)   Pre Evacuate Collection Set: 0.0ms
[2021-09-17T10:33:38.258+0600][55.931s] GC(33)   Evacuate Collection Set: 7.3ms
[2021-09-17T10:33:38.258+0600][55.931s] GC(33)   Post Evacuate Collection Set: 2.1ms
[2021-09-17T10:33:38.258+0600][55.931s] GC(33)   Other: 0.2ms
[2021-09-17T10:33:38.258+0600][55.931s] GC(33) Eden regions: 325->0(326)
[2021-09-17T10:33:38.258+0600][55.931s] GC(33) Survivor regions: 8->7(42)
[2021-09-17T10:33:38.258+0600][55.931s] GC(33) Old regions: 43->43
[2021-09-17T10:33:38.258+0600][55.931s] GC(33) Humongous regions: 7->7
[2021-09-17T10:33:38.258+0600][55.931s] GC(33) Metaspace: 56278K->56278K(1099776K)
[2021-09-17T10:33:38.258+0600][55.931s] GC(33) Pause Young (Normal) (G1 Evacuation Pause) 380M->54M(555M) 9.656ms
[2021-09-17T10:33:38.258+0600][55.931s] GC(33) User=0.04s Sys=0.00s Real=0.01s
[2021-09-17T10:33:38.453+0600][56.125s] GC(34) Pause Young (Normal) (G1 Evacuation Pause)
[2021-09-17T10:33:38.453+0600][56.125s] GC(34) Using 6 workers of 6 for evacuation
[2021-09-17T10:33:38.457+0600][56.129s] GC(34)   Pre Evacuate Collection Set: 0.0ms
[2021-09-17T10:33:38.457+0600][56.129s] GC(34)   Evacuate Collection Set: 3.3ms
[2021-09-17T10:33:38.457+0600][56.130s] GC(34)   Post Evacuate Collection Set: 1.0ms
[2021-09-17T10:33:38.457+0600][56.130s] GC(34)   Other: 0.2ms
[2021-09-17T10:33:38.457+0600][56.130s] GC(34) Eden regions: 326->0(326)
[2021-09-17T10:33:38.457+0600][56.130s] GC(34) Survivor regions: 7->7(42)
[2021-09-17T10:33:38.457+0600][56.130s] GC(34) Old regions: 43->43
[2021-09-17T10:33:38.457+0600][56.130s] GC(34) Humongous regions: 7->7
[2021-09-17T10:33:38.457+0600][56.130s] GC(34) Metaspace: 56288K->56288K(1099776K)
[2021-09-17T10:33:38.457+0600][56.130s] GC(34) Pause Young (Normal) (G1 Evacuation Pause) 380M->55M(555M) 4.509ms
[2021-09-17T10:33:38.457+0600][56.130s] GC(34) User=0.01s Sys=0.00s Real=0.00s
[2021-09-17T10:33:38.619+0600][56.291s] GC(35) Pause Young (Normal) (G1 Evacuation Pause)
[2021-09-17T10:33:38.619+0600][56.291s] GC(35) Using 6 workers of 6 for evacuation
[2021-09-17T10:33:38.623+0600][56.295s] GC(35)   Pre Evacuate Collection Set: 0.0ms
[2021-09-17T10:33:38.623+0600][56.295s] GC(35)   Evacuate Collection Set: 2.9ms
[2021-09-17T10:33:38.623+0600][56.295s] GC(35)   Post Evacuate Collection Set: 0.9ms
[2021-09-17T10:33:38.623+0600][56.295s] GC(35)   Other: 0.2ms
[2021-09-17T10:33:38.623+0600][56.295s] GC(35) Eden regions: 326->0(327)
[2021-09-17T10:33:38.623+0600][56.295s] GC(35) Survivor regions: 7->6(42)
[2021-09-17T10:33:38.623+0600][56.295s] GC(35) Old regions: 43->43
[2021-09-17T10:33:38.623+0600][56.295s] GC(35) Humongous regions: 7->7
[2021-09-17T10:33:38.623+0600][56.295s] GC(35) Metaspace: 56290K->56290K(1099776K)
[2021-09-17T10:33:38.623+0600][56.295s] GC(35) Pause Young (Normal) (G1 Evacuation Pause) 381M->54M(555M) 4.030ms
[2021-09-17T10:33:38.623+0600][56.295s] GC(35) User=0.02s Sys=0.00s Real=0.00s
[2021-09-17T10:33:38.789+0600][56.461s] GC(36) Pause Young (Normal) (G1 Evacuation Pause)
[2021-09-17T10:33:38.789+0600][56.461s] GC(36) Using 6 workers of 6 for evacuation
[2021-09-17T10:33:38.813+0600][56.486s] GC(36)   Pre Evacuate Collection Set: 0.0ms
[2021-09-17T10:33:38.813+0600][56.486s] GC(36)   Evacuate Collection Set: 23.0ms
[2021-09-17T10:33:38.813+0600][56.486s] GC(36)   Post Evacuate Collection Set: 1.1ms
[2021-09-17T10:33:38.813+0600][56.486s] GC(36)   Other: 0.2ms
[2021-09-17T10:33:38.813+0600][56.486s] GC(36) Eden regions: 327->0(325)
[2021-09-17T10:33:38.813+0600][56.486s] GC(36) Survivor regions: 6->8(42)
[2021-09-17T10:33:38.813+0600][56.486s] GC(36) Old regions: 43->43
[2021-09-17T10:33:38.813+0600][56.486s] GC(36) Humongous regions: 7->7
[2021-09-17T10:33:38.813+0600][56.486s] GC(36) Metaspace: 56295K->56295K(1099776K)
[2021-09-17T10:33:38.813+0600][56.486s] GC(36) Pause Young (Normal) (G1 Evacuation Pause) 381M->56M(555M) 24.360ms
[2021-09-17T10:33:38.813+0600][56.486s] GC(36) User=0.04s Sys=0.00s Real=0.03s
[2021-09-17T10:33:38.998+0600][56.671s] GC(37) Pause Young (Normal) (G1 Evacuation Pause)
[2021-09-17T10:33:38.998+0600][56.671s] GC(37) Using 6 workers of 6 for evacuation
[2021-09-17T10:33:39.007+0600][56.680s] GC(37)   Pre Evacuate Collection Set: 0.0ms
[2021-09-17T10:33:39.007+0600][56.680s] GC(37)   Evacuate Collection Set: 7.5ms
[2021-09-17T10:33:39.007+0600][56.680s] GC(37)   Post Evacuate Collection Set: 1.5ms
[2021-09-17T10:33:39.008+0600][56.680s] GC(37)   Other: 0.2ms
[2021-09-17T10:33:39.008+0600][56.680s] GC(37) Eden regions: 325->0(325)
[2021-09-17T10:33:39.008+0600][56.680s] GC(37) Survivor regions: 8->8(42)
[2021-09-17T10:33:39.008+0600][56.680s] GC(37) Old regions: 43->43
[2021-09-17T10:33:39.008+0600][56.680s] GC(37) Humongous regions: 7->7
[2021-09-17T10:33:39.008+0600][56.680s] GC(37) Metaspace: 56302K->56302K(1099776K)
[2021-09-17T10:33:39.008+0600][56.680s] GC(37) Pause Young (Normal) (G1 Evacuation Pause) 381M->56M(555M) 9.191ms
[2021-09-17T10:33:39.008+0600][56.680s] GC(37) User=0.04s Sys=0.00s Real=0.01s
[2021-09-17T10:33:39.193+0600][56.866s] GC(38) Pause Young (Normal) (G1 Evacuation Pause)
[2021-09-17T10:33:39.193+0600][56.866s] GC(38) Using 6 workers of 6 for evacuation
[2021-09-17T10:33:39.200+0600][56.873s] GC(38)   Pre Evacuate Collection Set: 0.0ms
[2021-09-17T10:33:39.200+0600][56.873s] GC(38)   Evacuate Collection Set: 4.5ms
[2021-09-17T10:33:39.200+0600][56.873s] GC(38)   Post Evacuate Collection Set: 2.5ms
[2021-09-17T10:33:39.200+0600][56.873s] GC(38)   Other: 0.2ms
[2021-09-17T10:33:39.200+0600][56.873s] GC(38) Eden regions: 325->0(325)
[2021-09-17T10:33:39.200+0600][56.873s] GC(38) Survivor regions: 8->8(42)
[2021-09-17T10:33:39.200+0600][56.873s] GC(38) Old regions: 43->43
[2021-09-17T10:33:39.200+0600][56.873s] GC(38) Humongous regions: 7->7
[2021-09-17T10:33:39.200+0600][56.873s] GC(38) Metaspace: 56304K->56304K(1099776K)
[2021-09-17T10:33:39.200+0600][56.873s] GC(38) Pause Young (Normal) (G1 Evacuation Pause) 381M->56M(555M) 7.283ms
[2021-09-17T10:33:39.201+0600][56.873s] GC(38) User=0.04s Sys=0.00s Real=0.00s
[2021-09-17T10:33:39.378+0600][57.051s] GC(39) Pause Young (Normal) (G1 Evacuation Pause)
[2021-09-17T10:33:39.378+0600][57.051s] GC(39) Using 6 workers of 6 for evacuation
[2021-09-17T10:33:39.384+0600][57.056s] GC(39)   Pre Evacuate Collection Set: 0.0ms
[2021-09-17T10:33:39.384+0600][57.056s] GC(39)   Evacuate Collection Set: 3.7ms
[2021-09-17T10:33:39.384+0600][57.056s] GC(39)   Post Evacuate Collection Set: 1.4ms
[2021-09-17T10:33:39.384+0600][57.056s] GC(39)   Other: 0.2ms
[2021-09-17T10:33:39.384+0600][57.056s] GC(39) Eden regions: 325->0(327)
[2021-09-17T10:33:39.384+0600][57.056s] GC(39) Survivor regions: 8->6(42)
[2021-09-17T10:33:39.384+0600][57.056s] GC(39) Old regions: 43->44
[2021-09-17T10:33:39.384+0600][57.056s] GC(39) Humongous regions: 7->7
[2021-09-17T10:33:39.384+0600][57.056s] GC(39) Metaspace: 56308K->56308K(1099776K)
[2021-09-17T10:33:39.384+0600][57.056s] GC(39) Pause Young (Normal) (G1 Evacuation Pause) 381M->54M(555M) 5.414ms
[2021-09-17T10:33:39.384+0600][57.056s] GC(39) User=0.02s Sys=0.00s Real=0.00s
[2021-09-17T11:34:17.866+0600][3679.035s] Heap
[2021-09-17T11:34:17.866+0600][3679.035s]  garbage-first heap   total 568320K, used 166617K [0x00000000a0000000, 0x0000000100000000)
[2021-09-17T11:34:17.866+0600][3679.035s]   region size 1024K, 116 young (118784K), 6 survivors (6144K)
[2021-09-17T11:34:17.866+0600][3679.035s]  Metaspace       used 56934K, capacity 58395K, committed 58576K, reserved 1101824K
[2021-09-17T11:34:17.866+0600][3679.035s]   class space    used 6346K, capacity 6929K, committed 7040K, reserved 1048576K
