[2021-09-20T19:59:07.343+0600][0.017s] Heap region size: 1M
[2021-09-20T19:59:07.407+0600][0.081s] Using G1
[2021-09-20T19:59:07.407+0600][0.081s] Heap address: 0x00000000a0000000, size: 1536 MB, Compressed Oops mode: 32-bit
[2021-09-20T19:59:07.407+0600][0.081s] Mark closed archive regions in map: [0x00000000fff00000, 0x00000000fff6aff8]
[2021-09-20T19:59:07.407+0600][0.081s] Mark open archive regions in map: [0x00000000ffe00000, 0x00000000ffe46ff8]
[2021-09-20T19:59:10.155+0600][2.829s] GC(0) Pause Young (Normal) (G1 Evacuation Pause)
[2021-09-20T19:59:10.179+0600][2.853s] GC(0) Using 6 workers of 6 for evacuation
[2021-09-20T19:59:10.247+0600][2.921s] GC(0)   Pre Evacuate Collection Set: 0.0ms
[2021-09-20T19:59:10.247+0600][2.921s] GC(0)   Evacuate Collection Set: 44.4ms
[2021-09-20T19:59:10.247+0600][2.921s] GC(0)   Post Evacuate Collection Set: 23.9ms
[2021-09-20T19:59:10.247+0600][2.921s] GC(0)   Other: 23.6ms
[2021-09-20T19:59:10.247+0600][2.921s] GC(0) Eden regions: 27->0(304)
[2021-09-20T19:59:10.247+0600][2.921s] GC(0) Survivor regions: 0->3(4)
[2021-09-20T19:59:10.247+0600][2.921s] GC(0) Old regions: 2->2
[2021-09-20T19:59:10.247+0600][2.921s] GC(0) Humongous regions: 0->0
[2021-09-20T19:59:10.247+0600][2.921s] GC(0) Metaspace: 5677K->5677K(1056768K)
[2021-09-20T19:59:10.247+0600][2.921s] GC(0) Pause Young (Normal) (G1 Evacuation Pause) 27M->3M(514M) 92.006ms
[2021-09-20T19:59:10.247+0600][2.921s] GC(0) User=0.03s Sys=0.00s Real=0.09s
[2021-09-20T19:59:12.714+0600][5.388s] GC(1) Pause Young (Concurrent Start) (Metadata GC Threshold)
[2021-09-20T19:59:12.714+0600][5.388s] GC(1) Using 6 workers of 6 for evacuation
[2021-09-20T19:59:12.730+0600][5.404s] GC(1)   Pre Evacuate Collection Set: 0.0ms
[2021-09-20T19:59:12.730+0600][5.404s] GC(1)   Evacuate Collection Set: 12.4ms
[2021-09-20T19:59:12.730+0600][5.404s] GC(1)   Post Evacuate Collection Set: 2.6ms
[2021-09-20T19:59:12.730+0600][5.404s] GC(1)   Other: 0.2ms
[2021-09-20T19:59:12.730+0600][5.404s] GC(1) Eden regions: 107->0(75)
[2021-09-20T19:59:12.730+0600][5.404s] GC(1) Survivor regions: 3->19(39)
[2021-09-20T19:59:12.730+0600][5.404s] GC(1) Old regions: 2->2
[2021-09-20T19:59:12.730+0600][5.404s] GC(1) Humongous regions: 4->4
[2021-09-20T19:59:12.730+0600][5.404s] GC(1) Metaspace: 20448K->20448K(1069056K)
[2021-09-20T19:59:12.730+0600][5.404s] GC(1) Pause Young (Concurrent Start) (Metadata GC Threshold) 114M->23M(514M) 15.271ms
[2021-09-20T19:59:12.730+0600][5.404s] GC(1) User=0.05s Sys=0.00s Real=0.02s
[2021-09-20T19:59:12.730+0600][5.404s] GC(2) Concurrent Cycle
[2021-09-20T19:59:12.730+0600][5.404s] GC(2) Concurrent Clear Claimed Marks
[2021-09-20T19:59:12.730+0600][5.404s] GC(2) Concurrent Clear Claimed Marks 0.021ms
[2021-09-20T19:59:12.730+0600][5.404s] GC(2) Concurrent Scan Root Regions
[2021-09-20T19:59:12.733+0600][5.407s] GC(2) Concurrent Scan Root Regions 3.160ms
[2021-09-20T19:59:12.733+0600][5.407s] GC(2) Concurrent Mark (5.407s)
[2021-09-20T19:59:12.733+0600][5.407s] GC(2) Concurrent Mark From Roots
[2021-09-20T19:59:12.733+0600][5.407s] GC(2) Using 2 workers of 2 for marking
[2021-09-20T19:59:12.736+0600][5.411s] GC(2) Concurrent Mark From Roots 3.503ms
[2021-09-20T19:59:12.736+0600][5.411s] GC(2) Concurrent Preclean
[2021-09-20T19:59:12.737+0600][5.411s] GC(2) Concurrent Preclean 0.097ms
[2021-09-20T19:59:12.737+0600][5.411s] GC(2) Concurrent Mark (5.407s, 5.411s) 3.639ms
[2021-09-20T19:59:12.737+0600][5.411s] GC(2) Pause Remark
[2021-09-20T19:59:12.750+0600][5.424s] GC(2) Cleaned string and symbol table, strings: 8688 processed, 0 removed, symbols: 61851 processed, 27 removed
[2021-09-20T19:59:12.750+0600][5.424s] GC(2) Pause Remark 23M->23M(514M) 13.407ms
[2021-09-20T19:59:12.750+0600][5.424s] GC(2) User=0.04s Sys=0.00s Real=0.01s
[2021-09-20T19:59:12.750+0600][5.424s] GC(2) Concurrent Rebuild Remembered Sets
[2021-09-20T19:59:12.753+0600][5.427s] GC(2) Concurrent Rebuild Remembered Sets 2.485ms
[2021-09-20T19:59:12.753+0600][5.427s] GC(2) Pause Cleanup
[2021-09-20T19:59:12.753+0600][5.427s] GC(2) Pause Cleanup 23M->23M(514M) 0.120ms
[2021-09-20T19:59:12.753+0600][5.427s] GC(2) User=0.00s Sys=0.00s Real=0.00s
[2021-09-20T19:59:12.753+0600][5.427s] GC(2) Concurrent Cleanup for Next Mark
[2021-09-20T19:59:12.753+0600][5.428s] GC(2) Concurrent Cleanup for Next Mark 0.317ms
[2021-09-20T19:59:12.753+0600][5.428s] GC(2) Concurrent Cycle 23.761ms
[2021-09-20T19:59:13.376+0600][6.050s] GC(3) Pause Young (Normal) (G1 Evacuation Pause)
[2021-09-20T19:59:13.376+0600][6.050s] GC(3) Using 6 workers of 6 for evacuation
[2021-09-20T19:59:13.395+0600][6.069s] GC(3)   Pre Evacuate Collection Set: 0.0ms
[2021-09-20T19:59:13.395+0600][6.069s] GC(3)   Evacuate Collection Set: 17.8ms
[2021-09-20T19:59:13.395+0600][6.069s] GC(3)   Post Evacuate Collection Set: 1.5ms
[2021-09-20T19:59:13.395+0600][6.069s] GC(3)   Other: 0.1ms
[2021-09-20T19:59:13.395+0600][6.069s] GC(3) Eden regions: 68->0(125)
[2021-09-20T19:59:13.395+0600][6.069s] GC(3) Survivor regions: 19->5(11)
[2021-09-20T19:59:13.395+0600][6.069s] GC(3) Old regions: 2->21
[2021-09-20T19:59:13.395+0600][6.069s] GC(3) Humongous regions: 4->4
[2021-09-20T19:59:13.395+0600][6.069s] GC(3) Metaspace: 29571K->29571K(1077248K)
[2021-09-20T19:59:13.395+0600][6.069s] GC(3) Pause Young (Normal) (G1 Evacuation Pause) 91M->27M(514M) 19.545ms
[2021-09-20T19:59:13.395+0600][6.069s] GC(3) User=0.09s Sys=0.01s Real=0.02s
[2021-09-20T19:59:13.776+0600][6.450s] GC(4) Pause Young (Concurrent Start) (Metadata GC Threshold)
[2021-09-20T19:59:13.776+0600][6.450s] GC(4) Using 6 workers of 6 for evacuation
[2021-09-20T19:59:13.787+0600][6.461s] GC(4)   Pre Evacuate Collection Set: 0.1ms
[2021-09-20T19:59:13.787+0600][6.461s] GC(4)   Evacuate Collection Set: 7.9ms
[2021-09-20T19:59:13.787+0600][6.461s] GC(4)   Post Evacuate Collection Set: 2.7ms
[2021-09-20T19:59:13.787+0600][6.461s] GC(4)   Other: 0.1ms
[2021-09-20T19:59:13.787+0600][6.461s] GC(4) Eden regions: 57->0(164)
[2021-09-20T19:59:13.787+0600][6.461s] GC(4) Survivor regions: 5->7(17)
[2021-09-20T19:59:13.787+0600][6.461s] GC(4) Old regions: 21->21
[2021-09-20T19:59:13.787+0600][6.461s] GC(4) Humongous regions: 5->4
[2021-09-20T19:59:13.787+0600][6.461s] GC(4) Metaspace: 34643K->34643K(1081344K)
[2021-09-20T19:59:13.787+0600][6.461s] GC(4) Pause Young (Concurrent Start) (Metadata GC Threshold) 84M->29M(514M) 10.880ms
[2021-09-20T19:59:13.787+0600][6.461s] GC(4) User=0.04s Sys=0.01s Real=0.01s
[2021-09-20T19:59:13.787+0600][6.461s] GC(5) Concurrent Cycle
[2021-09-20T19:59:13.787+0600][6.461s] GC(5) Concurrent Clear Claimed Marks
[2021-09-20T19:59:13.787+0600][6.461s] GC(5) Concurrent Clear Claimed Marks 0.074ms
[2021-09-20T19:59:13.787+0600][6.461s] GC(5) Concurrent Scan Root Regions
[2021-09-20T19:59:13.788+0600][6.463s] GC(5) Concurrent Scan Root Regions 1.585ms
[2021-09-20T19:59:13.788+0600][6.463s] GC(5) Concurrent Mark (6.463s)
[2021-09-20T19:59:13.788+0600][6.463s] GC(5) Concurrent Mark From Roots
[2021-09-20T19:59:13.788+0600][6.463s] GC(5) Using 2 workers of 2 for marking
[2021-09-20T19:59:13.804+0600][6.478s] GC(5) Concurrent Mark From Roots 15.750ms
[2021-09-20T19:59:13.804+0600][6.478s] GC(5) Concurrent Preclean
[2021-09-20T19:59:13.804+0600][6.478s] GC(5) Concurrent Preclean 0.093ms
[2021-09-20T19:59:13.804+0600][6.478s] GC(5) Concurrent Mark (6.463s, 6.478s) 15.888ms
[2021-09-20T19:59:13.804+0600][6.479s] GC(5) Pause Remark
[2021-09-20T19:59:13.813+0600][6.487s] GC(5) Cleaned string and symbol table, strings: 14916 processed, 26 removed, symbols: 104378 processed, 116 removed
[2021-09-20T19:59:13.813+0600][6.487s] GC(5) Pause Remark 33M->33M(514M) 8.686ms
[2021-09-20T19:59:13.813+0600][6.487s] GC(5) User=0.03s Sys=0.00s Real=0.01s
[2021-09-20T19:59:13.813+0600][6.487s] GC(5) Concurrent Rebuild Remembered Sets
[2021-09-20T19:59:13.827+0600][6.501s] GC(5) Concurrent Rebuild Remembered Sets 13.587ms
[2021-09-20T19:59:13.829+0600][6.503s] GC(5) Pause Cleanup
[2021-09-20T19:59:13.829+0600][6.504s] GC(5) Pause Cleanup 39M->39M(514M) 0.107ms
[2021-09-20T19:59:13.829+0600][6.504s] GC(5) User=0.00s Sys=0.00s Real=0.00s
[2021-09-20T19:59:13.829+0600][6.504s] GC(5) Concurrent Cleanup for Next Mark
[2021-09-20T19:59:13.831+0600][6.505s] GC(5) Concurrent Cleanup for Next Mark 1.282ms
[2021-09-20T19:59:13.831+0600][6.505s] GC(5) Concurrent Cycle 44.054ms
[2021-09-20T19:59:14.397+0600][7.071s] GC(6) Pause Young (Normal) (G1 Evacuation Pause)
[2021-09-20T19:59:14.397+0600][7.071s] GC(6) Using 6 workers of 6 for evacuation
[2021-09-20T19:59:14.406+0600][7.080s] GC(6)   Pre Evacuate Collection Set: 0.0ms
[2021-09-20T19:59:14.406+0600][7.080s] GC(6)   Evacuate Collection Set: 8.7ms
[2021-09-20T19:59:14.406+0600][7.080s] GC(6)   Post Evacuate Collection Set: 0.3ms
[2021-09-20T19:59:14.406+0600][7.080s] GC(6)   Other: 0.1ms
[2021-09-20T19:59:14.406+0600][7.080s] GC(6) Eden regions: 164->0(203)
[2021-09-20T19:59:14.406+0600][7.080s] GC(6) Survivor regions: 7->11(22)
[2021-09-20T19:59:14.406+0600][7.080s] GC(6) Old regions: 21->21
[2021-09-20T19:59:14.406+0600][7.080s] GC(6) Humongous regions: 4->4
[2021-09-20T19:59:14.406+0600][7.080s] GC(6) Metaspace: 41060K->41060K(1087488K)
[2021-09-20T19:59:14.406+0600][7.080s] GC(6) Pause Young (Normal) (G1 Evacuation Pause) 193M->33M(514M) 9.151ms
[2021-09-20T19:59:14.406+0600][7.080s] GC(6) User=0.04s Sys=0.01s Real=0.00s
[2021-09-20T22:02:36.952+0600][7409.626s] GC(7) Pause Young (Normal) (G1 Evacuation Pause)
[2021-09-20T22:02:36.952+0600][7409.626s] GC(7) Using 6 workers of 6 for evacuation
[2021-09-20T22:02:36.967+0600][7409.641s] GC(7)   Pre Evacuate Collection Set: 0.6ms
[2021-09-20T22:02:36.967+0600][7409.641s] GC(7)   Evacuate Collection Set: 12.0ms
[2021-09-20T22:02:36.967+0600][7409.641s] GC(7)   Post Evacuate Collection Set: 1.4ms
[2021-09-20T22:02:36.967+0600][7409.641s] GC(7)   Other: 2.6ms
[2021-09-20T22:02:36.967+0600][7409.641s] GC(7) Eden regions: 203->0(288)
[2021-09-20T22:02:36.967+0600][7409.641s] GC(7) Survivor regions: 11->19(27)
[2021-09-20T22:02:36.967+0600][7409.641s] GC(7) Old regions: 21->21
[2021-09-20T22:02:36.967+0600][7409.641s] GC(7) Humongous regions: 4->4
[2021-09-20T22:02:36.967+0600][7409.641s] GC(7) Metaspace: 47277K->47277K(1091584K)
[2021-09-20T22:02:36.967+0600][7409.641s] GC(7) Pause Young (Normal) (G1 Evacuation Pause) 236M->41M(514M) 15.799ms
[2021-09-20T22:02:36.967+0600][7409.641s] GC(7) User=0.06s Sys=0.01s Real=0.02s
