[2021-09-19T21:07:06.156+0600][0.013s] Heap region size: 1M
[2021-09-19T21:07:06.207+0600][0.064s] Using G1
[2021-09-19T21:07:06.207+0600][0.064s] Heap address: 0x00000000a0000000, size: 1536 MB, Compressed Oops mode: 32-bit
[2021-09-19T21:07:06.208+0600][0.064s] Mark closed archive regions in map: [0x00000000fff00000, 0x00000000fff6aff8]
[2021-09-19T21:07:06.208+0600][0.064s] Mark open archive regions in map: [0x00000000ffe00000, 0x00000000ffe46ff8]
[2021-09-19T21:07:08.407+0600][2.264s] GC(0) Pause Young (Normal) (G1 Evacuation Pause)
[2021-09-19T21:07:08.415+0600][2.272s] GC(0) Using 6 workers of 6 for evacuation
[2021-09-19T21:07:08.484+0600][2.341s] GC(0)   Pre Evacuate Collection Set: 0.0ms
[2021-09-19T21:07:08.484+0600][2.341s] GC(0)   Evacuate Collection Set: 62.1ms
[2021-09-19T21:07:08.484+0600][2.341s] GC(0)   Post Evacuate Collection Set: 2.8ms
[2021-09-19T21:07:08.484+0600][2.341s] GC(0)   Other: 11.8ms
[2021-09-19T21:07:08.484+0600][2.341s] GC(0) Eden regions: 27->0(304)
[2021-09-19T21:07:08.484+0600][2.341s] GC(0) Survivor regions: 0->3(4)
[2021-09-19T21:07:08.484+0600][2.341s] GC(0) Old regions: 2->2
[2021-09-19T21:07:08.484+0600][2.341s] GC(0) Humongous regions: 0->0
[2021-09-19T21:07:08.484+0600][2.341s] GC(0) Metaspace: 5689K->5689K(1056768K)
[2021-09-19T21:07:08.484+0600][2.341s] GC(0) Pause Young (Normal) (G1 Evacuation Pause) 27M->3M(514M) 76.820ms
[2021-09-19T21:07:08.484+0600][2.341s] GC(0) User=0.03s Sys=0.00s Real=0.08s
[2021-09-19T21:07:10.774+0600][4.631s] GC(1) Pause Young (Concurrent Start) (Metadata GC Threshold)
[2021-09-19T21:07:10.774+0600][4.631s] GC(1) Using 6 workers of 6 for evacuation
[2021-09-19T21:07:10.804+0600][4.661s] GC(1)   Pre Evacuate Collection Set: 0.0ms
[2021-09-19T21:07:10.804+0600][4.661s] GC(1)   Evacuate Collection Set: 27.3ms
[2021-09-19T21:07:10.804+0600][4.661s] GC(1)   Post Evacuate Collection Set: 2.3ms
[2021-09-19T21:07:10.804+0600][4.661s] GC(1)   Other: 0.2ms
[2021-09-19T21:07:10.804+0600][4.661s] GC(1) Eden regions: 108->0(75)
[2021-09-19T21:07:10.804+0600][4.661s] GC(1) Survivor regions: 3->19(39)
[2021-09-19T21:07:10.804+0600][4.661s] GC(1) Old regions: 2->2
[2021-09-19T21:07:10.804+0600][4.661s] GC(1) Humongous regions: 4->4
[2021-09-19T21:07:10.804+0600][4.661s] GC(1) Metaspace: 20504K->20504K(1069056K)
[2021-09-19T21:07:10.804+0600][4.661s] GC(1) Pause Young (Concurrent Start) (Metadata GC Threshold) 115M->23M(514M) 29.929ms
[2021-09-19T21:07:10.804+0600][4.661s] GC(1) User=0.06s Sys=0.01s Real=0.04s
[2021-09-19T21:07:10.804+0600][4.661s] GC(2) Concurrent Cycle
[2021-09-19T21:07:10.804+0600][4.661s] GC(2) Concurrent Clear Claimed Marks
[2021-09-19T21:07:10.804+0600][4.661s] GC(2) Concurrent Clear Claimed Marks 0.041ms
[2021-09-19T21:07:10.804+0600][4.661s] GC(2) Concurrent Scan Root Regions
[2021-09-19T21:07:10.816+0600][4.672s] GC(2) Concurrent Scan Root Regions 11.178ms
[2021-09-19T21:07:10.816+0600][4.672s] GC(2) Concurrent Mark (4.672s)
[2021-09-19T21:07:10.816+0600][4.672s] GC(2) Concurrent Mark From Roots
[2021-09-19T21:07:10.816+0600][4.672s] GC(2) Using 2 workers of 2 for marking
[2021-09-19T21:07:10.818+0600][4.675s] GC(2) Concurrent Mark From Roots 2.586ms
[2021-09-19T21:07:10.818+0600][4.675s] GC(2) Concurrent Preclean
[2021-09-19T21:07:10.818+0600][4.675s] GC(2) Concurrent Preclean 0.064ms
[2021-09-19T21:07:10.818+0600][4.675s] GC(2) Concurrent Mark (4.672s, 4.675s) 2.715ms
[2021-09-19T21:07:10.819+0600][4.676s] GC(2) Pause Remark
[2021-09-19T21:07:10.825+0600][4.681s] GC(2) Cleaned string and symbol table, strings: 8717 processed, 0 removed, symbols: 62321 processed, 35 removed
[2021-09-19T21:07:10.825+0600][4.682s] GC(2) Pause Remark 25M->25M(514M) 6.016ms
[2021-09-19T21:07:10.825+0600][4.682s] GC(2) User=0.02s Sys=0.00s Real=0.01s
[2021-09-19T21:07:10.825+0600][4.682s] GC(2) Concurrent Rebuild Remembered Sets
[2021-09-19T21:07:10.826+0600][4.683s] GC(2) Concurrent Rebuild Remembered Sets 1.572ms
[2021-09-19T21:07:10.827+0600][4.683s] GC(2) Pause Cleanup
[2021-09-19T21:07:10.827+0600][4.683s] GC(2) Pause Cleanup 25M->25M(514M) 0.125ms
[2021-09-19T21:07:10.827+0600][4.683s] GC(2) User=0.00s Sys=0.00s Real=0.00s
[2021-09-19T21:07:10.827+0600][4.684s] GC(2) Concurrent Cleanup for Next Mark
[2021-09-19T21:07:10.827+0600][4.684s] GC(2) Concurrent Cleanup for Next Mark 0.538ms
[2021-09-19T21:07:10.827+0600][4.684s] GC(2) Concurrent Cycle 23.081ms
[2021-09-19T21:07:11.351+0600][5.208s] GC(3) Pause Young (Normal) (G1 Evacuation Pause)
[2021-09-19T21:07:11.351+0600][5.208s] GC(3) Using 6 workers of 6 for evacuation
[2021-09-19T21:07:11.369+0600][5.226s] GC(3)   Pre Evacuate Collection Set: 0.0ms
[2021-09-19T21:07:11.369+0600][5.226s] GC(3)   Evacuate Collection Set: 16.5ms
[2021-09-19T21:07:11.369+0600][5.226s] GC(3)   Post Evacuate Collection Set: 1.8ms
[2021-09-19T21:07:11.369+0600][5.226s] GC(3)   Other: 0.1ms
[2021-09-19T21:07:11.369+0600][5.226s] GC(3) Eden regions: 59->0(108)
[2021-09-19T21:07:11.369+0600][5.226s] GC(3) Survivor regions: 19->5(10)
[2021-09-19T21:07:11.369+0600][5.226s] GC(3) Old regions: 2->21
[2021-09-19T21:07:11.369+0600][5.226s] GC(3) Humongous regions: 4->4
[2021-09-19T21:07:11.369+0600][5.226s] GC(3) Metaspace: 28784K->28784K(1075200K)
[2021-09-19T21:07:11.369+0600][5.226s] GC(3) Pause Young (Normal) (G1 Evacuation Pause) 82M->27M(514M) 18.522ms
[2021-09-19T21:07:11.369+0600][5.226s] GC(3) User=0.05s Sys=0.01s Real=0.02s
[2021-09-19T21:07:11.845+0600][5.702s] GC(4) Pause Young (Concurrent Start) (Metadata GC Threshold)
[2021-09-19T21:07:11.845+0600][5.702s] GC(4) Using 6 workers of 6 for evacuation
[2021-09-19T21:07:11.853+0600][5.710s] GC(4)   Pre Evacuate Collection Set: 0.1ms
[2021-09-19T21:07:11.853+0600][5.710s] GC(4)   Evacuate Collection Set: 4.6ms
[2021-09-19T21:07:11.853+0600][5.710s] GC(4)   Post Evacuate Collection Set: 3.2ms
[2021-09-19T21:07:11.853+0600][5.710s] GC(4)   Other: 0.1ms
[2021-09-19T21:07:11.853+0600][5.710s] GC(4) Eden regions: 69->0(139)
[2021-09-19T21:07:11.853+0600][5.710s] GC(4) Survivor regions: 5->8(15)
[2021-09-19T21:07:11.853+0600][5.710s] GC(4) Old regions: 21->21
[2021-09-19T21:07:11.853+0600][5.710s] GC(4) Humongous regions: 5->4
[2021-09-19T21:07:11.853+0600][5.710s] GC(4) Metaspace: 34733K->34733K(1081344K)
[2021-09-19T21:07:11.853+0600][5.710s] GC(4) Pause Young (Concurrent Start) (Metadata GC Threshold) 96M->30M(514M) 8.098ms
[2021-09-19T21:07:11.853+0600][5.710s] GC(4) User=0.03s Sys=0.00s Real=0.00s
[2021-09-19T21:07:11.853+0600][5.710s] GC(5) Concurrent Cycle
[2021-09-19T21:07:11.853+0600][5.710s] GC(5) Concurrent Clear Claimed Marks
[2021-09-19T21:07:11.853+0600][5.710s] GC(5) Concurrent Clear Claimed Marks 0.070ms
[2021-09-19T21:07:11.853+0600][5.710s] GC(5) Concurrent Scan Root Regions
[2021-09-19T21:07:11.855+0600][5.712s] GC(5) Concurrent Scan Root Regions 1.860ms
[2021-09-19T21:07:11.855+0600][5.712s] GC(5) Concurrent Mark (5.712s)
[2021-09-19T21:07:11.855+0600][5.712s] GC(5) Concurrent Mark From Roots
[2021-09-19T21:07:11.855+0600][5.712s] GC(5) Using 2 workers of 2 for marking
[2021-09-19T21:07:11.875+0600][5.731s] GC(5) Concurrent Mark From Roots 19.631ms
[2021-09-19T21:07:11.875+0600][5.731s] GC(5) Concurrent Preclean
[2021-09-19T21:07:11.875+0600][5.732s] GC(5) Concurrent Preclean 0.097ms
[2021-09-19T21:07:11.875+0600][5.732s] GC(5) Concurrent Mark (5.712s, 5.732s) 19.773ms
[2021-09-19T21:07:11.875+0600][5.732s] GC(5) Pause Remark
[2021-09-19T21:07:11.888+0600][5.744s] GC(5) Cleaned string and symbol table, strings: 14985 processed, 26 removed, symbols: 104969 processed, 116 removed
[2021-09-19T21:07:11.888+0600][5.745s] GC(5) Pause Remark 34M->34M(514M) 12.986ms
[2021-09-19T21:07:11.888+0600][5.745s] GC(5) User=0.03s Sys=0.00s Real=0.02s
[2021-09-19T21:07:11.888+0600][5.745s] GC(5) Concurrent Rebuild Remembered Sets
[2021-09-19T21:07:11.899+0600][5.756s] GC(5) Concurrent Rebuild Remembered Sets 10.878ms
[2021-09-19T21:07:11.899+0600][5.756s] GC(5) Pause Cleanup
[2021-09-19T21:07:11.899+0600][5.756s] GC(5) Pause Cleanup 35M->35M(514M) 0.125ms
[2021-09-19T21:07:11.899+0600][5.756s] GC(5) User=0.00s Sys=0.00s Real=0.00s
[2021-09-19T21:07:11.899+0600][5.756s] GC(5) Concurrent Cleanup for Next Mark
[2021-09-19T21:07:11.901+0600][5.758s] GC(5) Concurrent Cleanup for Next Mark 1.795ms
[2021-09-19T21:07:11.902+0600][5.758s] GC(5) Concurrent Cycle 48.641ms
[2021-09-19T21:07:12.399+0600][6.256s] GC(6) Pause Young (Normal) (G1 Evacuation Pause)
[2021-09-19T21:07:12.399+0600][6.256s] GC(6) Using 6 workers of 6 for evacuation
[2021-09-19T21:07:12.405+0600][6.261s] GC(6)   Pre Evacuate Collection Set: 0.0ms
[2021-09-19T21:07:12.405+0600][6.261s] GC(6)   Evacuate Collection Set: 5.0ms
[2021-09-19T21:07:12.405+0600][6.261s] GC(6)   Post Evacuate Collection Set: 0.4ms
[2021-09-19T21:07:12.405+0600][6.261s] GC(6)   Other: 0.1ms
[2021-09-19T21:07:12.405+0600][6.261s] GC(6) Eden regions: 139->0(297)
[2021-09-19T21:07:12.405+0600][6.261s] GC(6) Survivor regions: 8->10(19)
[2021-09-19T21:07:12.405+0600][6.261s] GC(6) Old regions: 21->21
[2021-09-19T21:07:12.405+0600][6.261s] GC(6) Humongous regions: 4->4
[2021-09-19T21:07:12.405+0600][6.261s] GC(6) Metaspace: 40035K->40035K(1085440K)
[2021-09-19T21:07:12.405+0600][6.261s] GC(6) Pause Young (Normal) (G1 Evacuation Pause) 169M->32M(514M) 5.599ms
[2021-09-19T21:07:12.405+0600][6.261s] GC(6) User=0.02s Sys=0.00s Real=0.01s
[2021-09-20T00:49:12.731+0600][13326.588s] GC(7) Pause Young (Normal) (G1 Evacuation Pause)
[2021-09-20T00:49:12.731+0600][13326.588s] GC(7) Using 6 workers of 6 for evacuation
[2021-09-20T00:49:12.745+0600][13326.602s] GC(7)   Pre Evacuate Collection Set: 0.0ms
[2021-09-20T00:49:12.745+0600][13326.602s] GC(7)   Evacuate Collection Set: 8.1ms
[2021-09-20T00:49:12.745+0600][13326.602s] GC(7)   Post Evacuate Collection Set: 5.9ms
[2021-09-20T00:49:12.745+0600][13326.602s] GC(7)   Other: 0.1ms
[2021-09-20T00:49:12.745+0600][13326.602s] GC(7) Eden regions: 297->0(288)
[2021-09-20T00:49:12.745+0600][13326.602s] GC(7) Survivor regions: 10->19(39)
[2021-09-20T00:49:12.745+0600][13326.602s] GC(7) Old regions: 21->21
[2021-09-20T00:49:12.745+0600][13326.602s] GC(7) Humongous regions: 4->4
[2021-09-20T00:49:12.745+0600][13326.602s] GC(7) Metaspace: 47515K->47515K(1091584K)
[2021-09-20T00:49:12.745+0600][13326.602s] GC(7) Pause Young (Normal) (G1 Evacuation Pause) 329M->41M(514M) 14.174ms
[2021-09-20T00:49:12.745+0600][13326.602s] GC(7) User=0.06s Sys=0.00s Real=0.02s
