[2021-09-22T20:39:27.936+0600][0.026s] Heap region size: 1M
[2021-09-22T20:39:27.984+0600][0.074s] Using G1
[2021-09-22T20:39:27.984+0600][0.074s] Heap address: 0x00000000a0000000, size: 1536 MB, Compressed Oops mode: 32-bit
[2021-09-22T20:39:27.984+0600][0.074s] Mark closed archive regions in map: [0x00000000fff00000, 0x00000000fff6aff8]
[2021-09-22T20:39:27.986+0600][0.076s] Mark open archive regions in map: [0x00000000ffe00000, 0x00000000ffe46ff8]
[2021-09-22T20:39:30.648+0600][2.737s] GC(0) Pause Young (Normal) (G1 Evacuation Pause)
[2021-09-22T20:39:30.654+0600][2.744s] GC(0) Using 6 workers of 6 for evacuation
[2021-09-22T20:39:30.791+0600][2.881s] GC(0)   Pre Evacuate Collection Set: 0.0ms
[2021-09-22T20:39:30.791+0600][2.881s] GC(0)   Evacuate Collection Set: 91.4ms
[2021-09-22T20:39:30.791+0600][2.881s] GC(0)   Post Evacuate Collection Set: 45.4ms
[2021-09-22T20:39:30.791+0600][2.881s] GC(0)   Other: 6.6ms
[2021-09-22T20:39:30.791+0600][2.881s] GC(0) Eden regions: 27->0(304)
[2021-09-22T20:39:30.791+0600][2.881s] GC(0) Survivor regions: 0->3(4)
[2021-09-22T20:39:30.791+0600][2.881s] GC(0) Old regions: 2->2
[2021-09-22T20:39:30.791+0600][2.881s] GC(0) Humongous regions: 0->0
[2021-09-22T20:39:30.791+0600][2.881s] GC(0) Metaspace: 5677K->5677K(1056768K)
[2021-09-22T20:39:30.791+0600][2.881s] GC(0) Pause Young (Normal) (G1 Evacuation Pause) 27M->3M(514M) 143.513ms
[2021-09-22T20:39:30.791+0600][2.881s] GC(0) User=0.04s Sys=0.00s Real=0.14s
[2021-09-22T20:39:34.268+0600][6.358s] GC(1) Pause Young (Concurrent Start) (Metadata GC Threshold)
[2021-09-22T20:39:34.268+0600][6.358s] GC(1) Using 6 workers of 6 for evacuation
[2021-09-22T20:39:34.290+0600][6.380s] GC(1)   Pre Evacuate Collection Set: 0.0ms
[2021-09-22T20:39:34.290+0600][6.380s] GC(1)   Evacuate Collection Set: 20.8ms
[2021-09-22T20:39:34.290+0600][6.380s] GC(1)   Post Evacuate Collection Set: 1.8ms
[2021-09-22T20:39:34.291+0600][6.380s] GC(1)   Other: 0.2ms
[2021-09-22T20:39:34.291+0600][6.380s] GC(1) Eden regions: 108->0(73)
[2021-09-22T20:39:34.291+0600][6.380s] GC(1) Survivor regions: 3->19(39)
[2021-09-22T20:39:34.291+0600][6.380s] GC(1) Old regions: 2->2
[2021-09-22T20:39:34.291+0600][6.380s] GC(1) Humongous regions: 4->4
[2021-09-22T20:39:34.291+0600][6.380s] GC(1) Metaspace: 20466K->20466K(1069056K)
[2021-09-22T20:39:34.291+0600][6.380s] GC(1) Pause Young (Concurrent Start) (Metadata GC Threshold) 114M->23M(514M) 22.833ms
[2021-09-22T20:39:34.291+0600][6.380s] GC(1) User=0.05s Sys=0.00s Real=0.02s
[2021-09-22T20:39:34.291+0600][6.381s] GC(2) Concurrent Cycle
[2021-09-22T20:39:34.291+0600][6.381s] GC(2) Concurrent Clear Claimed Marks
[2021-09-22T20:39:34.291+0600][6.381s] GC(2) Concurrent Clear Claimed Marks 0.044ms
[2021-09-22T20:39:34.291+0600][6.381s] GC(2) Concurrent Scan Root Regions
[2021-09-22T20:39:34.307+0600][6.397s] GC(2) Concurrent Scan Root Regions 16.521ms
[2021-09-22T20:39:34.307+0600][6.397s] GC(2) Concurrent Mark (6.397s)
[2021-09-22T20:39:34.307+0600][6.397s] GC(2) Concurrent Mark From Roots
[2021-09-22T20:39:34.307+0600][6.397s] GC(2) Using 2 workers of 2 for marking
[2021-09-22T20:39:34.310+0600][6.400s] GC(2) Concurrent Mark From Roots 2.747ms
[2021-09-22T20:39:34.310+0600][6.400s] GC(2) Concurrent Preclean
[2021-09-22T20:39:34.310+0600][6.400s] GC(2) Concurrent Preclean 0.060ms
[2021-09-22T20:39:34.310+0600][6.400s] GC(2) Concurrent Mark (6.397s, 6.400s) 2.857ms
[2021-09-22T20:39:34.310+0600][6.400s] GC(2) Pause Remark
[2021-09-22T20:39:34.340+0600][6.430s] GC(2) Cleaned string and symbol table, strings: 8702 processed, 0 removed, symbols: 61982 processed, 27 removed
[2021-09-22T20:39:34.341+0600][6.430s] GC(2) Pause Remark 24M->24M(514M) 30.237ms
[2021-09-22T20:39:34.341+0600][6.430s] GC(2) User=0.05s Sys=0.00s Real=0.03s
[2021-09-22T20:39:34.341+0600][6.430s] GC(2) Concurrent Rebuild Remembered Sets
[2021-09-22T20:39:34.342+0600][6.432s] GC(2) Concurrent Rebuild Remembered Sets 1.741ms
[2021-09-22T20:39:34.342+0600][6.432s] GC(2) Pause Cleanup
[2021-09-22T20:39:34.343+0600][6.432s] GC(2) Pause Cleanup 24M->24M(514M) 0.093ms
[2021-09-22T20:39:34.343+0600][6.432s] GC(2) User=0.00s Sys=0.00s Real=0.00s
[2021-09-22T20:39:34.343+0600][6.432s] GC(2) Concurrent Cleanup for Next Mark
[2021-09-22T20:39:34.343+0600][6.433s] GC(2) Concurrent Cleanup for Next Mark 0.413ms
[2021-09-22T20:39:34.343+0600][6.433s] GC(2) Concurrent Cycle 52.517ms
[2021-09-22T20:39:34.875+0600][6.965s] GC(3) Pause Young (Normal) (G1 Evacuation Pause)
[2021-09-22T20:39:34.875+0600][6.965s] GC(3) Using 6 workers of 6 for evacuation
[2021-09-22T20:39:34.911+0600][7.001s] GC(3)   Pre Evacuate Collection Set: 0.0ms
[2021-09-22T20:39:34.911+0600][7.001s] GC(3)   Evacuate Collection Set: 22.9ms
[2021-09-22T20:39:34.911+0600][7.001s] GC(3)   Post Evacuate Collection Set: 12.8ms
[2021-09-22T20:39:34.911+0600][7.001s] GC(3)   Other: 0.1ms
[2021-09-22T20:39:34.911+0600][7.001s] GC(3) Eden regions: 51->0(121)
[2021-09-22T20:39:34.911+0600][7.001s] GC(3) Survivor regions: 19->3(9)
[2021-09-22T20:39:34.911+0600][7.001s] GC(3) Old regions: 2->21
[2021-09-22T20:39:34.911+0600][7.001s] GC(3) Humongous regions: 4->4
[2021-09-22T20:39:34.911+0600][7.001s] GC(3) Metaspace: 26727K->26727K(1073152K)
[2021-09-22T20:39:34.911+0600][7.001s] GC(3) Pause Young (Normal) (G1 Evacuation Pause) 74M->25M(514M) 35.971ms
[2021-09-22T20:39:34.911+0600][7.001s] GC(3) User=0.13s Sys=0.01s Real=0.03s
[2021-09-22T20:39:35.499+0600][7.588s] GC(4) Pause Young (Concurrent Start) (Metadata GC Threshold)
[2021-09-22T20:39:35.499+0600][7.588s] GC(4) Using 6 workers of 6 for evacuation
[2021-09-22T20:39:35.513+0600][7.602s] GC(4)   Pre Evacuate Collection Set: 0.1ms
[2021-09-22T20:39:35.513+0600][7.602s] GC(4)   Evacuate Collection Set: 11.2ms
[2021-09-22T20:39:35.513+0600][7.602s] GC(4)   Post Evacuate Collection Set: 2.6ms
[2021-09-22T20:39:35.513+0600][7.602s] GC(4)   Other: 0.1ms
[2021-09-22T20:39:35.513+0600][7.602s] GC(4) Eden regions: 83->0(152)
[2021-09-22T20:39:35.513+0600][7.602s] GC(4) Survivor regions: 3->7(16)
[2021-09-22T20:39:35.513+0600][7.602s] GC(4) Old regions: 21->21
[2021-09-22T20:39:35.513+0600][7.602s] GC(4) Humongous regions: 5->4
[2021-09-22T20:39:35.513+0600][7.602s] GC(4) Metaspace: 34801K->34801K(1081344K)
[2021-09-22T20:39:35.513+0600][7.602s] GC(4) Pause Young (Concurrent Start) (Metadata GC Threshold) 109M->29M(514M) 14.027ms
[2021-09-22T20:39:35.513+0600][7.602s] GC(4) User=0.04s Sys=0.00s Real=0.01s
[2021-09-22T20:39:35.513+0600][7.603s] GC(5) Concurrent Cycle
[2021-09-22T20:39:35.513+0600][7.603s] GC(5) Concurrent Clear Claimed Marks
[2021-09-22T20:39:35.513+0600][7.603s] GC(5) Concurrent Clear Claimed Marks 0.069ms
[2021-09-22T20:39:35.513+0600][7.603s] GC(5) Concurrent Scan Root Regions
[2021-09-22T20:39:35.514+0600][7.604s] GC(5) Concurrent Scan Root Regions 1.570ms
[2021-09-22T20:39:35.514+0600][7.604s] GC(5) Concurrent Mark (7.604s)
[2021-09-22T20:39:35.515+0600][7.604s] GC(5) Concurrent Mark From Roots
[2021-09-22T20:39:35.515+0600][7.604s] GC(5) Using 2 workers of 2 for marking
[2021-09-22T20:39:35.527+0600][7.617s] GC(5) Concurrent Mark From Roots 12.743ms
[2021-09-22T20:39:35.527+0600][7.617s] GC(5) Concurrent Preclean
[2021-09-22T20:39:35.527+0600][7.617s] GC(5) Concurrent Preclean 0.102ms
[2021-09-22T20:39:35.527+0600][7.617s] GC(5) Concurrent Mark (7.604s, 7.617s) 12.904ms
[2021-09-22T20:39:35.528+0600][7.617s] GC(5) Pause Remark
[2021-09-22T20:39:35.534+0600][7.624s] GC(5) Cleaned string and symbol table, strings: 14968 processed, 26 removed, symbols: 104387 processed, 115 removed
[2021-09-22T20:39:35.534+0600][7.624s] GC(5) Pause Remark 31M->31M(514M) 6.873ms
[2021-09-22T20:39:35.534+0600][7.624s] GC(5) User=0.03s Sys=0.00s Real=0.01s
[2021-09-22T20:39:35.534+0600][7.624s] GC(5) Concurrent Rebuild Remembered Sets
[2021-09-22T20:39:35.540+0600][7.630s] GC(5) Concurrent Rebuild Remembered Sets 5.764ms
[2021-09-22T20:39:35.540+0600][7.630s] GC(5) Pause Cleanup
[2021-09-22T20:39:35.540+0600][7.630s] GC(5) Pause Cleanup 32M->32M(514M) 0.091ms
[2021-09-22T20:39:35.540+0600][7.630s] GC(5) User=0.00s Sys=0.00s Real=0.00s
[2021-09-22T20:39:35.540+0600][7.630s] GC(5) Concurrent Cleanup for Next Mark
[2021-09-22T20:39:35.541+0600][7.631s] GC(5) Concurrent Cleanup for Next Mark 0.414ms
[2021-09-22T20:39:35.541+0600][7.631s] GC(5) Concurrent Cycle 28.139ms
[2021-09-22T20:39:36.083+0600][8.172s] GC(6) Pause Young (Normal) (G1 Evacuation Pause)
[2021-09-22T20:39:36.083+0600][8.172s] GC(6) Using 6 workers of 6 for evacuation
[2021-09-22T20:39:36.090+0600][8.180s] GC(6)   Pre Evacuate Collection Set: 0.0ms
[2021-09-22T20:39:36.090+0600][8.180s] GC(6)   Evacuate Collection Set: 7.2ms
[2021-09-22T20:39:36.090+0600][8.180s] GC(6)   Post Evacuate Collection Set: 0.3ms
[2021-09-22T20:39:36.090+0600][8.180s] GC(6)   Other: 0.1ms
[2021-09-22T20:39:36.090+0600][8.180s] GC(6) Eden regions: 152->0(188)
[2021-09-22T20:39:36.090+0600][8.180s] GC(6) Survivor regions: 7->10(20)
[2021-09-22T20:39:36.090+0600][8.180s] GC(6) Old regions: 21->21
[2021-09-22T20:39:36.090+0600][8.180s] GC(6) Humongous regions: 4->4
[2021-09-22T20:39:36.090+0600][8.180s] GC(6) Metaspace: 40976K->40976K(1085440K)
[2021-09-22T20:39:36.090+0600][8.180s] GC(6) Pause Young (Normal) (G1 Evacuation Pause) 181M->32M(514M) 7.727ms
[2021-09-22T20:39:36.090+0600][8.180s] GC(6) User=0.04s Sys=0.00s Real=0.00s
[2021-09-22T20:55:00.918+0600][933.008s] GC(7) Pause Young (Normal) (G1 Evacuation Pause)
[2021-09-22T20:55:00.918+0600][933.008s] GC(7) Using 6 workers of 6 for evacuation
[2021-09-22T20:55:00.932+0600][933.022s] GC(7)   Pre Evacuate Collection Set: 0.0ms
[2021-09-22T20:55:00.932+0600][933.022s] GC(7)   Evacuate Collection Set: 12.9ms
[2021-09-22T20:55:00.932+0600][933.022s] GC(7)   Post Evacuate Collection Set: 1.1ms
[2021-09-22T20:55:00.932+0600][933.022s] GC(7)   Other: 0.1ms
[2021-09-22T20:55:00.932+0600][933.022s] GC(7) Eden regions: 188->0(247)
[2021-09-22T20:55:00.932+0600][933.022s] GC(7) Survivor regions: 10->21(25)
[2021-09-22T20:55:00.932+0600][933.022s] GC(7) Old regions: 21->21
[2021-09-22T20:55:00.932+0600][933.022s] GC(7) Humongous regions: 7->7
[2021-09-22T20:55:00.932+0600][933.022s] GC(7) Metaspace: 51197K->51197K(1095680K)
[2021-09-22T20:55:00.932+0600][933.022s] GC(7) Pause Young (Normal) (G1 Evacuation Pause) 223M->46M(514M) 14.182ms
[2021-09-22T20:55:00.932+0600][933.022s] GC(7) User=0.04s Sys=0.01s Real=0.01s
[2021-09-22T20:55:01.583+0600][933.673s] GC(8) Pause Young (Normal) (G1 Evacuation Pause)
[2021-09-22T20:55:01.583+0600][933.673s] GC(8) Using 6 workers of 6 for evacuation
[2021-09-22T20:55:01.598+0600][933.688s] GC(8)   Pre Evacuate Collection Set: 0.0ms
[2021-09-22T20:55:01.598+0600][933.688s] GC(8)   Evacuate Collection Set: 13.9ms
[2021-09-22T20:55:01.598+0600][933.688s] GC(8)   Post Evacuate Collection Set: 1.0ms
[2021-09-22T20:55:01.598+0600][933.688s] GC(8)   Other: 0.2ms
[2021-09-22T20:55:01.598+0600][933.688s] GC(8) Eden regions: 247->0(286)
[2021-09-22T20:55:01.598+0600][933.688s] GC(8) Survivor regions: 21->18(34)
[2021-09-22T20:55:01.598+0600][933.688s] GC(8) Old regions: 21->27
[2021-09-22T20:55:01.598+0600][933.688s] GC(8) Humongous regions: 7->7
[2021-09-22T20:55:01.598+0600][933.688s] GC(8) Metaspace: 52793K->52793K(1097728K)
[2021-09-22T20:55:01.598+0600][933.688s] GC(8) Pause Young (Normal) (G1 Evacuation Pause) 293M->49M(514M) 15.150ms
[2021-09-22T20:55:01.598+0600][933.688s] GC(8) User=0.06s Sys=0.02s Real=0.01s
[2021-09-22T20:55:01.863+0600][933.953s] GC(9) Pause Young (Normal) (G1 Evacuation Pause)
[2021-09-22T20:55:01.863+0600][933.953s] GC(9) Using 6 workers of 6 for evacuation
[2021-09-22T20:55:01.877+0600][933.967s] GC(9)   Pre Evacuate Collection Set: 0.0ms
[2021-09-22T20:55:01.877+0600][933.967s] GC(9)   Evacuate Collection Set: 12.4ms
[2021-09-22T20:55:01.877+0600][933.967s] GC(9)   Post Evacuate Collection Set: 1.6ms
[2021-09-22T20:55:01.877+0600][933.967s] GC(9)   Other: 0.2ms
[2021-09-22T20:55:01.877+0600][933.967s] GC(9) Eden regions: 286->0(289)
[2021-09-22T20:55:01.877+0600][933.967s] GC(9) Survivor regions: 18->18(38)
[2021-09-22T20:55:01.877+0600][933.967s] GC(9) Old regions: 27->27
[2021-09-22T20:55:01.877+0600][933.967s] GC(9) Humongous regions: 7->7
[2021-09-22T20:55:01.877+0600][933.967s] GC(9) Metaspace: 53045K->53045K(1097728K)
[2021-09-22T20:55:01.877+0600][933.967s] GC(9) Pause Young (Normal) (G1 Evacuation Pause) 335M->49M(514M) 14.241ms
[2021-09-22T20:55:01.877+0600][933.967s] GC(9) User=0.05s Sys=0.00s Real=0.01s
[2021-09-22T20:55:02.125+0600][934.215s] GC(10) Pause Young (Normal) (G1 Evacuation Pause)
[2021-09-22T20:55:02.125+0600][934.215s] GC(10) Using 6 workers of 6 for evacuation
[2021-09-22T20:55:02.135+0600][934.224s] GC(10)   Pre Evacuate Collection Set: 0.0ms
[2021-09-22T20:55:02.135+0600][934.224s] GC(10)   Evacuate Collection Set: 8.1ms
[2021-09-22T20:55:02.135+0600][934.224s] GC(10)   Post Evacuate Collection Set: 1.2ms
[2021-09-22T20:55:02.135+0600][934.225s] GC(10)   Other: 0.2ms
[2021-09-22T20:55:02.135+0600][934.225s] GC(10) Eden regions: 289->0(288)
[2021-09-22T20:55:02.135+0600][934.225s] GC(10) Survivor regions: 18->19(39)
[2021-09-22T20:55:02.135+0600][934.225s] GC(10) Old regions: 27->27
[2021-09-22T20:55:02.135+0600][934.225s] GC(10) Humongous regions: 7->7
[2021-09-22T20:55:02.135+0600][934.225s] GC(10) Metaspace: 53449K->53449K(1097728K)
[2021-09-22T20:55:02.135+0600][934.225s] GC(10) Pause Young (Normal) (G1 Evacuation Pause) 338M->50M(514M) 9.485ms
[2021-09-22T20:55:02.135+0600][934.225s] GC(10) User=0.05s Sys=0.00s Real=0.01s
[2021-09-22T20:55:02.354+0600][934.444s] GC(11) Pause Young (Normal) (G1 Evacuation Pause)
[2021-09-22T20:55:02.354+0600][934.444s] GC(11) Using 6 workers of 6 for evacuation
[2021-09-22T20:55:02.370+0600][934.460s] GC(11)   Pre Evacuate Collection Set: 0.0ms
[2021-09-22T20:55:02.370+0600][934.460s] GC(11)   Evacuate Collection Set: 11.7ms
[2021-09-22T20:55:02.370+0600][934.460s] GC(11)   Post Evacuate Collection Set: 4.3ms
[2021-09-22T20:55:02.370+0600][934.460s] GC(11)   Other: 0.2ms
[2021-09-22T20:55:02.370+0600][934.460s] GC(11) Eden regions: 288->0(287)
[2021-09-22T20:55:02.370+0600][934.460s] GC(11) Survivor regions: 19->20(39)
[2021-09-22T20:55:02.370+0600][934.460s] GC(11) Old regions: 27->27
[2021-09-22T20:55:02.370+0600][934.460s] GC(11) Humongous regions: 7->7
[2021-09-22T20:55:02.370+0600][934.460s] GC(11) Metaspace: 53681K->53681K(1097728K)
[2021-09-22T20:55:02.370+0600][934.460s] GC(11) Pause Young (Normal) (G1 Evacuation Pause) 338M->51M(514M) 16.219ms
[2021-09-22T20:55:02.370+0600][934.460s] GC(11) User=0.06s Sys=0.01s Real=0.01s
[2021-09-22T20:55:02.646+0600][934.735s] GC(12) Pause Young (Normal) (G1 Evacuation Pause)
[2021-09-22T20:55:02.646+0600][934.736s] GC(12) Using 6 workers of 6 for evacuation
[2021-09-22T20:55:02.660+0600][934.749s] GC(12)   Pre Evacuate Collection Set: 0.0ms
[2021-09-22T20:55:02.660+0600][934.749s] GC(12)   Evacuate Collection Set: 8.0ms
[2021-09-22T20:55:02.660+0600][934.749s] GC(12)   Post Evacuate Collection Set: 5.7ms
[2021-09-22T20:55:02.660+0600][934.749s] GC(12)   Other: 0.2ms
[2021-09-22T20:55:02.660+0600][934.749s] GC(12) Eden regions: 287->0(288)
[2021-09-22T20:55:02.660+0600][934.749s] GC(12) Survivor regions: 20->19(39)
[2021-09-22T20:55:02.660+0600][934.749s] GC(12) Old regions: 27->27
[2021-09-22T20:55:02.660+0600][934.749s] GC(12) Humongous regions: 7->7
[2021-09-22T20:55:02.660+0600][934.749s] GC(12) Metaspace: 54149K->54149K(1097728K)
[2021-09-22T20:55:02.660+0600][934.749s] GC(12) Pause Young (Normal) (G1 Evacuation Pause) 338M->50M(514M) 13.974ms
[2021-09-22T20:55:02.660+0600][934.749s] GC(12) User=0.07s Sys=0.00s Real=0.01s
[2021-09-22T20:55:02.887+0600][934.976s] GC(13) Pause Young (Normal) (G1 Evacuation Pause)
[2021-09-22T20:55:02.887+0600][934.976s] GC(13) Using 6 workers of 6 for evacuation
[2021-09-22T20:55:02.903+0600][934.993s] GC(13)   Pre Evacuate Collection Set: 0.0ms
[2021-09-22T20:55:02.903+0600][934.993s] GC(13)   Evacuate Collection Set: 11.6ms
[2021-09-22T20:55:02.903+0600][934.993s] GC(13)   Post Evacuate Collection Set: 4.5ms
[2021-09-22T20:55:02.903+0600][934.993s] GC(13)   Other: 0.2ms
[2021-09-22T20:55:02.903+0600][934.993s] GC(13) Eden regions: 288->0(289)
[2021-09-22T20:55:02.903+0600][934.993s] GC(13) Survivor regions: 19->18(39)
[2021-09-22T20:55:02.903+0600][934.993s] GC(13) Old regions: 27->27
[2021-09-22T20:55:02.903+0600][934.993s] GC(13) Humongous regions: 7->7
[2021-09-22T20:55:02.903+0600][934.993s] GC(13) Metaspace: 54507K->54507K(1099776K)
[2021-09-22T20:55:02.903+0600][934.993s] GC(13) Pause Young (Normal) (G1 Evacuation Pause) 338M->49M(514M) 16.354ms
[2021-09-22T20:55:02.903+0600][934.993s] GC(13) User=0.07s Sys=0.00s Real=0.02s
[2021-09-22T20:55:03.147+0600][935.237s] GC(14) Pause Young (Normal) (G1 Evacuation Pause)
[2021-09-22T20:55:03.147+0600][935.237s] GC(14) Using 6 workers of 6 for evacuation
[2021-09-22T20:55:03.166+0600][935.256s] GC(14)   Pre Evacuate Collection Set: 0.0ms
[2021-09-22T20:55:03.166+0600][935.256s] GC(14)   Evacuate Collection Set: 10.4ms
[2021-09-22T20:55:03.166+0600][935.256s] GC(14)   Post Evacuate Collection Set: 8.3ms
[2021-09-22T20:55:03.166+0600][935.256s] GC(14)   Other: 0.2ms
[2021-09-22T20:55:03.166+0600][935.256s] GC(14) Eden regions: 289->0(288)
[2021-09-22T20:55:03.166+0600][935.256s] GC(14) Survivor regions: 18->19(39)
[2021-09-22T20:55:03.166+0600][935.256s] GC(14) Old regions: 27->27
[2021-09-22T20:55:03.166+0600][935.256s] GC(14) Humongous regions: 7->7
[2021-09-22T20:55:03.166+0600][935.256s] GC(14) Metaspace: 55043K->55043K(1099776K)
[2021-09-22T20:55:03.166+0600][935.256s] GC(14) Pause Young (Normal) (G1 Evacuation Pause) 338M->50M(514M) 18.986ms
[2021-09-22T20:55:03.166+0600][935.256s] GC(14) User=0.06s Sys=0.00s Real=0.02s
[2021-09-22T20:55:03.474+0600][935.564s] GC(15) Pause Young (Normal) (G1 Evacuation Pause)
[2021-09-22T20:55:03.474+0600][935.564s] GC(15) Using 6 workers of 6 for evacuation
[2021-09-22T20:55:03.490+0600][935.580s] GC(15)   Pre Evacuate Collection Set: 0.0ms
[2021-09-22T20:55:03.490+0600][935.580s] GC(15)   Evacuate Collection Set: 13.7ms
[2021-09-22T20:55:03.490+0600][935.580s] GC(15)   Post Evacuate Collection Set: 2.4ms
[2021-09-22T20:55:03.491+0600][935.580s] GC(15)   Other: 0.2ms
[2021-09-22T20:55:03.491+0600][935.580s] GC(15) Eden regions: 288->0(287)
[2021-09-22T20:55:03.491+0600][935.580s] GC(15) Survivor regions: 19->20(39)
[2021-09-22T20:55:03.491+0600][935.580s] GC(15) Old regions: 27->27
[2021-09-22T20:55:03.491+0600][935.580s] GC(15) Humongous regions: 7->7
[2021-09-22T20:55:03.491+0600][935.580s] GC(15) Metaspace: 55336K->55336K(1099776K)
[2021-09-22T20:55:03.491+0600][935.580s] GC(15) Pause Young (Normal) (G1 Evacuation Pause) 338M->51M(514M) 16.368ms
[2021-09-22T20:55:03.491+0600][935.580s] GC(15) User=0.08s Sys=0.00s Real=0.01s
[2021-09-22T20:55:03.733+0600][935.822s] GC(16) Pause Young (Normal) (G1 Evacuation Pause)
[2021-09-22T20:55:03.733+0600][935.822s] GC(16) Using 6 workers of 6 for evacuation
[2021-09-22T20:55:03.747+0600][935.837s] GC(16)   Pre Evacuate Collection Set: 0.0ms
[2021-09-22T20:55:03.747+0600][935.837s] GC(16)   Evacuate Collection Set: 12.9ms
[2021-09-22T20:55:03.747+0600][935.837s] GC(16)   Post Evacuate Collection Set: 1.1ms
[2021-09-22T20:55:03.747+0600][935.837s] GC(16)   Other: 0.2ms
[2021-09-22T20:55:03.747+0600][935.837s] GC(16) Eden regions: 287->0(288)
[2021-09-22T20:55:03.747+0600][935.837s] GC(16) Survivor regions: 20->19(39)
[2021-09-22T20:55:03.747+0600][935.837s] GC(16) Old regions: 27->27
[2021-09-22T20:55:03.747+0600][935.837s] GC(16) Humongous regions: 7->7
[2021-09-22T20:55:03.747+0600][935.837s] GC(16) Metaspace: 55561K->55561K(1099776K)
[2021-09-22T20:55:03.747+0600][935.837s] GC(16) Pause Young (Normal) (G1 Evacuation Pause) 338M->50M(514M) 14.248ms
[2021-09-22T20:55:03.747+0600][935.837s] GC(16) User=0.06s Sys=0.00s Real=0.02s
[2021-09-22T20:55:04.041+0600][936.131s] GC(17) Pause Young (Normal) (G1 Evacuation Pause)
[2021-09-22T20:55:04.042+0600][936.131s] GC(17) Using 6 workers of 6 for evacuation
[2021-09-22T20:55:04.056+0600][936.146s] GC(17)   Pre Evacuate Collection Set: 0.0ms
[2021-09-22T20:55:04.056+0600][936.146s] GC(17)   Evacuate Collection Set: 12.3ms
[2021-09-22T20:55:04.056+0600][936.146s] GC(17)   Post Evacuate Collection Set: 1.8ms
[2021-09-22T20:55:04.056+0600][936.146s] GC(17)   Other: 0.2ms
[2021-09-22T20:55:04.056+0600][936.146s] GC(17) Eden regions: 288->0(287)
[2021-09-22T20:55:04.056+0600][936.146s] GC(17) Survivor regions: 19->20(39)
[2021-09-22T20:55:04.056+0600][936.146s] GC(17) Old regions: 27->27
[2021-09-22T20:55:04.056+0600][936.146s] GC(17) Humongous regions: 7->7
[2021-09-22T20:55:04.056+0600][936.146s] GC(17) Metaspace: 55799K->55799K(1099776K)
[2021-09-22T20:55:04.056+0600][936.146s] GC(17) Pause Young (Normal) (G1 Evacuation Pause) 338M->51M(514M) 14.501ms
[2021-09-22T20:55:04.056+0600][936.146s] GC(17) User=0.04s Sys=0.00s Real=0.02s
[2021-09-22T20:55:04.320+0600][936.410s] GC(18) Pause Young (Normal) (G1 Evacuation Pause)
[2021-09-22T20:55:04.320+0600][936.410s] GC(18) Using 6 workers of 6 for evacuation
[2021-09-22T20:55:04.334+0600][936.424s] GC(18)   Pre Evacuate Collection Set: 0.0ms
[2021-09-22T20:55:04.334+0600][936.424s] GC(18)   Evacuate Collection Set: 7.4ms
[2021-09-22T20:55:04.334+0600][936.424s] GC(18)   Post Evacuate Collection Set: 6.6ms
[2021-09-22T20:55:04.334+0600][936.424s] GC(18)   Other: 0.2ms
[2021-09-22T20:55:04.334+0600][936.424s] GC(18) Eden regions: 287->0(288)
[2021-09-22T20:55:04.334+0600][936.424s] GC(18) Survivor regions: 20->19(39)
[2021-09-22T20:55:04.334+0600][936.424s] GC(18) Old regions: 27->27
[2021-09-22T20:55:04.334+0600][936.424s] GC(18) Humongous regions: 7->7
[2021-09-22T20:55:04.334+0600][936.424s] GC(18) Metaspace: 55941K->55941K(1099776K)
[2021-09-22T20:55:04.334+0600][936.424s] GC(18) Pause Young (Normal) (G1 Evacuation Pause) 338M->50M(514M) 14.219ms
[2021-09-22T20:55:04.334+0600][936.424s] GC(18) User=0.06s Sys=0.00s Real=0.02s
[2021-09-22T20:55:04.570+0600][936.660s] GC(19) Pause Young (Normal) (G1 Evacuation Pause)
[2021-09-22T20:55:04.570+0600][936.660s] GC(19) Using 6 workers of 6 for evacuation
[2021-09-22T20:55:04.583+0600][936.673s] GC(19)   Pre Evacuate Collection Set: 0.0ms
[2021-09-22T20:55:04.583+0600][936.673s] GC(19)   Evacuate Collection Set: 10.7ms
[2021-09-22T20:55:04.583+0600][936.673s] GC(19)   Post Evacuate Collection Set: 2.4ms
[2021-09-22T20:55:04.583+0600][936.673s] GC(19)   Other: 0.2ms
[2021-09-22T20:55:04.583+0600][936.673s] GC(19) Eden regions: 288->0(286)
[2021-09-22T20:55:04.583+0600][936.673s] GC(19) Survivor regions: 19->21(39)
[2021-09-22T20:55:04.583+0600][936.673s] GC(19) Old regions: 27->27
[2021-09-22T20:55:04.583+0600][936.673s] GC(19) Humongous regions: 7->7
[2021-09-22T20:55:04.583+0600][936.673s] GC(19) Metaspace: 56108K->56108K(1099776K)
[2021-09-22T20:55:04.583+0600][936.673s] GC(19) Pause Young (Normal) (G1 Evacuation Pause) 338M->52M(514M) 13.358ms
[2021-09-22T20:55:04.583+0600][936.673s] GC(19) User=0.04s Sys=0.00s Real=0.02s
[2021-09-22T20:55:04.858+0600][936.948s] GC(20) Pause Young (Normal) (G1 Evacuation Pause)
[2021-09-22T20:55:04.858+0600][936.948s] GC(20) Using 6 workers of 6 for evacuation
[2021-09-22T20:55:04.879+0600][936.969s] GC(20)   Pre Evacuate Collection Set: 0.0ms
[2021-09-22T20:55:04.879+0600][936.969s] GC(20)   Evacuate Collection Set: 17.3ms
[2021-09-22T20:55:04.879+0600][936.969s] GC(20)   Post Evacuate Collection Set: 3.3ms
[2021-09-22T20:55:04.879+0600][936.969s] GC(20)   Other: 0.2ms
[2021-09-22T20:55:04.879+0600][936.969s] GC(20) Eden regions: 286->0(286)
[2021-09-22T20:55:04.879+0600][936.969s] GC(20) Survivor regions: 21->21(39)
[2021-09-22T20:55:04.879+0600][936.969s] GC(20) Old regions: 27->27
[2021-09-22T20:55:04.879+0600][936.969s] GC(20) Humongous regions: 7->7
[2021-09-22T20:55:04.879+0600][936.969s] GC(20) Metaspace: 56171K->56171K(1099776K)
[2021-09-22T20:55:04.879+0600][936.969s] GC(20) Pause Young (Normal) (G1 Evacuation Pause) 338M->52M(514M) 20.904ms
[2021-09-22T20:55:04.879+0600][936.969s] GC(20) User=0.05s Sys=0.00s Real=0.02s
[2021-09-22T20:55:05.111+0600][937.201s] GC(21) Pause Young (Normal) (G1 Evacuation Pause)
[2021-09-22T20:55:05.111+0600][937.201s] GC(21) Using 6 workers of 6 for evacuation
[2021-09-22T20:55:05.123+0600][937.213s] GC(21)   Pre Evacuate Collection Set: 0.0ms
[2021-09-22T20:55:05.123+0600][937.213s] GC(21)   Evacuate Collection Set: 9.2ms
[2021-09-22T20:55:05.123+0600][937.213s] GC(21)   Post Evacuate Collection Set: 2.1ms
[2021-09-22T20:55:05.123+0600][937.213s] GC(21)   Other: 0.2ms
[2021-09-22T20:55:05.123+0600][937.213s] GC(21) Eden regions: 286->0(289)
[2021-09-22T20:55:05.123+0600][937.213s] GC(21) Survivor regions: 21->18(39)
[2021-09-22T20:55:05.123+0600][937.213s] GC(21) Old regions: 27->30
[2021-09-22T20:55:05.123+0600][937.213s] GC(21) Humongous regions: 7->7
[2021-09-22T20:55:05.123+0600][937.213s] GC(21) Metaspace: 56231K->56231K(1099776K)
[2021-09-22T20:55:05.123+0600][937.213s] GC(21) Pause Young (Normal) (G1 Evacuation Pause) 338M->53M(514M) 11.534ms
[2021-09-22T20:55:05.123+0600][937.213s] GC(21) User=0.05s Sys=0.00s Real=0.02s
[2021-09-22T20:55:05.360+0600][937.450s] GC(22) Pause Young (Normal) (G1 Evacuation Pause)
[2021-09-22T20:55:05.360+0600][937.450s] GC(22) Using 6 workers of 6 for evacuation
[2021-09-22T20:55:05.390+0600][937.480s] GC(22)   Pre Evacuate Collection Set: 0.0ms
[2021-09-22T20:55:05.390+0600][937.480s] GC(22)   Evacuate Collection Set: 20.2ms
[2021-09-22T20:55:05.390+0600][937.480s] GC(22)   Post Evacuate Collection Set: 9.0ms
[2021-09-22T20:55:05.390+0600][937.480s] GC(22)   Other: 0.2ms
[2021-09-22T20:55:05.390+0600][937.480s] GC(22) Eden regions: 289->0(298)
[2021-09-22T20:55:05.390+0600][937.480s] GC(22) Survivor regions: 18->9(39)
[2021-09-22T20:55:05.390+0600][937.480s] GC(22) Old regions: 30->40
[2021-09-22T20:55:05.390+0600][937.480s] GC(22) Humongous regions: 7->7
[2021-09-22T20:55:05.390+0600][937.480s] GC(22) Metaspace: 56304K->56304K(1099776K)
[2021-09-22T20:55:05.390+0600][937.480s] GC(22) Pause Young (Normal) (G1 Evacuation Pause) 342M->53M(514M) 29.435ms
[2021-09-22T20:55:05.390+0600][937.480s] GC(22) User=0.08s Sys=0.01s Real=0.03s
[2021-09-22T20:55:05.637+0600][937.727s] GC(23) Pause Young (Normal) (G1 Evacuation Pause)
[2021-09-22T20:55:05.637+0600][937.727s] GC(23) Using 6 workers of 6 for evacuation
[2021-09-22T20:55:05.646+0600][937.736s] GC(23)   Pre Evacuate Collection Set: 0.0ms
[2021-09-22T20:55:05.646+0600][937.736s] GC(23)   Evacuate Collection Set: 5.2ms
[2021-09-22T20:55:05.646+0600][937.736s] GC(23)   Post Evacuate Collection Set: 3.8ms
[2021-09-22T20:55:05.646+0600][937.736s] GC(23)   Other: 0.2ms
[2021-09-22T20:55:05.646+0600][937.736s] GC(23) Eden regions: 298->0(299)
[2021-09-22T20:55:05.646+0600][937.736s] GC(23) Survivor regions: 9->8(39)
[2021-09-22T20:55:05.646+0600][937.736s] GC(23) Old regions: 40->41
[2021-09-22T20:55:05.646+0600][937.736s] GC(23) Humongous regions: 7->7
[2021-09-22T20:55:05.646+0600][937.736s] GC(23) Metaspace: 56368K->56368K(1099776K)
[2021-09-22T20:55:05.646+0600][937.736s] GC(23) Pause Young (Normal) (G1 Evacuation Pause) 351M->53M(514M) 9.208ms
[2021-09-22T20:55:05.646+0600][937.736s] GC(23) User=0.04s Sys=0.00s Real=0.01s
[2021-09-22T20:55:05.809+0600][937.899s] GC(24) Pause Young (Normal) (G1 Evacuation Pause)
[2021-09-22T20:55:05.809+0600][937.899s] GC(24) Using 6 workers of 6 for evacuation
[2021-09-22T20:55:05.815+0600][937.905s] GC(24)   Pre Evacuate Collection Set: 0.0ms
[2021-09-22T20:55:05.815+0600][937.905s] GC(24)   Evacuate Collection Set: 4.9ms
[2021-09-22T20:55:05.815+0600][937.905s] GC(24)   Post Evacuate Collection Set: 1.0ms
[2021-09-22T20:55:05.815+0600][937.905s] GC(24)   Other: 0.2ms
[2021-09-22T20:55:05.815+0600][937.905s] GC(24) Eden regions: 299->0(300)
[2021-09-22T20:55:05.815+0600][937.905s] GC(24) Survivor regions: 8->7(39)
[2021-09-22T20:55:05.816+0600][937.905s] GC(24) Old regions: 41->42
[2021-09-22T20:55:05.816+0600][937.905s] GC(24) Humongous regions: 7->7
[2021-09-22T20:55:05.816+0600][937.905s] GC(24) Metaspace: 56396K->56396K(1099776K)
[2021-09-22T20:55:05.816+0600][937.905s] GC(24) Pause Young (Normal) (G1 Evacuation Pause) 352M->53M(514M) 6.202ms
[2021-09-22T20:55:05.816+0600][937.905s] GC(24) User=0.03s Sys=0.00s Real=0.01s
[2021-09-22T20:55:06.046+0600][938.136s] GC(25) Pause Young (Normal) (G1 Evacuation Pause)
[2021-09-22T20:55:06.046+0600][938.136s] GC(25) Using 6 workers of 6 for evacuation
[2021-09-22T20:55:06.051+0600][938.141s] GC(25)   Pre Evacuate Collection Set: 0.0ms
[2021-09-22T20:55:06.051+0600][938.141s] GC(25)   Evacuate Collection Set: 3.4ms
[2021-09-22T20:55:06.051+0600][938.141s] GC(25)   Post Evacuate Collection Set: 1.4ms
[2021-09-22T20:55:06.051+0600][938.141s] GC(25)   Other: 0.2ms
[2021-09-22T20:55:06.051+0600][938.141s] GC(25) Eden regions: 300->0(300)
[2021-09-22T20:55:06.051+0600][938.141s] GC(25) Survivor regions: 7->7(39)
[2021-09-22T20:55:06.051+0600][938.141s] GC(25) Old regions: 42->42
[2021-09-22T20:55:06.051+0600][938.141s] GC(25) Humongous regions: 7->7
[2021-09-22T20:55:06.051+0600][938.141s] GC(25) Metaspace: 56456K->56456K(1099776K)
[2021-09-22T20:55:06.051+0600][938.141s] GC(25) Pause Young (Normal) (G1 Evacuation Pause) 353M->53M(514M) 5.027ms
[2021-09-22T20:55:06.051+0600][938.141s] GC(25) User=0.02s Sys=0.00s Real=0.00s
[2021-09-22T20:55:06.225+0600][938.314s] GC(26) Pause Young (Normal) (G1 Evacuation Pause)
[2021-09-22T20:55:06.225+0600][938.314s] GC(26) Using 6 workers of 6 for evacuation
[2021-09-22T20:55:06.238+0600][938.328s] GC(26)   Pre Evacuate Collection Set: 0.0ms
[2021-09-22T20:55:06.238+0600][938.328s] GC(26)   Evacuate Collection Set: 3.8ms
[2021-09-22T20:55:06.238+0600][938.328s] GC(26)   Post Evacuate Collection Set: 9.7ms
[2021-09-22T20:55:06.238+0600][938.328s] GC(26)   Other: 0.2ms
[2021-09-22T20:55:06.238+0600][938.328s] GC(26) Eden regions: 300->0(299)
[2021-09-22T20:55:06.238+0600][938.328s] GC(26) Survivor regions: 7->8(39)
[2021-09-22T20:55:06.238+0600][938.328s] GC(26) Old regions: 42->42
[2021-09-22T20:55:06.238+0600][938.328s] GC(26) Humongous regions: 7->7
[2021-09-22T20:55:06.238+0600][938.328s] GC(26) Metaspace: 56500K->56500K(1099776K)
[2021-09-22T20:55:06.238+0600][938.328s] GC(26) Pause Young (Normal) (G1 Evacuation Pause) 353M->54M(514M) 13.680ms
[2021-09-22T20:55:06.238+0600][938.328s] GC(26) User=0.06s Sys=0.00s Real=0.01s
[2021-09-22T20:55:06.480+0600][938.570s] GC(27) Pause Young (Normal) (G1 Evacuation Pause)
[2021-09-22T20:55:06.480+0600][938.570s] GC(27) Using 6 workers of 6 for evacuation
[2021-09-22T20:55:06.498+0600][938.588s] GC(27)   Pre Evacuate Collection Set: 0.0ms
[2021-09-22T20:55:06.498+0600][938.588s] GC(27)   Evacuate Collection Set: 9.0ms
[2021-09-22T20:55:06.498+0600][938.588s] GC(27)   Post Evacuate Collection Set: 8.4ms
[2021-09-22T20:55:06.498+0600][938.588s] GC(27)   Other: 0.2ms
[2021-09-22T20:55:06.498+0600][938.588s] GC(27) Eden regions: 299->0(301)
[2021-09-22T20:55:06.498+0600][938.588s] GC(27) Survivor regions: 8->6(39)
[2021-09-22T20:55:06.498+0600][938.588s] GC(27) Old regions: 42->43
[2021-09-22T20:55:06.498+0600][938.588s] GC(27) Humongous regions: 7->7
[2021-09-22T20:55:06.498+0600][938.588s] GC(27) Metaspace: 56515K->56515K(1099776K)
[2021-09-22T20:55:06.498+0600][938.588s] GC(27) Pause Young (Normal) (G1 Evacuation Pause) 353M->53M(514M) 17.580ms
[2021-09-22T20:55:06.498+0600][938.588s] GC(27) User=0.06s Sys=0.00s Real=0.02s
[2021-09-22T20:55:06.686+0600][938.775s] GC(28) Pause Young (Normal) (G1 Evacuation Pause)
[2021-09-22T20:55:06.686+0600][938.775s] GC(28) Using 6 workers of 6 for evacuation
[2021-09-22T20:55:06.693+0600][938.782s] GC(28)   Pre Evacuate Collection Set: 0.0ms
[2021-09-22T20:55:06.693+0600][938.782s] GC(28)   Evacuate Collection Set: 4.0ms
[2021-09-22T20:55:06.693+0600][938.782s] GC(28)   Post Evacuate Collection Set: 2.7ms
[2021-09-22T20:55:06.693+0600][938.782s] GC(28)   Other: 0.2ms
[2021-09-22T20:55:06.693+0600][938.782s] GC(28) Eden regions: 301->0(341)
[2021-09-22T20:55:06.693+0600][938.782s] GC(28) Survivor regions: 6->8(39)
[2021-09-22T20:55:06.693+0600][938.782s] GC(28) Old regions: 43->43
[2021-09-22T20:55:06.693+0600][938.782s] GC(28) Humongous regions: 7->7
[2021-09-22T20:55:06.693+0600][938.782s] GC(28) Metaspace: 56530K->56530K(1099776K)
[2021-09-22T20:55:06.693+0600][938.782s] GC(28) Pause Young (Normal) (G1 Evacuation Pause) 354M->55M(582M) 7.019ms
[2021-09-22T20:55:06.693+0600][938.782s] GC(28) User=0.03s Sys=0.00s Real=0.00s
[2021-09-22T20:55:06.956+0600][939.046s] GC(29) Pause Young (Normal) (G1 Evacuation Pause)
[2021-09-22T20:55:06.956+0600][939.046s] GC(29) Using 6 workers of 6 for evacuation
[2021-09-22T20:55:06.968+0600][939.058s] GC(29)   Pre Evacuate Collection Set: 0.0ms
[2021-09-22T20:55:06.968+0600][939.058s] GC(29)   Evacuate Collection Set: 4.9ms
[2021-09-22T20:55:06.968+0600][939.058s] GC(29)   Post Evacuate Collection Set: 6.4ms
[2021-09-22T20:55:06.968+0600][939.058s] GC(29)   Other: 0.3ms
[2021-09-22T20:55:06.968+0600][939.058s] GC(29) Eden regions: 341->0(342)
[2021-09-22T20:55:06.968+0600][939.058s] GC(29) Survivor regions: 8->7(44)
[2021-09-22T20:55:06.968+0600][939.058s] GC(29) Old regions: 43->43
[2021-09-22T20:55:06.968+0600][939.058s] GC(29) Humongous regions: 7->7
[2021-09-22T20:55:06.968+0600][939.058s] GC(29) Metaspace: 56538K->56538K(1099776K)
[2021-09-22T20:55:06.968+0600][939.058s] GC(29) Pause Young (Normal) (G1 Evacuation Pause) 396M->54M(582M) 11.595ms
[2021-09-22T20:55:06.968+0600][939.058s] GC(29) User=0.05s Sys=0.00s Real=0.01s
[2021-09-22T20:55:07.210+0600][939.300s] GC(30) Pause Young (Normal) (G1 Evacuation Pause)
[2021-09-22T20:55:07.210+0600][939.300s] GC(30) Using 6 workers of 6 for evacuation
[2021-09-22T20:55:07.216+0600][939.306s] GC(30)   Pre Evacuate Collection Set: 0.0ms
[2021-09-22T20:55:07.216+0600][939.306s] GC(30)   Evacuate Collection Set: 3.5ms
[2021-09-22T20:55:07.216+0600][939.306s] GC(30)   Post Evacuate Collection Set: 2.2ms
[2021-09-22T20:55:07.216+0600][939.306s] GC(30)   Other: 0.2ms
[2021-09-22T20:55:07.216+0600][939.306s] GC(30) Eden regions: 342->0(342)
[2021-09-22T20:55:07.216+0600][939.306s] GC(30) Survivor regions: 7->7(44)
[2021-09-22T20:55:07.216+0600][939.306s] GC(30) Old regions: 43->43
[2021-09-22T20:55:07.216+0600][939.306s] GC(30) Humongous regions: 7->7
[2021-09-22T20:55:07.216+0600][939.306s] GC(30) Metaspace: 56543K->56543K(1101824K)
[2021-09-22T20:55:07.216+0600][939.306s] GC(30) Pause Young (Normal) (G1 Evacuation Pause) 396M->54M(582M) 6.061ms
[2021-09-22T20:55:07.216+0600][939.306s] GC(30) User=0.02s Sys=0.00s Real=0.01s
[2021-09-22T20:55:07.467+0600][939.556s] GC(31) Pause Young (Normal) (G1 Evacuation Pause)
[2021-09-22T20:55:07.467+0600][939.556s] GC(31) Using 6 workers of 6 for evacuation
[2021-09-22T20:55:07.478+0600][939.568s] GC(31)   Pre Evacuate Collection Set: 0.0ms
[2021-09-22T20:55:07.478+0600][939.568s] GC(31)   Evacuate Collection Set: 7.7ms
[2021-09-22T20:55:07.478+0600][939.568s] GC(31)   Post Evacuate Collection Set: 3.7ms
[2021-09-22T20:55:07.478+0600][939.568s] GC(31)   Other: 0.2ms
[2021-09-22T20:55:07.478+0600][939.568s] GC(31) Eden regions: 342->0(342)
[2021-09-22T20:55:07.478+0600][939.568s] GC(31) Survivor regions: 7->7(44)
[2021-09-22T20:55:07.478+0600][939.568s] GC(31) Old regions: 43->43
[2021-09-22T20:55:07.478+0600][939.568s] GC(31) Humongous regions: 7->7
[2021-09-22T20:55:07.478+0600][939.568s] GC(31) Metaspace: 56553K->56553K(1101824K)
[2021-09-22T20:55:07.478+0600][939.568s] GC(31) Pause Young (Normal) (G1 Evacuation Pause) 396M->55M(582M) 11.652ms
[2021-09-22T20:55:07.478+0600][939.568s] GC(31) User=0.04s Sys=0.00s Real=0.01s
[2021-09-22T20:55:07.686+0600][939.776s] GC(32) Pause Young (Normal) (G1 Evacuation Pause)
[2021-09-22T20:55:07.686+0600][939.776s] GC(32) Using 6 workers of 6 for evacuation
[2021-09-22T20:55:07.692+0600][939.782s] GC(32)   Pre Evacuate Collection Set: 0.0ms
[2021-09-22T20:55:07.692+0600][939.782s] GC(32)   Evacuate Collection Set: 4.1ms
[2021-09-22T20:55:07.692+0600][939.782s] GC(32)   Post Evacuate Collection Set: 1.9ms
[2021-09-22T20:55:07.692+0600][939.782s] GC(32)   Other: 0.2ms
[2021-09-22T20:55:07.692+0600][939.782s] GC(32) Eden regions: 342->0(342)
[2021-09-22T20:55:07.692+0600][939.782s] GC(32) Survivor regions: 7->7(44)
[2021-09-22T20:55:07.692+0600][939.782s] GC(32) Old regions: 43->43
[2021-09-22T20:55:07.692+0600][939.782s] GC(32) Humongous regions: 7->7
[2021-09-22T20:55:07.692+0600][939.782s] GC(32) Metaspace: 56553K->56553K(1101824K)
[2021-09-22T20:55:07.692+0600][939.782s] GC(32) Pause Young (Normal) (G1 Evacuation Pause) 397M->55M(582M) 6.184ms
[2021-09-22T20:55:07.692+0600][939.782s] GC(32) User=0.03s Sys=0.00s Real=0.00s
[2021-09-22T20:55:07.924+0600][940.013s] GC(33) Pause Young (Normal) (G1 Evacuation Pause)
[2021-09-22T20:55:07.924+0600][940.014s] GC(33) Using 6 workers of 6 for evacuation
[2021-09-22T20:55:07.931+0600][940.020s] GC(33)   Pre Evacuate Collection Set: 0.0ms
[2021-09-22T20:55:07.931+0600][940.020s] GC(33)   Evacuate Collection Set: 4.7ms
[2021-09-22T20:55:07.931+0600][940.020s] GC(33)   Post Evacuate Collection Set: 2.0ms
[2021-09-22T20:55:07.931+0600][940.020s] GC(33)   Other: 0.2ms
[2021-09-22T20:55:07.931+0600][940.020s] GC(33) Eden regions: 342->0(340)
[2021-09-22T20:55:07.931+0600][940.020s] GC(33) Survivor regions: 7->9(44)
[2021-09-22T20:55:07.931+0600][940.020s] GC(33) Old regions: 43->43
[2021-09-22T20:55:07.931+0600][940.020s] GC(33) Humongous regions: 7->7
[2021-09-22T20:55:07.931+0600][940.020s] GC(33) Metaspace: 56554K->56554K(1101824K)
[2021-09-22T20:55:07.931+0600][940.020s] GC(33) Pause Young (Normal) (G1 Evacuation Pause) 397M->56M(582M) 6.986ms
[2021-09-22T20:55:07.931+0600][940.020s] GC(33) User=0.02s Sys=0.00s Real=0.00s
[2021-09-22T20:55:08.194+0600][940.283s] GC(34) Pause Young (Normal) (G1 Evacuation Pause)
[2021-09-22T20:55:08.194+0600][940.283s] GC(34) Using 6 workers of 6 for evacuation
[2021-09-22T20:55:08.207+0600][940.296s] GC(34)   Pre Evacuate Collection Set: 0.0ms
[2021-09-22T20:55:08.207+0600][940.296s] GC(34)   Evacuate Collection Set: 10.0ms
[2021-09-22T20:55:08.207+0600][940.296s] GC(34)   Post Evacuate Collection Set: 2.8ms
[2021-09-22T20:55:08.207+0600][940.296s] GC(34)   Other: 0.3ms
[2021-09-22T20:55:08.207+0600][940.296s] GC(34) Eden regions: 340->0(341)
[2021-09-22T20:55:08.207+0600][940.296s] GC(34) Survivor regions: 9->8(44)
[2021-09-22T20:55:08.207+0600][940.297s] GC(34) Old regions: 43->43
[2021-09-22T20:55:08.207+0600][940.297s] GC(34) Humongous regions: 7->7
[2021-09-22T20:55:08.207+0600][940.297s] GC(34) Metaspace: 56555K->56555K(1101824K)
[2021-09-22T20:55:08.207+0600][940.297s] GC(34) Pause Young (Normal) (G1 Evacuation Pause) 396M->55M(582M) 13.168ms
[2021-09-22T20:55:08.207+0600][940.297s] GC(34) User=0.04s Sys=0.00s Real=0.02s
[2021-09-22T20:55:08.526+0600][940.615s] GC(35) Pause Young (Normal) (G1 Evacuation Pause)
[2021-09-22T20:55:08.526+0600][940.615s] GC(35) Using 6 workers of 6 for evacuation
[2021-09-22T20:55:08.549+0600][940.639s] GC(35)   Pre Evacuate Collection Set: 0.0ms
[2021-09-22T20:55:08.549+0600][940.639s] GC(35)   Evacuate Collection Set: 16.3ms
[2021-09-22T20:55:08.549+0600][940.639s] GC(35)   Post Evacuate Collection Set: 7.3ms
[2021-09-22T20:55:08.549+0600][940.639s] GC(35)   Other: 0.2ms
[2021-09-22T20:55:08.549+0600][940.639s] GC(35) Eden regions: 341->0(340)
[2021-09-22T20:55:08.549+0600][940.639s] GC(35) Survivor regions: 8->9(44)
[2021-09-22T20:55:08.549+0600][940.639s] GC(35) Old regions: 43->43
[2021-09-22T20:55:08.549+0600][940.639s] GC(35) Humongous regions: 7->7
[2021-09-22T20:55:08.549+0600][940.639s] GC(35) Metaspace: 56566K->56566K(1101824K)
[2021-09-22T20:55:08.549+0600][940.639s] GC(35) Pause Young (Normal) (G1 Evacuation Pause) 396M->57M(582M) 23.870ms
[2021-09-22T20:55:08.549+0600][940.639s] GC(35) User=0.07s Sys=0.00s Real=0.02s
[2021-09-22T20:55:08.836+0600][940.926s] GC(36) Pause Young (Normal) (G1 Evacuation Pause)
[2021-09-22T20:55:08.836+0600][940.926s] GC(36) Using 6 workers of 6 for evacuation
[2021-09-22T20:55:08.885+0600][940.975s] GC(36)   Pre Evacuate Collection Set: 0.0ms
[2021-09-22T20:55:08.885+0600][940.975s] GC(36)   Evacuate Collection Set: 41.7ms
[2021-09-22T20:55:08.885+0600][940.975s] GC(36)   Post Evacuate Collection Set: 7.1ms
[2021-09-22T20:55:08.885+0600][940.975s] GC(36)   Other: 0.2ms
[2021-09-22T20:55:08.885+0600][940.975s] GC(36) Eden regions: 340->0(340)
[2021-09-22T20:55:08.885+0600][940.975s] GC(36) Survivor regions: 9->9(44)
[2021-09-22T20:55:08.885+0600][940.975s] GC(36) Old regions: 43->44
[2021-09-22T20:55:08.885+0600][940.975s] GC(36) Humongous regions: 7->7
[2021-09-22T20:55:08.885+0600][940.975s] GC(36) Metaspace: 56585K->56585K(1101824K)
[2021-09-22T20:55:08.885+0600][940.975s] GC(36) Pause Young (Normal) (G1 Evacuation Pause) 397M->57M(582M) 49.165ms
[2021-09-22T20:55:08.885+0600][940.975s] GC(36) User=0.15s Sys=0.00s Real=0.05s
[2021-09-22T20:55:09.188+0600][941.278s] GC(37) Pause Young (Normal) (G1 Evacuation Pause)
[2021-09-22T20:55:09.188+0600][941.278s] GC(37) Using 6 workers of 6 for evacuation
[2021-09-22T20:55:09.198+0600][941.288s] GC(37)   Pre Evacuate Collection Set: 0.0ms
[2021-09-22T20:55:09.198+0600][941.288s] GC(37)   Evacuate Collection Set: 5.8ms
[2021-09-22T20:55:09.198+0600][941.288s] GC(37)   Post Evacuate Collection Set: 3.8ms
[2021-09-22T20:55:09.198+0600][941.288s] GC(37)   Other: 0.2ms
[2021-09-22T20:55:09.198+0600][941.288s] GC(37) Eden regions: 340->0(340)
[2021-09-22T20:55:09.198+0600][941.288s] GC(37) Survivor regions: 9->9(44)
[2021-09-22T20:55:09.198+0600][941.288s] GC(37) Old regions: 44->44
[2021-09-22T20:55:09.198+0600][941.288s] GC(37) Humongous regions: 7->7
[2021-09-22T20:55:09.198+0600][941.288s] GC(37) Metaspace: 56593K->56593K(1101824K)
[2021-09-22T20:55:09.198+0600][941.288s] GC(37) Pause Young (Normal) (G1 Evacuation Pause) 397M->57M(582M) 9.898ms
[2021-09-22T20:55:09.198+0600][941.288s] GC(37) User=0.03s Sys=0.00s Real=0.01s
[2021-09-22T20:55:09.467+0600][941.557s] GC(38) Pause Young (Normal) (G1 Evacuation Pause)
[2021-09-22T20:55:09.467+0600][941.557s] GC(38) Using 6 workers of 6 for evacuation
[2021-09-22T20:55:09.479+0600][941.569s] GC(38)   Pre Evacuate Collection Set: 0.0ms
[2021-09-22T20:55:09.479+0600][941.569s] GC(38)   Evacuate Collection Set: 10.2ms
[2021-09-22T20:55:09.479+0600][941.569s] GC(38)   Post Evacuate Collection Set: 1.4ms
[2021-09-22T20:55:09.479+0600][941.569s] GC(38)   Other: 0.3ms
[2021-09-22T20:55:09.479+0600][941.569s] GC(38) Eden regions: 340->0(341)
[2021-09-22T20:55:09.479+0600][941.569s] GC(38) Survivor regions: 9->8(44)
[2021-09-22T20:55:09.479+0600][941.569s] GC(38) Old regions: 44->44
[2021-09-22T20:55:09.479+0600][941.569s] GC(38) Humongous regions: 7->7
[2021-09-22T20:55:09.479+0600][941.569s] GC(38) Metaspace: 56596K->56596K(1101824K)
[2021-09-22T20:55:09.479+0600][941.569s] GC(38) Pause Young (Normal) (G1 Evacuation Pause) 397M->57M(582M) 11.910ms
[2021-09-22T20:55:09.479+0600][941.569s] GC(38) User=0.04s Sys=0.00s Real=0.01s
[2021-09-22T20:55:09.688+0600][941.778s] GC(39) Pause Young (Normal) (G1 Evacuation Pause)
[2021-09-22T20:55:09.688+0600][941.778s] GC(39) Using 6 workers of 6 for evacuation
[2021-09-22T20:55:09.695+0600][941.785s] GC(39)   Pre Evacuate Collection Set: 0.0ms
[2021-09-22T20:55:09.695+0600][941.785s] GC(39)   Evacuate Collection Set: 5.3ms
[2021-09-22T20:55:09.695+0600][941.785s] GC(39)   Post Evacuate Collection Set: 1.5ms
[2021-09-22T20:55:09.695+0600][941.785s] GC(39)   Other: 0.2ms
[2021-09-22T20:55:09.696+0600][941.785s] GC(39) Eden regions: 341->0(340)
[2021-09-22T20:55:09.696+0600][941.785s] GC(39) Survivor regions: 8->9(44)
[2021-09-22T20:55:09.696+0600][941.785s] GC(39) Old regions: 44->44
[2021-09-22T20:55:09.696+0600][941.785s] GC(39) Humongous regions: 7->7
[2021-09-22T20:55:09.696+0600][941.785s] GC(39) Metaspace: 56600K->56600K(1101824K)
[2021-09-22T20:55:09.696+0600][941.785s] GC(39) Pause Young (Normal) (G1 Evacuation Pause) 398M->57M(582M) 7.112ms
[2021-09-22T20:55:09.696+0600][941.785s] GC(39) User=0.04s Sys=0.00s Real=0.01s
