[2021-09-13T21:38:09.573+0600][0.025s] Heap region size: 1M
[2021-09-13T21:38:09.584+0600][0.036s] Using G1
[2021-09-13T21:38:09.585+0600][0.037s] Heap address: 0x00000000a0000000, size: 1536 MB, Compressed Oops mode: 32-bit
[2021-09-13T21:38:09.585+0600][0.037s] Mark closed archive regions in map: [0x00000000fff00000, 0x00000000fff6aff8]
[2021-09-13T21:38:09.585+0600][0.037s] Mark open archive regions in map: [0x00000000ffe00000, 0x00000000ffe46ff8]
[2021-09-13T21:38:09.908+0600][0.360s] GC(0) Pause Young (Normal) (G1 Evacuation Pause)
[2021-09-13T21:38:09.908+0600][0.360s] GC(0) Using 6 workers of 6 for evacuation
[2021-09-13T21:38:09.921+0600][0.373s] GC(0)   Pre Evacuate Collection Set: 0.0ms
[2021-09-13T21:38:09.921+0600][0.373s] GC(0)   Evacuate Collection Set: 7.5ms
[2021-09-13T21:38:09.921+0600][0.373s] GC(0)   Post Evacuate Collection Set: 5.1ms
[2021-09-13T21:38:09.921+0600][0.373s] GC(0)   Other: 0.5ms
[2021-09-13T21:38:09.921+0600][0.373s] GC(0) Eden regions: 27->0(304)
[2021-09-13T21:38:09.921+0600][0.373s] GC(0) Survivor regions: 0->3(4)
[2021-09-13T21:38:09.921+0600][0.373s] GC(0) Old regions: 2->2
[2021-09-13T21:38:09.921+0600][0.373s] GC(0) Humongous regions: 0->0
[2021-09-13T21:38:09.921+0600][0.373s] GC(0) Metaspace: 5638K->5638K(1056768K)
[2021-09-13T21:38:09.921+0600][0.373s] GC(0) Pause Young (Normal) (G1 Evacuation Pause) 27M->3M(514M) 13.126ms
[2021-09-13T21:38:09.921+0600][0.373s] GC(0) User=0.06s Sys=0.01s Real=0.01s
[2021-09-13T21:38:10.704+0600][1.156s] GC(1) Pause Young (Concurrent Start) (Metadata GC Threshold)
[2021-09-13T21:38:10.704+0600][1.156s] GC(1) Using 6 workers of 6 for evacuation
[2021-09-13T21:38:10.715+0600][1.167s] GC(1)   Pre Evacuate Collection Set: 0.0ms
[2021-09-13T21:38:10.715+0600][1.167s] GC(1)   Evacuate Collection Set: 10.0ms
[2021-09-13T21:38:10.715+0600][1.167s] GC(1)   Post Evacuate Collection Set: 1.4ms
[2021-09-13T21:38:10.715+0600][1.167s] GC(1)   Other: 0.2ms
[2021-09-13T21:38:10.715+0600][1.167s] GC(1) Eden regions: 107->0(78)
[2021-09-13T21:38:10.715+0600][1.167s] GC(1) Survivor regions: 3->19(39)
[2021-09-13T21:38:10.715+0600][1.167s] GC(1) Old regions: 2->2
[2021-09-13T21:38:10.715+0600][1.167s] GC(1) Humongous regions: 4->4
[2021-09-13T21:38:10.715+0600][1.167s] GC(1) Metaspace: 20464K->20464K(1069056K)
[2021-09-13T21:38:10.715+0600][1.167s] GC(1) Pause Young (Concurrent Start) (Metadata GC Threshold) 114M->23M(514M) 11.559ms
[2021-09-13T21:38:10.715+0600][1.167s] GC(1) User=0.04s Sys=0.00s Real=0.01s
[2021-09-13T21:38:10.715+0600][1.168s] GC(2) Concurrent Cycle
[2021-09-13T21:38:10.715+0600][1.168s] GC(2) Concurrent Clear Claimed Marks
[2021-09-13T21:38:10.716+0600][1.168s] GC(2) Concurrent Clear Claimed Marks 0.034ms
[2021-09-13T21:38:10.716+0600][1.168s] GC(2) Concurrent Scan Root Regions
[2021-09-13T21:38:10.718+0600][1.170s] GC(2) Concurrent Scan Root Regions 2.930ms
[2021-09-13T21:38:10.718+0600][1.171s] GC(2) Concurrent Mark (1.171s)
[2021-09-13T21:38:10.718+0600][1.171s] GC(2) Concurrent Mark From Roots
[2021-09-13T21:38:10.718+0600][1.171s] GC(2) Using 2 workers of 2 for marking
[2021-09-13T21:38:10.722+0600][1.174s] GC(2) Concurrent Mark From Roots 3.800ms
[2021-09-13T21:38:10.722+0600][1.174s] GC(2) Concurrent Preclean
[2021-09-13T21:38:10.722+0600][1.174s] GC(2) Concurrent Preclean 0.059ms
[2021-09-13T21:38:10.722+0600][1.174s] GC(2) Concurrent Mark (1.171s, 1.174s) 3.888ms
[2021-09-13T21:38:10.722+0600][1.174s] GC(2) Pause Remark
[2021-09-13T21:38:10.727+0600][1.179s] GC(2) Cleaned string and symbol table, strings: 8683 processed, 0 removed, symbols: 62065 processed, 35 removed
[2021-09-13T21:38:10.727+0600][1.179s] GC(2) Pause Remark 24M->24M(514M) 4.430ms
[2021-09-13T21:38:10.727+0600][1.179s] GC(2) User=0.02s Sys=0.00s Real=0.01s
[2021-09-13T21:38:10.727+0600][1.179s] GC(2) Concurrent Rebuild Remembered Sets
[2021-09-13T21:38:10.728+0600][1.180s] GC(2) Concurrent Rebuild Remembered Sets 1.391ms
[2021-09-13T21:38:10.728+0600][1.180s] GC(2) Pause Cleanup
[2021-09-13T21:38:10.728+0600][1.181s] GC(2) Pause Cleanup 24M->24M(514M) 0.104ms
[2021-09-13T21:38:10.728+0600][1.181s] GC(2) User=0.00s Sys=0.00s Real=0.00s
[2021-09-13T21:38:10.729+0600][1.181s] GC(2) Concurrent Cleanup for Next Mark
[2021-09-13T21:38:10.729+0600][1.181s] GC(2) Concurrent Cleanup for Next Mark 0.287ms
[2021-09-13T21:38:10.729+0600][1.181s] GC(2) Concurrent Cycle 13.378ms
[2021-09-13T21:38:11.314+0600][1.766s] GC(3) Pause Young (Normal) (G1 Evacuation Pause)
[2021-09-13T21:38:11.314+0600][1.766s] GC(3) Using 6 workers of 6 for evacuation
[2021-09-13T21:38:11.332+0600][1.784s] GC(3)   Pre Evacuate Collection Set: 0.0ms
[2021-09-13T21:38:11.332+0600][1.784s] GC(3)   Evacuate Collection Set: 16.9ms
[2021-09-13T21:38:11.332+0600][1.784s] GC(3)   Post Evacuate Collection Set: 1.0ms
[2021-09-13T21:38:11.332+0600][1.784s] GC(3)   Other: 0.1ms
[2021-09-13T21:38:11.332+0600][1.784s] GC(3) Eden regions: 72->0(133)
[2021-09-13T21:38:11.332+0600][1.784s] GC(3) Survivor regions: 19->5(12)
[2021-09-13T21:38:11.332+0600][1.784s] GC(3) Old regions: 2->21
[2021-09-13T21:38:11.332+0600][1.784s] GC(3) Humongous regions: 4->4
[2021-09-13T21:38:11.332+0600][1.784s] GC(3) Metaspace: 29018K->29018K(1075200K)
[2021-09-13T21:38:11.332+0600][1.784s] GC(3) Pause Young (Normal) (G1 Evacuation Pause) 95M->27M(514M) 18.008ms
[2021-09-13T21:38:11.332+0600][1.784s] GC(3) User=0.06s Sys=0.00s Real=0.02s
[2021-09-13T21:38:11.655+0600][2.108s] GC(4) Pause Young (Concurrent Start) (Metadata GC Threshold)
[2021-09-13T21:38:11.656+0600][2.108s] GC(4) Using 6 workers of 6 for evacuation
[2021-09-13T21:38:11.664+0600][2.116s] GC(4)   Pre Evacuate Collection Set: 0.1ms
[2021-09-13T21:38:11.664+0600][2.116s] GC(4)   Evacuate Collection Set: 5.9ms
[2021-09-13T21:38:11.664+0600][2.116s] GC(4)   Post Evacuate Collection Set: 2.7ms
[2021-09-13T21:38:11.664+0600][2.116s] GC(4)   Other: 0.1ms
[2021-09-13T21:38:11.664+0600][2.116s] GC(4) Eden regions: 65->0(189)
[2021-09-13T21:38:11.664+0600][2.116s] GC(4) Survivor regions: 5->7(18)
[2021-09-13T21:38:11.664+0600][2.116s] GC(4) Old regions: 21->21
[2021-09-13T21:38:11.664+0600][2.116s] GC(4) Humongous regions: 5->4
[2021-09-13T21:38:11.664+0600][2.116s] GC(4) Metaspace: 34784K->34784K(1081344K)
[2021-09-13T21:38:11.664+0600][2.116s] GC(4) Pause Young (Concurrent Start) (Metadata GC Threshold) 93M->30M(514M) 8.782ms
[2021-09-13T21:38:11.664+0600][2.116s] GC(4) User=0.03s Sys=0.00s Real=0.01s
[2021-09-13T21:38:11.664+0600][2.116s] GC(5) Concurrent Cycle
[2021-09-13T21:38:11.664+0600][2.116s] GC(5) Concurrent Clear Claimed Marks
[2021-09-13T21:38:11.664+0600][2.116s] GC(5) Concurrent Clear Claimed Marks 0.032ms
[2021-09-13T21:38:11.664+0600][2.116s] GC(5) Concurrent Scan Root Regions
[2021-09-13T21:38:11.666+0600][2.118s] GC(5) Concurrent Scan Root Regions 1.559ms
[2021-09-13T21:38:11.666+0600][2.118s] GC(5) Concurrent Mark (2.118s)
[2021-09-13T21:38:11.666+0600][2.118s] GC(5) Concurrent Mark From Roots
[2021-09-13T21:38:11.666+0600][2.118s] GC(5) Using 2 workers of 2 for marking
[2021-09-13T21:38:11.678+0600][2.130s] GC(5) Concurrent Mark From Roots 12.068ms
[2021-09-13T21:38:11.678+0600][2.130s] GC(5) Concurrent Preclean
[2021-09-13T21:38:11.678+0600][2.130s] GC(5) Concurrent Preclean 0.092ms
[2021-09-13T21:38:11.678+0600][2.130s] GC(5) Concurrent Mark (2.118s, 2.130s) 12.196ms
[2021-09-13T21:38:11.678+0600][2.130s] GC(5) Pause Remark
[2021-09-13T21:38:11.683+0600][2.135s] GC(5) Cleaned string and symbol table, strings: 15048 processed, 26 removed, symbols: 104684 processed, 116 removed
[2021-09-13T21:38:11.683+0600][2.135s] GC(5) Pause Remark 35M->35M(514M) 5.017ms
[2021-09-13T21:38:11.683+0600][2.135s] GC(5) User=0.02s Sys=0.00s Real=0.00s
[2021-09-13T21:38:11.683+0600][2.135s] GC(5) Concurrent Rebuild Remembered Sets
[2021-09-13T21:38:11.691+0600][2.143s] GC(5) Concurrent Rebuild Remembered Sets 7.412ms
[2021-09-13T21:38:11.691+0600][2.144s] GC(5) Pause Cleanup
[2021-09-13T21:38:11.692+0600][2.144s] GC(5) Pause Cleanup 40M->40M(514M) 0.094ms
[2021-09-13T21:38:11.692+0600][2.144s] GC(5) User=0.00s Sys=0.00s Real=0.00s
[2021-09-13T21:38:11.692+0600][2.144s] GC(5) Concurrent Cleanup for Next Mark
[2021-09-13T21:38:11.697+0600][2.149s] GC(5) Concurrent Cleanup for Next Mark 4.988ms
[2021-09-13T21:38:11.697+0600][2.149s] GC(5) Concurrent Cycle 32.309ms
[2021-09-13T21:38:12.365+0600][2.817s] GC(6) Pause Young (Normal) (G1 Evacuation Pause)
[2021-09-13T21:38:12.365+0600][2.817s] GC(6) Using 6 workers of 6 for evacuation
[2021-09-13T21:38:12.377+0600][2.829s] GC(6)   Pre Evacuate Collection Set: 0.0ms
[2021-09-13T21:38:12.377+0600][2.829s] GC(6)   Evacuate Collection Set: 8.1ms
[2021-09-13T21:38:12.377+0600][2.829s] GC(6)   Post Evacuate Collection Set: 3.1ms
[2021-09-13T21:38:12.377+0600][2.829s] GC(6)   Other: 0.1ms
[2021-09-13T21:38:12.377+0600][2.829s] GC(6) Eden regions: 189->0(225)
[2021-09-13T21:38:12.377+0600][2.829s] GC(6) Survivor regions: 7->13(25)
[2021-09-13T21:38:12.377+0600][2.829s] GC(6) Old regions: 21->21
[2021-09-13T21:38:12.377+0600][2.829s] GC(6) Humongous regions: 4->4
[2021-09-13T21:38:12.377+0600][2.829s] GC(6) Metaspace: 41696K->41696K(1087488K)
[2021-09-13T21:38:12.377+0600][2.829s] GC(6) Pause Young (Normal) (G1 Evacuation Pause) 219M->35M(514M) 11.473ms
[2021-09-13T21:38:12.377+0600][2.829s] GC(6) User=0.06s Sys=0.00s Real=0.01s
[2021-09-13T21:39:19.513+0600][69.965s] GC(7) Pause Young (Normal) (G1 Evacuation Pause)
[2021-09-13T21:39:19.513+0600][69.965s] GC(7) Using 6 workers of 6 for evacuation
[2021-09-13T21:39:19.525+0600][69.977s] GC(7)   Pre Evacuate Collection Set: 0.0ms
[2021-09-13T21:39:19.525+0600][69.977s] GC(7)   Evacuate Collection Set: 10.6ms
[2021-09-13T21:39:19.525+0600][69.977s] GC(7)   Post Evacuate Collection Set: 1.0ms
[2021-09-13T21:39:19.525+0600][69.977s] GC(7)   Other: 0.1ms
[2021-09-13T21:39:19.525+0600][69.977s] GC(7) Eden regions: 225->0(281)
[2021-09-13T21:39:19.525+0600][69.977s] GC(7) Survivor regions: 13->24(30)
[2021-09-13T21:39:19.525+0600][69.977s] GC(7) Old regions: 21->21
[2021-09-13T21:39:19.525+0600][69.977s] GC(7) Humongous regions: 7->7
[2021-09-13T21:39:19.525+0600][69.977s] GC(7) Metaspace: 51635K->51635K(1095680K)
[2021-09-13T21:39:19.525+0600][69.977s] GC(7) Pause Young (Normal) (G1 Evacuation Pause) 263M->49M(514M) 11.852ms
[2021-09-13T21:39:19.525+0600][69.977s] GC(7) User=0.05s Sys=0.01s Real=0.02s
[2021-09-13T21:39:19.919+0600][70.371s] GC(8) Pause Young (Normal) (G1 Evacuation Pause)
[2021-09-13T21:39:19.919+0600][70.371s] GC(8) Using 6 workers of 6 for evacuation
[2021-09-13T21:39:19.939+0600][70.391s] GC(8)   Pre Evacuate Collection Set: 0.0ms
[2021-09-13T21:39:19.939+0600][70.391s] GC(8)   Evacuate Collection Set: 17.5ms
[2021-09-13T21:39:19.939+0600][70.391s] GC(8)   Post Evacuate Collection Set: 2.7ms
[2021-09-13T21:39:19.939+0600][70.391s] GC(8)   Other: 0.2ms
[2021-09-13T21:39:19.939+0600][70.391s] GC(8) Eden regions: 281->0(285)
[2021-09-13T21:39:19.939+0600][70.391s] GC(8) Survivor regions: 24->22(39)
[2021-09-13T21:39:19.939+0600][70.391s] GC(8) Old regions: 21->24
[2021-09-13T21:39:19.939+0600][70.391s] GC(8) Humongous regions: 7->7
[2021-09-13T21:39:19.939+0600][70.391s] GC(8) Metaspace: 52639K->52639K(1097728K)
[2021-09-13T21:39:19.939+0600][70.391s] GC(8) Pause Young (Normal) (G1 Evacuation Pause) 330M->50M(514M) 20.385ms
[2021-09-13T21:39:19.939+0600][70.391s] GC(8) User=0.08s Sys=0.00s Real=0.02s
[2021-09-13T21:39:20.235+0600][70.687s] GC(9) Pause Young (Normal) (G1 Evacuation Pause)
[2021-09-13T21:39:20.235+0600][70.687s] GC(9) Using 6 workers of 6 for evacuation
[2021-09-13T21:39:20.257+0600][70.709s] GC(9)   Pre Evacuate Collection Set: 0.0ms
[2021-09-13T21:39:20.257+0600][70.709s] GC(9)   Evacuate Collection Set: 15.9ms
[2021-09-13T21:39:20.257+0600][70.709s] GC(9)   Post Evacuate Collection Set: 5.6ms
[2021-09-13T21:39:20.257+0600][70.709s] GC(9)   Other: 0.2ms
[2021-09-13T21:39:20.257+0600][70.709s] GC(9) Eden regions: 285->0(290)
[2021-09-13T21:39:20.257+0600][70.709s] GC(9) Survivor regions: 22->17(39)
[2021-09-13T21:39:20.257+0600][70.709s] GC(9) Old regions: 24->27
[2021-09-13T21:39:20.257+0600][70.709s] GC(9) Humongous regions: 7->7
[2021-09-13T21:39:20.257+0600][70.709s] GC(9) Metaspace: 53033K->53033K(1097728K)
[2021-09-13T21:39:20.257+0600][70.709s] GC(9) Pause Young (Normal) (G1 Evacuation Pause) 335M->49M(514M) 21.747ms
[2021-09-13T21:39:20.257+0600][70.709s] GC(9) User=0.08s Sys=0.00s Real=0.03s
[2021-09-13T21:39:20.515+0600][70.967s] GC(10) Pause Young (Normal) (G1 Evacuation Pause)
[2021-09-13T21:39:20.515+0600][70.967s] GC(10) Using 6 workers of 6 for evacuation
[2021-09-13T21:39:20.525+0600][70.977s] GC(10)   Pre Evacuate Collection Set: 0.0ms
[2021-09-13T21:39:20.525+0600][70.977s] GC(10)   Evacuate Collection Set: 7.2ms
[2021-09-13T21:39:20.525+0600][70.977s] GC(10)   Post Evacuate Collection Set: 2.6ms
[2021-09-13T21:39:20.525+0600][70.977s] GC(10)   Other: 0.1ms
[2021-09-13T21:39:20.525+0600][70.977s] GC(10) Eden regions: 290->0(288)
[2021-09-13T21:39:20.525+0600][70.977s] GC(10) Survivor regions: 17->19(39)
[2021-09-13T21:39:20.525+0600][70.977s] GC(10) Old regions: 27->27
[2021-09-13T21:39:20.525+0600][70.977s] GC(10) Humongous regions: 7->7
[2021-09-13T21:39:20.525+0600][70.977s] GC(10) Metaspace: 53280K->53280K(1097728K)
[2021-09-13T21:39:20.525+0600][70.977s] GC(10) Pause Young (Normal) (G1 Evacuation Pause) 339M->51M(514M) 9.997ms
[2021-09-13T21:39:20.525+0600][70.977s] GC(10) User=0.04s Sys=0.00s Real=0.02s
[2021-09-13T21:39:20.734+0600][71.186s] GC(11) Pause Young (Normal) (G1 Evacuation Pause)
[2021-09-13T21:39:20.734+0600][71.186s] GC(11) Using 6 workers of 6 for evacuation
[2021-09-13T21:39:20.757+0600][71.209s] GC(11)   Pre Evacuate Collection Set: 0.0ms
[2021-09-13T21:39:20.757+0600][71.209s] GC(11)   Evacuate Collection Set: 20.4ms
[2021-09-13T21:39:20.757+0600][71.209s] GC(11)   Post Evacuate Collection Set: 2.3ms
[2021-09-13T21:39:20.757+0600][71.209s] GC(11)   Other: 0.2ms
[2021-09-13T21:39:20.757+0600][71.209s] GC(11) Eden regions: 288->0(287)
[2021-09-13T21:39:20.757+0600][71.209s] GC(11) Survivor regions: 19->20(39)
[2021-09-13T21:39:20.757+0600][71.209s] GC(11) Old regions: 27->27
[2021-09-13T21:39:20.757+0600][71.209s] GC(11) Humongous regions: 7->7
[2021-09-13T21:39:20.757+0600][71.209s] GC(11) Metaspace: 53644K->53644K(1097728K)
[2021-09-13T21:39:20.757+0600][71.209s] GC(11) Pause Young (Normal) (G1 Evacuation Pause) 339M->52M(514M) 22.961ms
[2021-09-13T21:39:20.757+0600][71.209s] GC(11) User=0.08s Sys=0.00s Real=0.03s
[2021-09-13T21:39:20.985+0600][71.437s] GC(12) Pause Young (Normal) (G1 Evacuation Pause)
[2021-09-13T21:39:20.985+0600][71.437s] GC(12) Using 6 workers of 6 for evacuation
[2021-09-13T21:39:20.996+0600][71.448s] GC(12)   Pre Evacuate Collection Set: 0.0ms
[2021-09-13T21:39:20.996+0600][71.448s] GC(12)   Evacuate Collection Set: 9.7ms
[2021-09-13T21:39:20.996+0600][71.448s] GC(12)   Post Evacuate Collection Set: 1.0ms
[2021-09-13T21:39:20.996+0600][71.448s] GC(12)   Other: 0.2ms
[2021-09-13T21:39:20.996+0600][71.448s] GC(12) Eden regions: 287->0(288)
[2021-09-13T21:39:20.996+0600][71.448s] GC(12) Survivor regions: 20->19(39)
[2021-09-13T21:39:20.996+0600][71.448s] GC(12) Old regions: 27->27
[2021-09-13T21:39:20.996+0600][71.448s] GC(12) Humongous regions: 7->7
[2021-09-13T21:39:20.996+0600][71.448s] GC(12) Metaspace: 53974K->53974K(1097728K)
[2021-09-13T21:39:20.996+0600][71.448s] GC(12) Pause Young (Normal) (G1 Evacuation Pause) 339M->51M(514M) 10.937ms
[2021-09-13T21:39:20.996+0600][71.448s] GC(12) User=0.05s Sys=0.00s Real=0.00s
[2021-09-13T21:39:21.260+0600][71.712s] GC(13) Pause Young (Normal) (G1 Evacuation Pause)
[2021-09-13T21:39:21.260+0600][71.712s] GC(13) Using 6 workers of 6 for evacuation
[2021-09-13T21:39:21.269+0600][71.721s] GC(13)   Pre Evacuate Collection Set: 0.0ms
[2021-09-13T21:39:21.269+0600][71.721s] GC(13)   Evacuate Collection Set: 6.6ms
[2021-09-13T21:39:21.269+0600][71.721s] GC(13)   Post Evacuate Collection Set: 2.0ms
[2021-09-13T21:39:21.269+0600][71.721s] GC(13)   Other: 0.1ms
[2021-09-13T21:39:21.269+0600][71.721s] GC(13) Eden regions: 288->0(286)
[2021-09-13T21:39:21.269+0600][71.721s] GC(13) Survivor regions: 19->21(39)
[2021-09-13T21:39:21.269+0600][71.721s] GC(13) Old regions: 27->27
[2021-09-13T21:39:21.269+0600][71.721s] GC(13) Humongous regions: 7->7
[2021-09-13T21:39:21.269+0600][71.721s] GC(13) Metaspace: 54457K->54457K(1099776K)
[2021-09-13T21:39:21.269+0600][71.721s] GC(13) Pause Young (Normal) (G1 Evacuation Pause) 339M->52M(514M) 8.867ms
[2021-09-13T21:39:21.269+0600][71.721s] GC(13) User=0.04s Sys=0.00s Real=0.01s
[2021-09-13T21:39:21.456+0600][71.908s] GC(14) Pause Young (Normal) (G1 Evacuation Pause)
[2021-09-13T21:39:21.456+0600][71.908s] GC(14) Using 6 workers of 6 for evacuation
[2021-09-13T21:39:21.464+0600][71.916s] GC(14)   Pre Evacuate Collection Set: 0.0ms
[2021-09-13T21:39:21.464+0600][71.916s] GC(14)   Evacuate Collection Set: 6.9ms
[2021-09-13T21:39:21.464+0600][71.916s] GC(14)   Post Evacuate Collection Set: 1.1ms
[2021-09-13T21:39:21.464+0600][71.916s] GC(14)   Other: 0.2ms
[2021-09-13T21:39:21.464+0600][71.916s] GC(14) Eden regions: 286->0(288)
[2021-09-13T21:39:21.464+0600][71.916s] GC(14) Survivor regions: 21->19(39)
[2021-09-13T21:39:21.464+0600][71.916s] GC(14) Old regions: 27->27
[2021-09-13T21:39:21.464+0600][71.916s] GC(14) Humongous regions: 7->7
[2021-09-13T21:39:21.464+0600][71.916s] GC(14) Metaspace: 55001K->55001K(1099776K)
[2021-09-13T21:39:21.464+0600][71.916s] GC(14) Pause Young (Normal) (G1 Evacuation Pause) 338M->50M(514M) 8.214ms
[2021-09-13T21:39:21.464+0600][71.916s] GC(14) User=0.04s Sys=0.00s Real=0.02s
[2021-09-13T21:39:21.652+0600][72.104s] GC(15) Pause Young (Normal) (G1 Evacuation Pause)
[2021-09-13T21:39:21.652+0600][72.104s] GC(15) Using 6 workers of 6 for evacuation
[2021-09-13T21:39:21.663+0600][72.115s] GC(15)   Pre Evacuate Collection Set: 0.0ms
[2021-09-13T21:39:21.663+0600][72.115s] GC(15)   Evacuate Collection Set: 9.8ms
[2021-09-13T21:39:21.663+0600][72.115s] GC(15)   Post Evacuate Collection Set: 1.2ms
[2021-09-13T21:39:21.663+0600][72.115s] GC(15)   Other: 0.2ms
[2021-09-13T21:39:21.663+0600][72.115s] GC(15) Eden regions: 288->0(286)
[2021-09-13T21:39:21.663+0600][72.115s] GC(15) Survivor regions: 19->21(39)
[2021-09-13T21:39:21.663+0600][72.115s] GC(15) Old regions: 27->27
[2021-09-13T21:39:21.663+0600][72.115s] GC(15) Humongous regions: 7->7
[2021-09-13T21:39:21.663+0600][72.115s] GC(15) Metaspace: 55348K->55348K(1099776K)
[2021-09-13T21:39:21.663+0600][72.115s] GC(15) Pause Young (Normal) (G1 Evacuation Pause) 338M->53M(514M) 11.155ms
[2021-09-13T21:39:21.663+0600][72.115s] GC(15) User=0.05s Sys=0.00s Real=0.01s
[2021-09-13T21:39:21.875+0600][72.327s] GC(16) Pause Young (Normal) (G1 Evacuation Pause)
[2021-09-13T21:39:21.875+0600][72.327s] GC(16) Using 6 workers of 6 for evacuation
[2021-09-13T21:39:21.883+0600][72.335s] GC(16)   Pre Evacuate Collection Set: 0.0ms
[2021-09-13T21:39:21.883+0600][72.335s] GC(16)   Evacuate Collection Set: 6.5ms
[2021-09-13T21:39:21.883+0600][72.335s] GC(16)   Post Evacuate Collection Set: 1.7ms
[2021-09-13T21:39:21.883+0600][72.335s] GC(16)   Other: 0.1ms
[2021-09-13T21:39:21.883+0600][72.335s] GC(16) Eden regions: 286->0(289)
[2021-09-13T21:39:21.883+0600][72.335s] GC(16) Survivor regions: 21->18(39)
[2021-09-13T21:39:21.883+0600][72.335s] GC(16) Old regions: 27->27
[2021-09-13T21:39:21.883+0600][72.335s] GC(16) Humongous regions: 7->7
[2021-09-13T21:39:21.883+0600][72.335s] GC(16) Metaspace: 55616K->55616K(1099776K)
[2021-09-13T21:39:21.883+0600][72.335s] GC(16) Pause Young (Normal) (G1 Evacuation Pause) 339M->50M(514M) 8.354ms
[2021-09-13T21:39:21.883+0600][72.335s] GC(16) User=0.04s Sys=0.00s Real=0.01s
[2021-09-13T21:39:22.077+0600][72.529s] GC(17) Pause Young (Normal) (G1 Evacuation Pause)
[2021-09-13T21:39:22.077+0600][72.529s] GC(17) Using 6 workers of 6 for evacuation
[2021-09-13T21:39:22.105+0600][72.557s] GC(17)   Pre Evacuate Collection Set: 0.0ms
[2021-09-13T21:39:22.105+0600][72.557s] GC(17)   Evacuate Collection Set: 22.9ms
[2021-09-13T21:39:22.105+0600][72.557s] GC(17)   Post Evacuate Collection Set: 5.2ms
[2021-09-13T21:39:22.105+0600][72.557s] GC(17)   Other: 0.2ms
[2021-09-13T21:39:22.105+0600][72.557s] GC(17) Eden regions: 289->0(287)
[2021-09-13T21:39:22.105+0600][72.557s] GC(17) Survivor regions: 18->20(39)
[2021-09-13T21:39:22.105+0600][72.557s] GC(17) Old regions: 27->27
[2021-09-13T21:39:22.105+0600][72.557s] GC(17) Humongous regions: 7->7
[2021-09-13T21:39:22.105+0600][72.557s] GC(17) Metaspace: 55839K->55839K(1099776K)
[2021-09-13T21:39:22.105+0600][72.557s] GC(17) Pause Young (Normal) (G1 Evacuation Pause) 339M->51M(514M) 28.416ms
[2021-09-13T21:39:22.105+0600][72.557s] GC(17) User=0.08s Sys=0.00s Real=0.03s
[2021-09-13T21:39:22.327+0600][72.779s] GC(18) Pause Young (Normal) (G1 Evacuation Pause)
[2021-09-13T21:39:22.327+0600][72.779s] GC(18) Using 6 workers of 6 for evacuation
[2021-09-13T21:39:22.337+0600][72.789s] GC(18)   Pre Evacuate Collection Set: 0.0ms
[2021-09-13T21:39:22.337+0600][72.789s] GC(18)   Evacuate Collection Set: 7.9ms
[2021-09-13T21:39:22.337+0600][72.789s] GC(18)   Post Evacuate Collection Set: 1.3ms
[2021-09-13T21:39:22.337+0600][72.789s] GC(18)   Other: 0.2ms
[2021-09-13T21:39:22.337+0600][72.789s] GC(18) Eden regions: 287->0(287)
[2021-09-13T21:39:22.337+0600][72.789s] GC(18) Survivor regions: 20->20(39)
[2021-09-13T21:39:22.337+0600][72.789s] GC(18) Old regions: 27->27
[2021-09-13T21:39:22.337+0600][72.789s] GC(18) Humongous regions: 7->7
[2021-09-13T21:39:22.337+0600][72.789s] GC(18) Metaspace: 56037K->56037K(1099776K)
[2021-09-13T21:39:22.337+0600][72.789s] GC(18) Pause Young (Normal) (G1 Evacuation Pause) 338M->52M(514M) 9.400ms
[2021-09-13T21:39:22.337+0600][72.789s] GC(18) User=0.05s Sys=0.00s Real=0.01s
[2021-09-13T21:39:22.487+0600][72.939s] GC(19) Pause Young (Normal) (G1 Evacuation Pause)
[2021-09-13T21:39:22.487+0600][72.939s] GC(19) Using 6 workers of 6 for evacuation
[2021-09-13T21:39:22.496+0600][72.948s] GC(19)   Pre Evacuate Collection Set: 0.0ms
[2021-09-13T21:39:22.496+0600][72.948s] GC(19)   Evacuate Collection Set: 7.3ms
[2021-09-13T21:39:22.496+0600][72.948s] GC(19)   Post Evacuate Collection Set: 1.1ms
[2021-09-13T21:39:22.496+0600][72.948s] GC(19)   Other: 0.1ms
[2021-09-13T21:39:22.496+0600][72.948s] GC(19) Eden regions: 287->0(286)
[2021-09-13T21:39:22.496+0600][72.948s] GC(19) Survivor regions: 20->21(39)
[2021-09-13T21:39:22.496+0600][72.948s] GC(19) Old regions: 27->27
[2021-09-13T21:39:22.496+0600][72.948s] GC(19) Humongous regions: 7->7
[2021-09-13T21:39:22.496+0600][72.948s] GC(19) Metaspace: 56076K->56076K(1099776K)
[2021-09-13T21:39:22.496+0600][72.948s] GC(19) Pause Young (Normal) (G1 Evacuation Pause) 339M->52M(514M) 8.569ms
[2021-09-13T21:39:22.496+0600][72.948s] GC(19) User=0.05s Sys=0.00s Real=0.00s
[2021-09-13T21:39:22.642+0600][73.094s] GC(20) Pause Young (Normal) (G1 Evacuation Pause)
[2021-09-13T21:39:22.642+0600][73.094s] GC(20) Using 6 workers of 6 for evacuation
[2021-09-13T21:39:22.649+0600][73.102s] GC(20)   Pre Evacuate Collection Set: 0.0ms
[2021-09-13T21:39:22.649+0600][73.102s] GC(20)   Evacuate Collection Set: 6.5ms
[2021-09-13T21:39:22.649+0600][73.102s] GC(20)   Post Evacuate Collection Set: 1.0ms
[2021-09-13T21:39:22.649+0600][73.102s] GC(20)   Other: 0.1ms
[2021-09-13T21:39:22.649+0600][73.102s] GC(20) Eden regions: 286->0(288)
[2021-09-13T21:39:22.649+0600][73.102s] GC(20) Survivor regions: 21->19(39)
[2021-09-13T21:39:22.649+0600][73.102s] GC(20) Old regions: 27->27
[2021-09-13T21:39:22.649+0600][73.102s] GC(20) Humongous regions: 7->7
[2021-09-13T21:39:22.650+0600][73.102s] GC(20) Metaspace: 56161K->56161K(1099776K)
[2021-09-13T21:39:22.650+0600][73.102s] GC(20) Pause Young (Normal) (G1 Evacuation Pause) 338M->50M(514M) 7.761ms
[2021-09-13T21:39:22.650+0600][73.102s] GC(20) User=0.03s Sys=0.00s Real=0.01s
[2021-09-13T21:39:22.790+0600][73.242s] GC(21) Pause Young (Normal) (G1 Evacuation Pause)
[2021-09-13T21:39:22.790+0600][73.243s] GC(21) Using 6 workers of 6 for evacuation
[2021-09-13T21:39:22.803+0600][73.255s] GC(21)   Pre Evacuate Collection Set: 0.0ms
[2021-09-13T21:39:22.803+0600][73.255s] GC(21)   Evacuate Collection Set: 8.4ms
[2021-09-13T21:39:22.803+0600][73.255s] GC(21)   Post Evacuate Collection Set: 3.8ms
[2021-09-13T21:39:22.803+0600][73.255s] GC(21)   Other: 0.1ms
[2021-09-13T21:39:22.803+0600][73.255s] GC(21) Eden regions: 288->0(293)
[2021-09-13T21:39:22.803+0600][73.255s] GC(21) Survivor regions: 19->14(39)
[2021-09-13T21:39:22.803+0600][73.255s] GC(21) Old regions: 27->33
[2021-09-13T21:39:22.803+0600][73.255s] GC(21) Humongous regions: 7->7
[2021-09-13T21:39:22.803+0600][73.255s] GC(21) Metaspace: 56229K->56229K(1099776K)
[2021-09-13T21:39:22.803+0600][73.255s] GC(21) Pause Young (Normal) (G1 Evacuation Pause) 338M->52M(514M) 12.451ms
[2021-09-13T21:39:22.803+0600][73.255s] GC(21) User=0.06s Sys=0.00s Real=0.01s
[2021-09-13T21:39:22.959+0600][73.411s] GC(22) Pause Young (Normal) (G1 Evacuation Pause)
[2021-09-13T21:39:22.959+0600][73.411s] GC(22) Using 6 workers of 6 for evacuation
[2021-09-13T21:39:22.968+0600][73.420s] GC(22)   Pre Evacuate Collection Set: 0.0ms
[2021-09-13T21:39:22.968+0600][73.420s] GC(22)   Evacuate Collection Set: 7.4ms
[2021-09-13T21:39:22.968+0600][73.420s] GC(22)   Post Evacuate Collection Set: 1.0ms
[2021-09-13T21:39:22.968+0600][73.420s] GC(22)   Other: 0.1ms
[2021-09-13T21:39:22.968+0600][73.420s] GC(22) Eden regions: 293->0(299)
[2021-09-13T21:39:22.968+0600][73.420s] GC(22) Survivor regions: 14->8(39)
[2021-09-13T21:39:22.968+0600][73.420s] GC(22) Old regions: 33->41
[2021-09-13T21:39:22.968+0600][73.420s] GC(22) Humongous regions: 7->7
[2021-09-13T21:39:22.968+0600][73.420s] GC(22) Metaspace: 56341K->56341K(1099776K)
[2021-09-13T21:39:22.968+0600][73.420s] GC(22) Pause Young (Normal) (G1 Evacuation Pause) 345M->53M(514M) 8.687ms
[2021-09-13T21:39:22.968+0600][73.420s] GC(22) User=0.04s Sys=0.00s Real=0.01s
[2021-09-13T21:39:23.105+0600][73.557s] GC(23) Pause Young (Normal) (G1 Evacuation Pause)
[2021-09-13T21:39:23.105+0600][73.557s] GC(23) Using 6 workers of 6 for evacuation
[2021-09-13T21:39:23.109+0600][73.561s] GC(23)   Pre Evacuate Collection Set: 0.0ms
[2021-09-13T21:39:23.109+0600][73.561s] GC(23)   Evacuate Collection Set: 3.3ms
[2021-09-13T21:39:23.109+0600][73.561s] GC(23)   Post Evacuate Collection Set: 1.0ms
[2021-09-13T21:39:23.109+0600][73.561s] GC(23)   Other: 0.1ms
[2021-09-13T21:39:23.109+0600][73.561s] GC(23) Eden regions: 299->0(300)
[2021-09-13T21:39:23.109+0600][73.561s] GC(23) Survivor regions: 8->7(39)
[2021-09-13T21:39:23.109+0600][73.561s] GC(23) Old regions: 41->42
[2021-09-13T21:39:23.109+0600][73.561s] GC(23) Humongous regions: 7->7
[2021-09-13T21:39:23.109+0600][73.561s] GC(23) Metaspace: 56347K->56347K(1099776K)
[2021-09-13T21:39:23.109+0600][73.561s] GC(23) Pause Young (Normal) (G1 Evacuation Pause) 352M->53M(514M) 4.493ms
[2021-09-13T21:39:23.109+0600][73.561s] GC(23) User=0.02s Sys=0.00s Real=0.00s
[2021-09-13T21:39:23.264+0600][73.716s] GC(24) Pause Young (Normal) (G1 Evacuation Pause)
[2021-09-13T21:39:23.264+0600][73.716s] GC(24) Using 6 workers of 6 for evacuation
[2021-09-13T21:39:23.270+0600][73.722s] GC(24)   Pre Evacuate Collection Set: 0.0ms
[2021-09-13T21:39:23.270+0600][73.722s] GC(24)   Evacuate Collection Set: 3.8ms
[2021-09-13T21:39:23.270+0600][73.722s] GC(24)   Post Evacuate Collection Set: 1.9ms
[2021-09-13T21:39:23.270+0600][73.722s] GC(24)   Other: 0.2ms
[2021-09-13T21:39:23.270+0600][73.722s] GC(24) Eden regions: 300->0(300)
[2021-09-13T21:39:23.270+0600][73.722s] GC(24) Survivor regions: 7->7(39)
[2021-09-13T21:39:23.270+0600][73.722s] GC(24) Old regions: 42->42
[2021-09-13T21:39:23.270+0600][73.722s] GC(24) Humongous regions: 7->7
[2021-09-13T21:39:23.270+0600][73.722s] GC(24) Metaspace: 56388K->56388K(1101824K)
[2021-09-13T21:39:23.270+0600][73.722s] GC(24) Pause Young (Normal) (G1 Evacuation Pause) 353M->53M(514M) 5.936ms
[2021-09-13T21:39:23.270+0600][73.722s] GC(24) User=0.02s Sys=0.00s Real=0.01s
[2021-09-13T21:39:23.409+0600][73.861s] GC(25) Pause Young (Normal) (G1 Evacuation Pause)
[2021-09-13T21:39:23.409+0600][73.861s] GC(25) Using 6 workers of 6 for evacuation
[2021-09-13T21:39:23.413+0600][73.865s] GC(25)   Pre Evacuate Collection Set: 0.0ms
[2021-09-13T21:39:23.413+0600][73.865s] GC(25)   Evacuate Collection Set: 3.5ms
[2021-09-13T21:39:23.413+0600][73.865s] GC(25)   Post Evacuate Collection Set: 1.0ms
[2021-09-13T21:39:23.413+0600][73.865s] GC(25)   Other: 0.1ms
[2021-09-13T21:39:23.413+0600][73.865s] GC(25) Eden regions: 300->0(302)
[2021-09-13T21:39:23.413+0600][73.865s] GC(25) Survivor regions: 7->5(39)
[2021-09-13T21:39:23.413+0600][73.865s] GC(25) Old regions: 42->42
[2021-09-13T21:39:23.413+0600][73.865s] GC(25) Humongous regions: 7->7
[2021-09-13T21:39:23.413+0600][73.865s] GC(25) Metaspace: 56419K->56419K(1101824K)
[2021-09-13T21:39:23.413+0600][73.866s] GC(25) Pause Young (Normal) (G1 Evacuation Pause) 353M->52M(514M) 4.648ms
[2021-09-13T21:39:23.413+0600][73.866s] GC(25) User=0.02s Sys=0.00s Real=0.00s
[2021-09-13T21:39:23.561+0600][74.013s] GC(26) Pause Young (Normal) (G1 Evacuation Pause)
[2021-09-13T21:39:23.561+0600][74.013s] GC(26) Using 6 workers of 6 for evacuation
[2021-09-13T21:39:23.566+0600][74.018s] GC(26)   Pre Evacuate Collection Set: 0.0ms
[2021-09-13T21:39:23.566+0600][74.018s] GC(26)   Evacuate Collection Set: 3.8ms
[2021-09-13T21:39:23.566+0600][74.018s] GC(26)   Post Evacuate Collection Set: 1.3ms
[2021-09-13T21:39:23.566+0600][74.018s] GC(26)   Other: 0.2ms
[2021-09-13T21:39:23.566+0600][74.018s] GC(26) Eden regions: 302->0(301)
[2021-09-13T21:39:23.566+0600][74.018s] GC(26) Survivor regions: 5->6(39)
[2021-09-13T21:39:23.566+0600][74.018s] GC(26) Old regions: 42->43
[2021-09-13T21:39:23.566+0600][74.018s] GC(26) Humongous regions: 7->7
[2021-09-13T21:39:23.566+0600][74.018s] GC(26) Metaspace: 56425K->56425K(1101824K)
[2021-09-13T21:39:23.566+0600][74.018s] GC(26) Pause Young (Normal) (G1 Evacuation Pause) 354M->53M(514M) 5.362ms
[2021-09-13T21:39:23.566+0600][74.018s] GC(26) User=0.02s Sys=0.00s Real=0.01s
[2021-09-13T21:39:23.700+0600][74.152s] GC(27) Pause Young (Normal) (G1 Evacuation Pause)
[2021-09-13T21:39:23.700+0600][74.152s] GC(27) Using 6 workers of 6 for evacuation
[2021-09-13T21:39:23.704+0600][74.156s] GC(27)   Pre Evacuate Collection Set: 0.0ms
[2021-09-13T21:39:23.704+0600][74.156s] GC(27)   Evacuate Collection Set: 3.7ms
[2021-09-13T21:39:23.704+0600][74.156s] GC(27)   Post Evacuate Collection Set: 0.9ms
[2021-09-13T21:39:23.704+0600][74.156s] GC(27)   Other: 0.2ms
[2021-09-13T21:39:23.704+0600][74.156s] GC(27) Eden regions: 301->0(302)
[2021-09-13T21:39:23.704+0600][74.156s] GC(27) Survivor regions: 6->5(39)
[2021-09-13T21:39:23.704+0600][74.156s] GC(27) Old regions: 43->43
[2021-09-13T21:39:23.704+0600][74.156s] GC(27) Humongous regions: 7->7
[2021-09-13T21:39:23.704+0600][74.156s] GC(27) Metaspace: 56436K->56436K(1101824K)
[2021-09-13T21:39:23.704+0600][74.156s] GC(27) Pause Young (Normal) (G1 Evacuation Pause) 354M->52M(514M) 4.890ms
[2021-09-13T21:39:23.704+0600][74.157s] GC(27) User=0.03s Sys=0.00s Real=0.01s
[2021-09-13T21:39:23.846+0600][74.298s] GC(28) Pause Young (Normal) (G1 Evacuation Pause)
[2021-09-13T21:39:23.846+0600][74.298s] GC(28) Using 6 workers of 6 for evacuation
[2021-09-13T21:39:23.850+0600][74.302s] GC(28)   Pre Evacuate Collection Set: 0.0ms
[2021-09-13T21:39:23.850+0600][74.302s] GC(28)   Evacuate Collection Set: 3.1ms
[2021-09-13T21:39:23.850+0600][74.302s] GC(28)   Post Evacuate Collection Set: 1.1ms
[2021-09-13T21:39:23.850+0600][74.302s] GC(28)   Other: 0.1ms
[2021-09-13T21:39:23.850+0600][74.302s] GC(28) Eden regions: 302->0(301)
[2021-09-13T21:39:23.850+0600][74.302s] GC(28) Survivor regions: 5->6(39)
[2021-09-13T21:39:23.850+0600][74.302s] GC(28) Old regions: 43->44
[2021-09-13T21:39:23.850+0600][74.302s] GC(28) Humongous regions: 7->7
[2021-09-13T21:39:23.850+0600][74.302s] GC(28) Metaspace: 56451K->56451K(1101824K)
[2021-09-13T21:39:23.850+0600][74.302s] GC(28) Pause Young (Normal) (G1 Evacuation Pause) 354M->54M(514M) 4.397ms
[2021-09-13T21:39:23.850+0600][74.302s] GC(28) User=0.02s Sys=0.00s Real=0.00s
[2021-09-13T21:39:23.985+0600][74.437s] GC(29) Pause Young (Normal) (G1 Evacuation Pause)
[2021-09-13T21:39:23.985+0600][74.437s] GC(29) Using 6 workers of 6 for evacuation
[2021-09-13T21:39:23.989+0600][74.442s] GC(29)   Pre Evacuate Collection Set: 0.0ms
[2021-09-13T21:39:23.989+0600][74.442s] GC(29)   Evacuate Collection Set: 3.1ms
[2021-09-13T21:39:23.989+0600][74.442s] GC(29)   Post Evacuate Collection Set: 1.1ms
[2021-09-13T21:39:23.989+0600][74.442s] GC(29)   Other: 0.2ms
[2021-09-13T21:39:23.989+0600][74.442s] GC(29) Eden regions: 301->0(302)
[2021-09-13T21:39:23.989+0600][74.442s] GC(29) Survivor regions: 6->5(39)
[2021-09-13T21:39:23.990+0600][74.442s] GC(29) Old regions: 44->44
[2021-09-13T21:39:23.990+0600][74.442s] GC(29) Humongous regions: 7->7
[2021-09-13T21:39:23.990+0600][74.442s] GC(29) Metaspace: 56490K->56490K(1101824K)
[2021-09-13T21:39:23.990+0600][74.442s] GC(29) Pause Young (Normal) (G1 Evacuation Pause) 355M->53M(514M) 4.453ms
[2021-09-13T21:39:23.990+0600][74.442s] GC(29) User=0.02s Sys=0.00s Real=0.00s
[2021-09-13T21:39:24.130+0600][74.582s] GC(30) Pause Young (Normal) (G1 Evacuation Pause)
[2021-09-13T21:39:24.130+0600][74.582s] GC(30) Using 6 workers of 6 for evacuation
[2021-09-13T21:39:24.134+0600][74.586s] GC(30)   Pre Evacuate Collection Set: 0.0ms
[2021-09-13T21:39:24.134+0600][74.586s] GC(30)   Evacuate Collection Set: 2.7ms
[2021-09-13T21:39:24.134+0600][74.586s] GC(30)   Post Evacuate Collection Set: 1.0ms
[2021-09-13T21:39:24.134+0600][74.586s] GC(30)   Other: 0.2ms
[2021-09-13T21:39:24.134+0600][74.586s] GC(30) Eden regions: 302->0(301)
[2021-09-13T21:39:24.134+0600][74.586s] GC(30) Survivor regions: 5->6(39)
[2021-09-13T21:39:24.134+0600][74.586s] GC(30) Old regions: 44->44
[2021-09-13T21:39:24.134+0600][74.586s] GC(30) Humongous regions: 7->7
[2021-09-13T21:39:24.134+0600][74.586s] GC(30) Metaspace: 56510K->56510K(1101824K)
[2021-09-13T21:39:24.134+0600][74.586s] GC(30) Pause Young (Normal) (G1 Evacuation Pause) 355M->54M(514M) 3.888ms
[2021-09-13T21:39:24.134+0600][74.586s] GC(30) User=0.01s Sys=0.00s Real=0.00s
[2021-09-13T21:39:24.297+0600][74.749s] GC(31) Pause Young (Normal) (G1 Evacuation Pause)
[2021-09-13T21:39:24.297+0600][74.749s] GC(31) Using 6 workers of 6 for evacuation
[2021-09-13T21:39:24.302+0600][74.754s] GC(31)   Pre Evacuate Collection Set: 0.0ms
[2021-09-13T21:39:24.302+0600][74.754s] GC(31)   Evacuate Collection Set: 3.5ms
[2021-09-13T21:39:24.302+0600][74.754s] GC(31)   Post Evacuate Collection Set: 1.3ms
[2021-09-13T21:39:24.302+0600][74.754s] GC(31)   Other: 0.2ms
[2021-09-13T21:39:24.302+0600][74.754s] GC(31) Eden regions: 301->0(302)
[2021-09-13T21:39:24.302+0600][74.754s] GC(31) Survivor regions: 6->5(39)
[2021-09-13T21:39:24.302+0600][74.754s] GC(31) Old regions: 44->44
[2021-09-13T21:39:24.302+0600][74.754s] GC(31) Humongous regions: 7->7
[2021-09-13T21:39:24.302+0600][74.754s] GC(31) Metaspace: 56520K->56520K(1101824K)
[2021-09-13T21:39:24.302+0600][74.754s] GC(31) Pause Young (Normal) (G1 Evacuation Pause) 355M->53M(514M) 4.964ms
[2021-09-13T21:39:24.302+0600][74.754s] GC(31) User=0.02s Sys=0.00s Real=0.00s
[2021-09-13T21:39:24.475+0600][74.927s] GC(32) Pause Young (Normal) (G1 Evacuation Pause)
[2021-09-13T21:39:24.475+0600][74.927s] GC(32) Using 6 workers of 6 for evacuation
[2021-09-13T21:39:24.490+0600][74.942s] GC(32)   Pre Evacuate Collection Set: 0.0ms
[2021-09-13T21:39:24.490+0600][74.942s] GC(32)   Evacuate Collection Set: 12.8ms
[2021-09-13T21:39:24.490+0600][74.942s] GC(32)   Post Evacuate Collection Set: 2.1ms
[2021-09-13T21:39:24.490+0600][74.942s] GC(32)   Other: 0.2ms
[2021-09-13T21:39:24.490+0600][74.942s] GC(32) Eden regions: 302->0(300)
[2021-09-13T21:39:24.490+0600][74.942s] GC(32) Survivor regions: 5->7(39)
[2021-09-13T21:39:24.490+0600][74.942s] GC(32) Old regions: 44->44
[2021-09-13T21:39:24.490+0600][74.942s] GC(32) Humongous regions: 7->7
[2021-09-13T21:39:24.490+0600][74.942s] GC(32) Metaspace: 56520K->56520K(1101824K)
[2021-09-13T21:39:24.490+0600][74.942s] GC(32) Pause Young (Normal) (G1 Evacuation Pause) 355M->55M(514M) 15.192ms
[2021-09-13T21:39:24.490+0600][74.942s] GC(32) User=0.05s Sys=0.00s Real=0.02s
[2021-09-13T21:39:24.645+0600][75.097s] GC(33) Pause Young (Normal) (G1 Evacuation Pause)
[2021-09-13T21:39:24.645+0600][75.097s] GC(33) Using 6 workers of 6 for evacuation
[2021-09-13T21:39:24.649+0600][75.101s] GC(33)   Pre Evacuate Collection Set: 0.0ms
[2021-09-13T21:39:24.649+0600][75.101s] GC(33)   Evacuate Collection Set: 3.0ms
[2021-09-13T21:39:24.649+0600][75.101s] GC(33)   Post Evacuate Collection Set: 0.9ms
[2021-09-13T21:39:24.649+0600][75.101s] GC(33)   Other: 0.1ms
[2021-09-13T21:39:24.649+0600][75.101s] GC(33) Eden regions: 300->0(300)
[2021-09-13T21:39:24.649+0600][75.101s] GC(33) Survivor regions: 7->7(39)
[2021-09-13T21:39:24.649+0600][75.101s] GC(33) Old regions: 44->44
[2021-09-13T21:39:24.649+0600][75.101s] GC(33) Humongous regions: 7->7
[2021-09-13T21:39:24.649+0600][75.101s] GC(33) Metaspace: 56525K->56525K(1101824K)
[2021-09-13T21:39:24.649+0600][75.101s] GC(33) Pause Young (Normal) (G1 Evacuation Pause) 355M->55M(514M) 4.064ms
[2021-09-13T21:39:24.649+0600][75.101s] GC(33) User=0.01s Sys=0.00s Real=0.00s
[2021-09-13T21:39:24.800+0600][75.252s] GC(34) Pause Young (Normal) (G1 Evacuation Pause)
[2021-09-13T21:39:24.800+0600][75.252s] GC(34) Using 6 workers of 6 for evacuation
[2021-09-13T21:39:24.804+0600][75.256s] GC(34)   Pre Evacuate Collection Set: 0.0ms
[2021-09-13T21:39:24.804+0600][75.256s] GC(34)   Evacuate Collection Set: 3.5ms
[2021-09-13T21:39:24.804+0600][75.256s] GC(34)   Post Evacuate Collection Set: 0.9ms
[2021-09-13T21:39:24.804+0600][75.256s] GC(34)   Other: 0.2ms
[2021-09-13T21:39:24.804+0600][75.256s] GC(34) Eden regions: 300->0(300)
[2021-09-13T21:39:24.804+0600][75.256s] GC(34) Survivor regions: 7->7(39)
[2021-09-13T21:39:24.804+0600][75.256s] GC(34) Old regions: 44->44
[2021-09-13T21:39:24.804+0600][75.256s] GC(34) Humongous regions: 7->7
[2021-09-13T21:39:24.804+0600][75.256s] GC(34) Metaspace: 56525K->56525K(1101824K)
[2021-09-13T21:39:24.804+0600][75.256s] GC(34) Pause Young (Normal) (G1 Evacuation Pause) 355M->56M(514M) 4.738ms
[2021-09-13T21:39:24.804+0600][75.256s] GC(34) User=0.02s Sys=0.00s Real=0.01s
[2021-09-13T21:39:24.953+0600][75.405s] GC(35) Pause Young (Normal) (G1 Evacuation Pause)
[2021-09-13T21:39:24.953+0600][75.405s] GC(35) Using 6 workers of 6 for evacuation
[2021-09-13T21:39:24.958+0600][75.410s] GC(35)   Pre Evacuate Collection Set: 0.0ms
[2021-09-13T21:39:24.958+0600][75.410s] GC(35)   Evacuate Collection Set: 4.0ms
[2021-09-13T21:39:24.958+0600][75.410s] GC(35)   Post Evacuate Collection Set: 1.0ms
[2021-09-13T21:39:24.958+0600][75.410s] GC(35)   Other: 0.2ms
[2021-09-13T21:39:24.958+0600][75.410s] GC(35) Eden regions: 300->0(300)
[2021-09-13T21:39:24.958+0600][75.410s] GC(35) Survivor regions: 7->7(39)
[2021-09-13T21:39:24.958+0600][75.410s] GC(35) Old regions: 44->44
[2021-09-13T21:39:24.958+0600][75.410s] GC(35) Humongous regions: 7->7
[2021-09-13T21:39:24.958+0600][75.410s] GC(35) Metaspace: 56535K->56535K(1101824K)
[2021-09-13T21:39:24.958+0600][75.410s] GC(35) Pause Young (Normal) (G1 Evacuation Pause) 356M->55M(514M) 5.140ms
[2021-09-13T21:39:24.958+0600][75.410s] GC(35) User=0.02s Sys=0.00s Real=0.01s
[2021-09-13T21:39:25.119+0600][75.571s] GC(36) Pause Young (Normal) (G1 Evacuation Pause)
[2021-09-13T21:39:25.119+0600][75.572s] GC(36) Using 6 workers of 6 for evacuation
[2021-09-13T21:39:25.125+0600][75.577s] GC(36)   Pre Evacuate Collection Set: 0.0ms
[2021-09-13T21:39:25.125+0600][75.577s] GC(36)   Evacuate Collection Set: 3.6ms
[2021-09-13T21:39:25.125+0600][75.577s] GC(36)   Post Evacuate Collection Set: 1.5ms
[2021-09-13T21:39:25.125+0600][75.577s] GC(36)   Other: 0.2ms
[2021-09-13T21:39:25.125+0600][75.577s] GC(36) Eden regions: 300->0(299)
[2021-09-13T21:39:25.125+0600][75.577s] GC(36) Survivor regions: 7->8(39)
[2021-09-13T21:39:25.125+0600][75.577s] GC(36) Old regions: 44->44
[2021-09-13T21:39:25.125+0600][75.577s] GC(36) Humongous regions: 7->7
[2021-09-13T21:39:25.125+0600][75.577s] GC(36) Metaspace: 56556K->56556K(1101824K)
[2021-09-13T21:39:25.125+0600][75.577s] GC(36) Pause Young (Normal) (G1 Evacuation Pause) 355M->56M(514M) 5.311ms
[2021-09-13T21:39:25.125+0600][75.577s] GC(36) User=0.02s Sys=0.00s Real=0.01s
[2021-09-13T21:39:25.276+0600][75.728s] GC(37) Pause Young (Normal) (G1 Evacuation Pause)
[2021-09-13T21:39:25.276+0600][75.728s] GC(37) Using 6 workers of 6 for evacuation
[2021-09-13T21:39:25.280+0600][75.732s] GC(37)   Pre Evacuate Collection Set: 0.0ms
[2021-09-13T21:39:25.280+0600][75.732s] GC(37)   Evacuate Collection Set: 3.0ms
[2021-09-13T21:39:25.280+0600][75.732s] GC(37)   Post Evacuate Collection Set: 1.1ms
[2021-09-13T21:39:25.280+0600][75.732s] GC(37)   Other: 0.2ms
[2021-09-13T21:39:25.280+0600][75.732s] GC(37) Eden regions: 299->0(299)
[2021-09-13T21:39:25.280+0600][75.732s] GC(37) Survivor regions: 8->8(39)
[2021-09-13T21:39:25.280+0600][75.732s] GC(37) Old regions: 44->44
[2021-09-13T21:39:25.280+0600][75.732s] GC(37) Humongous regions: 7->7
[2021-09-13T21:39:25.280+0600][75.732s] GC(37) Metaspace: 56557K->56557K(1101824K)
[2021-09-13T21:39:25.280+0600][75.732s] GC(37) Pause Young (Normal) (G1 Evacuation Pause) 355M->56M(514M) 4.347ms
[2021-09-13T21:39:25.280+0600][75.732s] GC(37) User=0.02s Sys=0.00s Real=0.01s
[2021-09-13T21:39:25.410+0600][75.862s] GC(38) Pause Young (Normal) (G1 Evacuation Pause)
[2021-09-13T21:39:25.410+0600][75.862s] GC(38) Using 6 workers of 6 for evacuation
[2021-09-13T21:39:25.414+0600][75.866s] GC(38)   Pre Evacuate Collection Set: 0.0ms
[2021-09-13T21:39:25.414+0600][75.866s] GC(38)   Evacuate Collection Set: 3.3ms
[2021-09-13T21:39:25.414+0600][75.866s] GC(38)   Post Evacuate Collection Set: 1.1ms
[2021-09-13T21:39:25.414+0600][75.866s] GC(38)   Other: 0.2ms
[2021-09-13T21:39:25.414+0600][75.866s] GC(38) Eden regions: 299->0(299)
[2021-09-13T21:39:25.414+0600][75.866s] GC(38) Survivor regions: 8->8(39)
[2021-09-13T21:39:25.414+0600][75.866s] GC(38) Old regions: 44->44
[2021-09-13T21:39:25.414+0600][75.866s] GC(38) Humongous regions: 7->7
[2021-09-13T21:39:25.414+0600][75.866s] GC(38) Metaspace: 56558K->56558K(1101824K)
[2021-09-13T21:39:25.414+0600][75.866s] GC(38) Pause Young (Normal) (G1 Evacuation Pause) 355M->57M(514M) 4.578ms
[2021-09-13T21:39:25.414+0600][75.866s] GC(38) User=0.02s Sys=0.00s Real=0.00s
[2021-09-13T21:39:25.583+0600][76.035s] GC(39) Pause Young (Normal) (G1 Evacuation Pause)
[2021-09-13T21:39:25.583+0600][76.035s] GC(39) Using 6 workers of 6 for evacuation
[2021-09-13T21:39:25.588+0600][76.040s] GC(39)   Pre Evacuate Collection Set: 0.0ms
[2021-09-13T21:39:25.588+0600][76.040s] GC(39)   Evacuate Collection Set: 3.3ms
[2021-09-13T21:39:25.588+0600][76.040s] GC(39)   Post Evacuate Collection Set: 1.6ms
[2021-09-13T21:39:25.588+0600][76.040s] GC(39)   Other: 0.2ms
[2021-09-13T21:39:25.588+0600][76.040s] GC(39) Eden regions: 299->0(300)
[2021-09-13T21:39:25.588+0600][76.040s] GC(39) Survivor regions: 8->7(39)
[2021-09-13T21:39:25.588+0600][76.040s] GC(39) Old regions: 44->44
[2021-09-13T21:39:25.588+0600][76.040s] GC(39) Humongous regions: 7->7
[2021-09-13T21:39:25.588+0600][76.040s] GC(39) Metaspace: 56568K->56568K(1101824K)
[2021-09-13T21:39:25.588+0600][76.040s] GC(39) Pause Young (Normal) (G1 Evacuation Pause) 355M->56M(514M) 5.132ms
[2021-09-13T21:39:25.588+0600][76.040s] GC(39) User=0.02s Sys=0.00s Real=0.01s
[2021-09-13T21:39:25.761+0600][76.213s] GC(40) Pause Young (Normal) (G1 Evacuation Pause)
[2021-09-13T21:39:25.761+0600][76.213s] GC(40) Using 6 workers of 6 for evacuation
[2021-09-13T21:39:25.768+0600][76.220s] GC(40)   Pre Evacuate Collection Set: 0.0ms
[2021-09-13T21:39:25.768+0600][76.220s] GC(40)   Evacuate Collection Set: 5.5ms
[2021-09-13T21:39:25.768+0600][76.220s] GC(40)   Post Evacuate Collection Set: 1.5ms
[2021-09-13T21:39:25.768+0600][76.220s] GC(40)   Other: 0.2ms
[2021-09-13T21:39:25.768+0600][76.220s] GC(40) Eden regions: 300->0(299)
[2021-09-13T21:39:25.768+0600][76.220s] GC(40) Survivor regions: 7->8(39)
[2021-09-13T21:39:25.768+0600][76.220s] GC(40) Old regions: 44->45
[2021-09-13T21:39:25.768+0600][76.220s] GC(40) Humongous regions: 7->7
[2021-09-13T21:39:25.768+0600][76.220s] GC(40) Metaspace: 56568K->56568K(1101824K)
[2021-09-13T21:39:25.768+0600][76.220s] GC(40) Pause Young (Normal) (G1 Evacuation Pause) 356M->57M(514M) 7.360ms
[2021-09-13T21:39:25.768+0600][76.220s] GC(40) User=0.03s Sys=0.00s Real=0.01s
[2021-09-13T21:39:25.936+0600][76.389s] GC(41) Pause Young (Normal) (G1 Evacuation Pause)
[2021-09-13T21:39:25.937+0600][76.389s] GC(41) Using 6 workers of 6 for evacuation
[2021-09-13T21:39:25.948+0600][76.400s] GC(41)   Pre Evacuate Collection Set: 0.0ms
[2021-09-13T21:39:25.948+0600][76.400s] GC(41)   Evacuate Collection Set: 5.8ms
[2021-09-13T21:39:25.948+0600][76.400s] GC(41)   Post Evacuate Collection Set: 5.4ms
[2021-09-13T21:39:25.948+0600][76.400s] GC(41)   Other: 0.2ms
[2021-09-13T21:39:25.948+0600][76.400s] GC(41) Eden regions: 299->0(299)
[2021-09-13T21:39:25.948+0600][76.400s] GC(41) Survivor regions: 8->8(39)
[2021-09-13T21:39:25.948+0600][76.400s] GC(41) Old regions: 45->45
[2021-09-13T21:39:25.948+0600][76.400s] GC(41) Humongous regions: 7->7
[2021-09-13T21:39:25.948+0600][76.400s] GC(41) Metaspace: 56568K->56568K(1101824K)
[2021-09-13T21:39:25.948+0600][76.400s] GC(41) Pause Young (Normal) (G1 Evacuation Pause) 356M->57M(514M) 11.421ms
[2021-09-13T21:39:25.948+0600][76.400s] GC(41) User=0.04s Sys=0.00s Real=0.01s
[2021-09-13T21:39:26.103+0600][76.555s] GC(42) Pause Young (Normal) (G1 Evacuation Pause)
[2021-09-13T21:39:26.103+0600][76.555s] GC(42) Using 6 workers of 6 for evacuation
[2021-09-13T21:39:26.117+0600][76.569s] GC(42)   Pre Evacuate Collection Set: 0.0ms
[2021-09-13T21:39:26.117+0600][76.569s] GC(42)   Evacuate Collection Set: 8.2ms
[2021-09-13T21:39:26.117+0600][76.569s] GC(42)   Post Evacuate Collection Set: 5.3ms
[2021-09-13T21:39:26.117+0600][76.569s] GC(42)   Other: 0.2ms
[2021-09-13T21:39:26.117+0600][76.569s] GC(42) Eden regions: 299->0(300)
[2021-09-13T21:39:26.117+0600][76.569s] GC(42) Survivor regions: 8->7(39)
[2021-09-13T21:39:26.117+0600][76.569s] GC(42) Old regions: 45->45
[2021-09-13T21:39:26.117+0600][76.569s] GC(42) Humongous regions: 7->7
[2021-09-13T21:39:26.117+0600][76.569s] GC(42) Metaspace: 56574K->56574K(1101824K)
[2021-09-13T21:39:26.117+0600][76.569s] GC(42) Pause Young (Normal) (G1 Evacuation Pause) 356M->56M(514M) 13.687ms
[2021-09-13T21:39:26.117+0600][76.569s] GC(42) User=0.06s Sys=0.00s Real=0.02s
[2021-09-13T21:39:26.307+0600][76.759s] GC(43) Pause Young (Normal) (G1 Evacuation Pause)
[2021-09-13T21:39:26.307+0600][76.759s] GC(43) Using 6 workers of 6 for evacuation
[2021-09-13T21:39:26.313+0600][76.765s] GC(43)   Pre Evacuate Collection Set: 0.0ms
[2021-09-13T21:39:26.313+0600][76.765s] GC(43)   Evacuate Collection Set: 5.0ms
[2021-09-13T21:39:26.313+0600][76.765s] GC(43)   Post Evacuate Collection Set: 1.2ms
[2021-09-13T21:39:26.313+0600][76.765s] GC(43)   Other: 0.2ms
[2021-09-13T21:39:26.313+0600][76.765s] GC(43) Eden regions: 300->0(303)
[2021-09-13T21:39:26.313+0600][76.765s] GC(43) Survivor regions: 7->4(39)
[2021-09-13T21:39:26.313+0600][76.765s] GC(43) Old regions: 45->45
[2021-09-13T21:39:26.313+0600][76.765s] GC(43) Humongous regions: 7->7
[2021-09-13T21:39:26.313+0600][76.765s] GC(43) Metaspace: 56587K->56587K(1101824K)
[2021-09-13T21:39:26.313+0600][76.765s] GC(43) Pause Young (Normal) (G1 Evacuation Pause) 356M->54M(514M) 6.413ms
[2021-09-13T21:39:26.313+0600][76.765s] GC(43) User=0.03s Sys=0.00s Real=0.00s
[2021-09-13T21:39:26.447+0600][76.899s] GC(44) Pause Young (Normal) (G1 Evacuation Pause)
[2021-09-13T21:39:26.447+0600][76.899s] GC(44) Using 6 workers of 6 for evacuation
[2021-09-13T21:39:26.453+0600][76.905s] GC(44)   Pre Evacuate Collection Set: 0.0ms
[2021-09-13T21:39:26.453+0600][76.905s] GC(44)   Evacuate Collection Set: 4.0ms
[2021-09-13T21:39:26.453+0600][76.905s] GC(44)   Post Evacuate Collection Set: 1.6ms
[2021-09-13T21:39:26.453+0600][76.905s] GC(44)   Other: 0.2ms
[2021-09-13T21:39:26.453+0600][76.905s] GC(44) Eden regions: 303->0(301)
[2021-09-13T21:39:26.453+0600][76.905s] GC(44) Survivor regions: 4->6(39)
[2021-09-13T21:39:26.453+0600][76.905s] GC(44) Old regions: 45->45
[2021-09-13T21:39:26.453+0600][76.905s] GC(44) Humongous regions: 7->7
[2021-09-13T21:39:26.453+0600][76.905s] GC(44) Metaspace: 56603K->56603K(1101824K)
[2021-09-13T21:39:26.453+0600][76.905s] GC(44) Pause Young (Normal) (G1 Evacuation Pause) 357M->55M(514M) 5.854ms
[2021-09-13T21:39:26.453+0600][76.905s] GC(44) User=0.03s Sys=0.00s Real=0.00s
[2021-09-13T21:39:26.582+0600][77.034s] GC(45) Pause Young (Normal) (G1 Evacuation Pause)
[2021-09-13T21:39:26.582+0600][77.034s] GC(45) Using 6 workers of 6 for evacuation
[2021-09-13T21:39:26.586+0600][77.038s] GC(45)   Pre Evacuate Collection Set: 0.0ms
[2021-09-13T21:39:26.586+0600][77.038s] GC(45)   Evacuate Collection Set: 3.1ms
[2021-09-13T21:39:26.586+0600][77.038s] GC(45)   Post Evacuate Collection Set: 0.9ms
[2021-09-13T21:39:26.586+0600][77.038s] GC(45)   Other: 0.2ms
[2021-09-13T21:39:26.586+0600][77.038s] GC(45) Eden regions: 301->0(300)
[2021-09-13T21:39:26.586+0600][77.038s] GC(45) Survivor regions: 6->7(39)
[2021-09-13T21:39:26.586+0600][77.038s] GC(45) Old regions: 45->45
[2021-09-13T21:39:26.586+0600][77.038s] GC(45) Humongous regions: 7->7
[2021-09-13T21:39:26.586+0600][77.038s] GC(45) Metaspace: 56603K->56603K(1101824K)
[2021-09-13T21:39:26.586+0600][77.038s] GC(45) Pause Young (Normal) (G1 Evacuation Pause) 356M->56M(514M) 4.233ms
[2021-09-13T21:39:26.586+0600][77.038s] GC(45) User=0.02s Sys=0.00s Real=0.01s
[2021-09-13T21:39:26.726+0600][77.178s] GC(46) Pause Young (Normal) (G1 Evacuation Pause)
[2021-09-13T21:39:26.726+0600][77.178s] GC(46) Using 6 workers of 6 for evacuation
[2021-09-13T21:39:26.731+0600][77.183s] GC(46)   Pre Evacuate Collection Set: 0.0ms
[2021-09-13T21:39:26.731+0600][77.183s] GC(46)   Evacuate Collection Set: 3.8ms
[2021-09-13T21:39:26.731+0600][77.183s] GC(46)   Post Evacuate Collection Set: 1.1ms
[2021-09-13T21:39:26.731+0600][77.183s] GC(46)   Other: 0.2ms
[2021-09-13T21:39:26.731+0600][77.183s] GC(46) Eden regions: 300->0(301)
[2021-09-13T21:39:26.731+0600][77.183s] GC(46) Survivor regions: 7->6(39)
[2021-09-13T21:39:26.731+0600][77.183s] GC(46) Old regions: 45->45
[2021-09-13T21:39:26.731+0600][77.183s] GC(46) Humongous regions: 7->7
[2021-09-13T21:39:26.731+0600][77.183s] GC(46) Metaspace: 56603K->56603K(1101824K)
[2021-09-13T21:39:26.731+0600][77.183s] GC(46) Pause Young (Normal) (G1 Evacuation Pause) 356M->55M(514M) 5.203ms
[2021-09-13T21:39:26.731+0600][77.183s] GC(46) User=0.02s Sys=0.00s Real=0.00s
[2021-09-13T22:20:56.808+0600][2567.260s] Heap
[2021-09-13T22:20:56.808+0600][2567.260s]  garbage-first heap   total 526336K, used 311984K [0x00000000a0000000, 0x0000000100000000)
[2021-09-13T22:20:56.808+0600][2567.260s]   region size 1024K, 257 young (263168K), 6 survivors (6144K)
[2021-09-13T22:20:56.808+0600][2567.260s]  Metaspace       used 56815K, capacity 58317K, committed 58576K, reserved 1101824K
[2021-09-13T22:20:56.808+0600][2567.260s]   class space    used 6323K, capacity 6926K, committed 7040K, reserved 1048576K
