[2021-09-21T20:53:00.844+0600][0.005s] Heap region size: 1M
[2021-09-21T20:53:00.876+0600][0.037s] Using G1
[2021-09-21T20:53:00.876+0600][0.037s] Heap address: 0x00000000a0000000, size: 1536 MB, Compressed Oops mode: 32-bit
[2021-09-21T20:53:00.876+0600][0.037s] Mark closed archive regions in map: [0x00000000fff00000, 0x00000000fff6aff8]
[2021-09-21T20:53:00.876+0600][0.037s] Mark open archive regions in map: [0x00000000ffe00000, 0x00000000ffe46ff8]
[2021-09-21T20:53:03.345+0600][2.506s] GC(0) Pause Young (Normal) (G1 Evacuation Pause)
[2021-09-21T20:53:03.348+0600][2.509s] GC(0) Using 6 workers of 6 for evacuation
[2021-09-21T20:53:03.467+0600][2.628s] GC(0)   Pre Evacuate Collection Set: 0.0ms
[2021-09-21T20:53:03.467+0600][2.629s] GC(0)   Evacuate Collection Set: 115.4ms
[2021-09-21T20:53:03.467+0600][2.629s] GC(0)   Post Evacuate Collection Set: 4.2ms
[2021-09-21T20:53:03.467+0600][2.629s] GC(0)   Other: 2.8ms
[2021-09-21T20:53:03.467+0600][2.629s] GC(0) Eden regions: 27->0(304)
[2021-09-21T20:53:03.467+0600][2.629s] GC(0) Survivor regions: 0->3(4)
[2021-09-21T20:53:03.467+0600][2.629s] GC(0) Old regions: 2->2
[2021-09-21T20:53:03.467+0600][2.629s] GC(0) Humongous regions: 0->0
[2021-09-21T20:53:03.467+0600][2.629s] GC(0) Metaspace: 5655K->5655K(1056768K)
[2021-09-21T20:53:03.467+0600][2.629s] GC(0) Pause Young (Normal) (G1 Evacuation Pause) 27M->3M(514M) 122.426ms
[2021-09-21T20:53:03.467+0600][2.629s] GC(0) User=0.04s Sys=0.00s Real=0.12s
[2021-09-21T20:53:06.391+0600][5.553s] GC(1) Pause Young (Concurrent Start) (Metadata GC Threshold)
[2021-09-21T20:53:06.391+0600][5.553s] GC(1) Using 6 workers of 6 for evacuation
[2021-09-21T20:53:06.411+0600][5.572s] GC(1)   Pre Evacuate Collection Set: 0.0ms
[2021-09-21T20:53:06.411+0600][5.572s] GC(1)   Evacuate Collection Set: 17.3ms
[2021-09-21T20:53:06.411+0600][5.572s] GC(1)   Post Evacuate Collection Set: 1.8ms
[2021-09-21T20:53:06.411+0600][5.572s] GC(1)   Other: 0.2ms
[2021-09-21T20:53:06.411+0600][5.572s] GC(1) Eden regions: 110->0(75)
[2021-09-21T20:53:06.411+0600][5.572s] GC(1) Survivor regions: 3->19(39)
[2021-09-21T20:53:06.411+0600][5.572s] GC(1) Old regions: 2->2
[2021-09-21T20:53:06.411+0600][5.572s] GC(1) Humongous regions: 4->4
[2021-09-21T20:53:06.411+0600][5.572s] GC(1) Metaspace: 20528K->20528K(1069056K)
[2021-09-21T20:53:06.411+0600][5.572s] GC(1) Pause Young (Concurrent Start) (Metadata GC Threshold) 117M->23M(514M) 19.402ms
[2021-09-21T20:53:06.411+0600][5.572s] GC(1) User=0.06s Sys=0.01s Real=0.02s
[2021-09-21T20:53:06.411+0600][5.572s] GC(2) Concurrent Cycle
[2021-09-21T20:53:06.411+0600][5.572s] GC(2) Concurrent Clear Claimed Marks
[2021-09-21T20:53:06.411+0600][5.572s] GC(2) Concurrent Clear Claimed Marks 0.039ms
[2021-09-21T20:53:06.411+0600][5.572s] GC(2) Concurrent Scan Root Regions
[2021-09-21T20:53:06.414+0600][5.575s] GC(2) Concurrent Scan Root Regions 3.208ms
[2021-09-21T20:53:06.414+0600][5.575s] GC(2) Concurrent Mark (5.575s)
[2021-09-21T20:53:06.414+0600][5.575s] GC(2) Concurrent Mark From Roots
[2021-09-21T20:53:06.414+0600][5.575s] GC(2) Using 2 workers of 2 for marking
[2021-09-21T20:53:06.420+0600][5.581s] GC(2) Concurrent Mark From Roots 6.227ms
[2021-09-21T20:53:06.420+0600][5.582s] GC(2) Concurrent Preclean
[2021-09-21T20:53:06.420+0600][5.582s] GC(2) Concurrent Preclean 0.060ms
[2021-09-21T20:53:06.420+0600][5.582s] GC(2) Concurrent Mark (5.575s, 5.582s) 6.326ms
[2021-09-21T20:53:06.421+0600][5.582s] GC(2) Pause Remark
[2021-09-21T20:53:06.426+0600][5.587s] GC(2) Cleaned string and symbol table, strings: 8694 processed, 0 removed, symbols: 62095 processed, 35 removed
[2021-09-21T20:53:06.426+0600][5.588s] GC(2) Pause Remark 24M->24M(514M) 5.807ms
[2021-09-21T20:53:06.427+0600][5.588s] GC(2) User=0.02s Sys=0.01s Real=0.00s
[2021-09-21T20:53:06.427+0600][5.588s] GC(2) Concurrent Rebuild Remembered Sets
[2021-09-21T20:53:06.428+0600][5.589s] GC(2) Concurrent Rebuild Remembered Sets 1.472ms
[2021-09-21T20:53:06.428+0600][5.589s] GC(2) Pause Cleanup
[2021-09-21T20:53:06.428+0600][5.589s] GC(2) Pause Cleanup 25M->25M(514M) 0.090ms
[2021-09-21T20:53:06.428+0600][5.589s] GC(2) User=0.00s Sys=0.00s Real=0.00s
[2021-09-21T20:53:06.428+0600][5.589s] GC(2) Concurrent Cleanup for Next Mark
[2021-09-21T20:53:06.429+0600][5.590s] GC(2) Concurrent Cleanup for Next Mark 0.282ms
[2021-09-21T20:53:06.429+0600][5.590s] GC(2) Concurrent Cycle 17.838ms
[2021-09-21T20:53:06.917+0600][6.078s] GC(3) Pause Young (Normal) (G1 Evacuation Pause)
[2021-09-21T20:53:06.917+0600][6.078s] GC(3) Using 6 workers of 6 for evacuation
[2021-09-21T20:53:06.940+0600][6.101s] GC(3)   Pre Evacuate Collection Set: 0.0ms
[2021-09-21T20:53:06.940+0600][6.101s] GC(3)   Evacuate Collection Set: 17.9ms
[2021-09-21T20:53:06.940+0600][6.101s] GC(3)   Post Evacuate Collection Set: 4.7ms
[2021-09-21T20:53:06.940+0600][6.101s] GC(3)   Other: 0.1ms
[2021-09-21T20:53:06.940+0600][6.101s] GC(3) Eden regions: 51->0(109)
[2021-09-21T20:53:06.940+0600][6.101s] GC(3) Survivor regions: 19->4(9)
[2021-09-21T20:53:06.940+0600][6.101s] GC(3) Old regions: 2->21
[2021-09-21T20:53:06.940+0600][6.101s] GC(3) Humongous regions: 4->4
[2021-09-21T20:53:06.940+0600][6.101s] GC(3) Metaspace: 27475K->27475K(1075200K)
[2021-09-21T20:53:06.940+0600][6.101s] GC(3) Pause Young (Normal) (G1 Evacuation Pause) 74M->26M(514M) 22.823ms
[2021-09-21T20:53:06.940+0600][6.101s] GC(3) User=0.10s Sys=0.00s Real=0.03s
[2021-09-21T20:53:07.411+0600][6.572s] GC(4) Pause Young (Concurrent Start) (Metadata GC Threshold)
[2021-09-21T20:53:07.411+0600][6.572s] GC(4) Using 6 workers of 6 for evacuation
[2021-09-21T20:53:07.416+0600][6.577s] GC(4)   Pre Evacuate Collection Set: 0.1ms
[2021-09-21T20:53:07.416+0600][6.577s] GC(4)   Evacuate Collection Set: 4.0ms
[2021-09-21T20:53:07.416+0600][6.577s] GC(4)   Post Evacuate Collection Set: 0.9ms
[2021-09-21T20:53:07.416+0600][6.577s] GC(4)   Other: 0.1ms
[2021-09-21T20:53:07.416+0600][6.577s] GC(4) Eden regions: 78->0(136)
[2021-09-21T20:53:07.416+0600][6.577s] GC(4) Survivor regions: 4->7(15)
[2021-09-21T20:53:07.416+0600][6.577s] GC(4) Old regions: 21->21
[2021-09-21T20:53:07.416+0600][6.577s] GC(4) Humongous regions: 5->4
[2021-09-21T20:53:07.416+0600][6.577s] GC(4) Metaspace: 34759K->34759K(1081344K)
[2021-09-21T20:53:07.416+0600][6.577s] GC(4) Pause Young (Concurrent Start) (Metadata GC Threshold) 105M->29M(514M) 5.193ms
[2021-09-21T20:53:07.416+0600][6.577s] GC(4) User=0.02s Sys=0.00s Real=0.00s
[2021-09-21T20:53:07.416+0600][6.577s] GC(5) Concurrent Cycle
[2021-09-21T20:53:07.416+0600][6.577s] GC(5) Concurrent Clear Claimed Marks
[2021-09-21T20:53:07.416+0600][6.577s] GC(5) Concurrent Clear Claimed Marks 0.018ms
[2021-09-21T20:53:07.416+0600][6.577s] GC(5) Concurrent Scan Root Regions
[2021-09-21T20:53:07.418+0600][6.579s] GC(5) Concurrent Scan Root Regions 1.510ms
[2021-09-21T20:53:07.418+0600][6.579s] GC(5) Concurrent Mark (6.579s)
[2021-09-21T20:53:07.418+0600][6.579s] GC(5) Concurrent Mark From Roots
[2021-09-21T20:53:07.418+0600][6.579s] GC(5) Using 2 workers of 2 for marking
[2021-09-21T20:53:07.429+0600][6.590s] GC(5) Concurrent Mark From Roots 11.287ms
[2021-09-21T20:53:07.429+0600][6.590s] GC(5) Concurrent Preclean
[2021-09-21T20:53:07.429+0600][6.590s] GC(5) Concurrent Preclean 0.099ms
[2021-09-21T20:53:07.429+0600][6.590s] GC(5) Concurrent Mark (6.579s, 6.590s) 11.427ms
[2021-09-21T20:53:07.429+0600][6.590s] GC(5) Pause Remark
[2021-09-21T20:53:07.433+0600][6.594s] GC(5) Cleaned string and symbol table, strings: 15021 processed, 26 removed, symbols: 104435 processed, 115 removed
[2021-09-21T20:53:07.433+0600][6.594s] GC(5) Pause Remark 34M->34M(514M) 3.700ms
[2021-09-21T20:53:07.433+0600][6.594s] GC(5) User=0.02s Sys=0.00s Real=0.00s
[2021-09-21T20:53:07.433+0600][6.594s] GC(5) Concurrent Rebuild Remembered Sets
[2021-09-21T20:53:07.439+0600][6.600s] GC(5) Concurrent Rebuild Remembered Sets 5.913ms
[2021-09-21T20:53:07.441+0600][6.603s] GC(5) Pause Cleanup
[2021-09-21T20:53:07.441+0600][6.603s] GC(5) Pause Cleanup 36M->36M(514M) 0.112ms
[2021-09-21T20:53:07.441+0600][6.603s] GC(5) User=0.00s Sys=0.00s Real=0.00s
[2021-09-21T20:53:07.442+0600][6.603s] GC(5) Concurrent Cleanup for Next Mark
[2021-09-21T20:53:07.442+0600][6.603s] GC(5) Concurrent Cleanup for Next Mark 0.468ms
[2021-09-21T20:53:07.442+0600][6.603s] GC(5) Concurrent Cycle 25.841ms
[2021-09-21T20:53:07.889+0600][7.050s] GC(6) Pause Young (Normal) (G1 Evacuation Pause)
[2021-09-21T20:53:07.889+0600][7.050s] GC(6) Using 6 workers of 6 for evacuation
[2021-09-21T20:53:07.906+0600][7.067s] GC(6)   Pre Evacuate Collection Set: 0.0ms
[2021-09-21T20:53:07.906+0600][7.067s] GC(6)   Evacuate Collection Set: 16.4ms
[2021-09-21T20:53:07.906+0600][7.067s] GC(6)   Post Evacuate Collection Set: 0.4ms
[2021-09-21T20:53:07.906+0600][7.067s] GC(6)   Other: 0.1ms
[2021-09-21T20:53:07.906+0600][7.067s] GC(6) Eden regions: 136->0(168)
[2021-09-21T20:53:07.906+0600][7.067s] GC(6) Survivor regions: 7->10(18)
[2021-09-21T20:53:07.906+0600][7.067s] GC(6) Old regions: 21->21
[2021-09-21T20:53:07.906+0600][7.067s] GC(6) Humongous regions: 4->4
[2021-09-21T20:53:07.906+0600][7.067s] GC(6) Metaspace: 39965K->39965K(1085440K)
[2021-09-21T20:53:07.906+0600][7.067s] GC(6) Pause Young (Normal) (G1 Evacuation Pause) 165M->32M(514M) 16.981ms
[2021-09-21T20:53:07.906+0600][7.067s] GC(6) User=0.07s Sys=0.00s Real=0.02s
[2021-09-21T21:03:11.184+0600][610.345s] GC(7) Pause Young (Normal) (G1 Evacuation Pause)
[2021-09-21T21:03:11.184+0600][610.346s] GC(7) Using 6 workers of 6 for evacuation
[2021-09-21T21:03:11.199+0600][610.360s] GC(7)   Pre Evacuate Collection Set: 0.0ms
[2021-09-21T21:03:11.199+0600][610.361s] GC(7)   Evacuate Collection Set: 13.7ms
[2021-09-21T21:03:11.199+0600][610.361s] GC(7)   Post Evacuate Collection Set: 1.1ms
[2021-09-21T21:03:11.199+0600][610.361s] GC(7)   Other: 0.1ms
[2021-09-21T21:03:11.199+0600][610.361s] GC(7) Eden regions: 168->0(239)
[2021-09-21T21:03:11.199+0600][610.361s] GC(7) Survivor regions: 10->19(23)
[2021-09-21T21:03:11.199+0600][610.361s] GC(7) Old regions: 21->21
[2021-09-21T21:03:11.199+0600][610.361s] GC(7) Humongous regions: 4->4
[2021-09-21T21:03:11.199+0600][610.361s] GC(7) Metaspace: 47245K->47245K(1091584K)
[2021-09-21T21:03:11.199+0600][610.361s] GC(7) Pause Young (Normal) (G1 Evacuation Pause) 200M->41M(514M) 15.070ms
[2021-09-21T21:03:11.199+0600][610.361s] GC(7) User=0.03s Sys=0.02s Real=0.02s
